 test_sfun

 Timestamp is 52dd6333 (Mon Jan 20 18:56:03 2014)

 Preferred load address is 0000000180000000

 Start         Length     Name                   Class
 0001:00000000 0006faeeH .text                   CODE
 0001:0006faf0 0000007bH .text$x                 CODE
 0002:00000000 000004a0H .idata$5                DATA
 0002:000004a0 00000008H .CRT$XCA                DATA
 0002:000004a8 00000008H .CRT$XCZ                DATA
 0002:000004b0 00000008H .CRT$XIA                DATA
 0002:000004b8 00000008H .CRT$XIAA               DATA
 0002:000004c0 00000008H .CRT$XIC                DATA
 0002:000004c8 00000008H .CRT$XIZ                DATA
 0002:000004d0 00004c80H .rdata                  DATA
 0002:00005150 00000008H .rtc$IAA                DATA
 0002:00005158 00000008H .rtc$IZZ                DATA
 0002:00005160 00000008H .rtc$TAA                DATA
 0002:00005168 00000008H .rtc$TZZ                DATA
 0002:00005170 000049dcH .xdata                  DATA
 0002:00009b4c 000000a0H .idata$2                DATA
 0002:00009bec 00000014H .idata$3                DATA
 0002:00009c00 000004a0H .idata$4                DATA
 0002:0000a0a0 00000af6H .idata$6                DATA
 0002:0000aba0 0000004fH .edata                  DATA
 0003:00000000 00011eb8H .data                   DATA
 0003:00011ec0 00002558H .bss                    DATA
 0004:00000000 00003a98H .pdata                  DATA

  Address         Publics by Value              Rva+Base               Lib:Object

 0000:00000000       ___safe_se_handler_count   0000000000000000     <absolute>
 0000:00000000       ___safe_se_handler_table   0000000000000000     <absolute>
 0000:00000000       __ImageBase                0000000180000000     <linker-defined>
 0001:00000000       sf_c1_test_get_eml_resolved_functions_info 0000000180001000 f   c1_test.obj
 0001:00000440       sf_c1_test_get_check_sum   0000000180001440 f   c1_test.obj
 0001:00000510       c1_test_method_dispatcher  0000000180001510 f   c1_test.obj
 0001:0000c350       sf_c1_test_get_autoinheritance_info 000000018000d350 f   c1_test.obj
 0001:0000cb60       sf_c1_test_third_party_uses_info 000000018000db60 f   c1_test.obj
 0001:0000d980       sf_internal_get_sim_state_c1_test 000000018000e980 f   c1_test.obj
 0001:0000dad0       sf_internal_set_sim_state_c1_test 000000018000ead0 f   c1_test.obj
 0001:0000e630       sf_c2_test_get_eml_resolved_functions_info 000000018000f630 f   c2_test.obj
 0001:0000ea80       sf_c2_test_get_check_sum   000000018000fa80 f   c2_test.obj
 0001:0000eb50       c2_test_method_dispatcher  000000018000fb50 f   c2_test.obj
 0001:0001fea0       sf_c2_test_get_autoinheritance_info 0000000180020ea0 f   c2_test.obj
 0001:00020d50       sf_c2_test_third_party_uses_info 0000000180021d50 f   c2_test.obj
 0001:00022480       sf_internal_get_sim_state_c2_test 0000000180023480 f   c2_test.obj
 0001:000225d0       sf_internal_set_sim_state_c2_test 00000001800235d0 f   c2_test.obj
 0001:00023260       sf_c3_test_get_eml_resolved_functions_info 0000000180024260 f   c3_test.obj
 0001:00023690       sf_c3_test_get_check_sum   0000000180024690 f   c3_test.obj
 0001:00023760       c3_test_method_dispatcher  0000000180024760 f   c3_test.obj
 0001:000287f0       sf_c3_test_get_autoinheritance_info 00000001800297f0 f   c3_test.obj
 0001:00028d50       sf_c3_test_third_party_uses_info 0000000180029d50 f   c3_test.obj
 0001:00029b00       sf_internal_get_sim_state_c3_test 000000018002ab00 f   c3_test.obj
 0001:00029c50       sf_internal_set_sim_state_c3_test 000000018002ac50 f   c3_test.obj
 0001:0002a730       sf_c4_test_get_eml_resolved_functions_info 000000018002b730 f   c4_test.obj
 0001:0002ab60       sf_c4_test_get_check_sum   000000018002bb60 f   c4_test.obj
 0001:0002ac30       c4_test_method_dispatcher  000000018002bc30 f   c4_test.obj
 0001:0002efa0       sf_c4_test_get_autoinheritance_info 000000018002ffa0 f   c4_test.obj
 0001:0002fe50       sf_c4_test_third_party_uses_info 0000000180030e50 f   c4_test.obj
 0001:00031460       sf_internal_get_sim_state_c4_test 0000000180032460 f   c4_test.obj
 0001:000315b0       sf_internal_set_sim_state_c4_test 00000001800325b0 f   c4_test.obj
 0001:00032200       sf_c5_test_get_eml_resolved_functions_info 0000000180033200 f   c5_test.obj
 0001:00032630       sf_c5_test_get_check_sum   0000000180033630 f   c5_test.obj
 0001:00032700       c5_test_method_dispatcher  0000000180033700 f   c5_test.obj
 0001:0003a310       sf_c5_test_get_autoinheritance_info 000000018003b310 f   c5_test.obj
 0001:0003adc0       sf_c5_test_third_party_uses_info 000000018003bdc0 f   c5_test.obj
 0001:0003c1a0       sf_internal_get_sim_state_c5_test 000000018003d1a0 f   c5_test.obj
 0001:0003c2f0       sf_internal_set_sim_state_c5_test 000000018003d2f0 f   c5_test.obj
 0001:0003cdd0       mexFunction                000000018003ddd0 f   test_sfun_registry.obj
 0001:0003df70       _ssSetInputPortDirectFeedThroughFcn 000000018003ef70 f   test_sfun_registry.obj
 0001:0003e0d0       _ssGetInputPortSignalPtrsFcn 000000018003f0d0 f   test_sfun_registry.obj
 0001:0003e2f0       _ssGetInputPortSignalFcn   000000018003f2f0 f   test_sfun_registry.obj
 0001:0003e510       _ssSetInputPortReusableFcn 000000018003f510 f   test_sfun_registry.obj
 0001:0003e5f0       _ssSetOutputPortReusableFcn 000000018003f5f0 f   test_sfun_registry.obj
 0001:0003e6d0       ssGetIsZeroCrossControlDisabled 000000018003f6d0 f   test_sfun_registry.obj
 0001:0003e740       ssSetIsInputPortUsedForContZcSignal 000000018003f740 f   test_sfun_registry.obj
 0001:0003e7b0       ssSetZcSignalIsZcElementDisc 000000018003f7b0 f   test_sfun_registry.obj
 0001:0003e860       ssSetZcSignalName          000000018003f860 f   test_sfun_registry.obj
 0001:0003e8d0       ssSetZcSignalWidth         000000018003f8d0 f   test_sfun_registry.obj
 0001:0003e940       ssSetZcSignalZcEventType   000000018003f940 f   test_sfun_registry.obj
 0001:0003e9b0       ssSetZcSignalType          000000018003f9b0 f   test_sfun_registry.obj
 0001:0003ea20       ssSetZcSignalZcTol         000000018003fa20 f   test_sfun_registry.obj
 0001:0003ea90       ssSetZcSignalNeedsEventNotification 000000018003fa90 f   test_sfun_registry.obj
 0001:0003eb00       ssCreateAndAddZcSignalInfo 000000018003fb00 f   test_sfun_registry.obj
 0001:0003eb70       ssCloneAndAddZcSignalInfo  000000018003fb70 f   test_sfun_registry.obj
 0001:0003ebe0       ssGetNumZcSignals          000000018003fbe0 f   test_sfun_registry.obj
 0001:0003ec50       ssGetZcSignalVector        000000018003fc50 f   test_sfun_registry.obj
 0001:0003ecc0       ssGetZcSignalName          000000018003fcc0 f   test_sfun_registry.obj
 0001:0003ed30       ssGetZcSignalWidth         000000018003fd30 f   test_sfun_registry.obj
 0001:0003eda0       ssGetZcSignalZcEventType   000000018003fda0 f   test_sfun_registry.obj
 0001:0003ee10       ssGetZcSignalZcEvents      000000018003fe10 f   test_sfun_registry.obj
 0001:0003ee80       ssGetZcSignalType          000000018003fe80 f   test_sfun_registry.obj
 0001:0003eef0       ssGetZcSignalZcTol         000000018003fef0 f   test_sfun_registry.obj
 0001:0003ef70       ssGetZcSignalNeedsEventNotification 000000018003ff70 f   test_sfun_registry.obj
 0001:0003efe0       ssGetZcSignalIsZcElementDisc 000000018003ffe0 f   test_sfun_registry.obj
 0001:0003f080       ssGetIsInputPortElementContinuous 0000000180040080 f   test_sfun_registry.obj
 0001:0003f120       ssGetDTypeIdFromMxArray    0000000180040120 f   test_sfun_registry.obj
 0001:0003f240       ssWriteRTWStr              0000000180040240 f   test_sfun_registry.obj
 0001:0003f2a0       ssWriteRTWNameValuePair    00000001800402a0 f   test_sfun_registry.obj
 0001:0003f7a0       ssWriteRTWParamSettings    00000001800407a0 f   test_sfun_registry.obj
 0001:0003fe90       ssWriteRTWParameters       0000000180040e90 f   test_sfun_registry.obj
 0001:00040460       ssWriteRTWWorkVect         0000000180041460 f   test_sfun_registry.obj
 0001:00040950       ssWriteRTWMxVectParam      0000000180041950 f   test_sfun_registry.obj
 0001:000409d0       ssWriteRTWMx2dMatParam     00000001800419d0 f   test_sfun_registry.obj
 0001:00040a60       _ssSetInputPortMatrixDimensions 0000000180041a60 f   test_sfun_registry.obj
 0001:00040b60       _ssSetOutputPortMatrixDimensions 0000000180041b60 f   test_sfun_registry.obj
 0001:00040c60       _ssSetInputPortVectorDimension 0000000180041c60 f   test_sfun_registry.obj
 0001:00040d10       _ssSetOutputPortVectorDimension 0000000180041d10 f   test_sfun_registry.obj
 0001:00040dc0       ssIsRunTimeParamTunable    0000000180041dc0 f   test_sfun_registry.obj
 0001:00040e30       ssGetSFuncBlockHandle      0000000180041e30 f   test_sfun_registry.obj
 0001:00040ea0       _ssGetCurrentInputPortWidth 0000000180041ea0 f   test_sfun_registry.obj
 0001:00040fc0       _ssGetCurrentOutputPortWidth 0000000180041fc0 f   test_sfun_registry.obj
 0001:000410e0       _ssGetCallSystemNumFcnCallDestinations 00000001800420e0 f   test_sfun_registry.obj
 0001:00041150       ssWarning                  0000000180042150 f   test_sfun_registry.obj
 0001:00041240       _ssGetAbsTol               0000000180042240 f   test_sfun_registry.obj
 0001:000412b0       _ssSetStateAbsTol          00000001800422b0 f   test_sfun_registry.obj
 0001:00041390       sf_process_check_sum_call  0000000180042390 f   test_sfun_registry.obj
 0001:000413e0       sf_process_autoinheritance_call 00000001800423e0 f   test_sfun_registry.obj
 0001:00041610       sf_process_get_third_party_uses_info_call 0000000180042610 f   test_sfun_registry.obj
 0001:00041840       sf_process_get_eml_resolved_functions_info_call 0000000180042840 f   test_sfun_registry.obj
 0001:00041a40       sf_mex_unlock_call         0000000180042a40 f   test_sfun_registry.obj
 0001:00041c90       sf_machine_global_initializer_called 0000000180042c90 f   test_sfun_registry.obj
 0001:00041cc0       sf_machine_global_method_dispatcher 0000000180042cc0 f   test_sfun_registry.obj
 0001:00041d20       sf_machine_global_terminator 0000000180042d20 f   test_sfun_registry.obj
 0001:00041d70       sf_register_machine_exported_symbols 0000000180042d70 f   test_sfun_registry.obj
 0001:00041d90       callCustomFcn              0000000180042d90 f   test_sfun_registry.obj
 0001:00041da0       sf_machine_global_initializer 0000000180042da0 f   test_sfun_registry.obj
 0001:00041e20       ProcessMexSfunctionEveryCall 0000000180042e20 f   test_sfun_registry.obj
 0001:00042a90       test_initializer           0000000180043a90 f   test_sfun.obj
 0001:00042aa0       test_terminator            0000000180043aa0 f   test_sfun.obj
 0001:00042ab0       load_test_optimization_info 0000000180043ab0 f   test_sfun.obj
 0001:00042b00       unload_test_optimization_info 0000000180043b00 f   test_sfun.obj
 0001:00042b30       sf_test_method_dispatcher  0000000180043b30 f   test_sfun.obj
 0001:00042c00       sf_test_process_check_sum_call 0000000180043c00 f   test_sfun.obj
 0001:000432e0       sf_test_autoinheritance_info 00000001800442e0 f   test_sfun.obj
 0001:00043660       sf_test_get_eml_resolved_functions_info 0000000180044660 f   test_sfun.obj
 0001:000438e0       sf_test_third_party_uses_info 00000001800448e0 f   test_sfun.obj
 0001:00043ba0       test_debug_initialize      0000000180044ba0 f   test_sfun.obj
 0001:00043c20       test_register_exported_symbols 0000000180044c20 f   test_sfun.obj
 0001:00043c30       sf_send_message_wrapper    0000000180044c30 f   sfc_mex:sfc_sf.obj
 0001:00043c60       sf_receive_message_wrapper 0000000180044c60 f   sfc_mex:sfc_sf.obj
 0001:00043ca0       sf_check_out_message_wrapper 0000000180044ca0 f   sfc_mex:sfc_sf.obj
 0001:00043ce0       sf_check_in_message_wrapper 0000000180044ce0 f   sfc_mex:sfc_sf.obj
 0001:00043d20       sf_no_message_wrapper      0000000180044d20 f   sfc_mex:sfc_sf.obj
 0001:000440b0       sim_mode_is_rtw_gen        00000001800450b0 f   sfc_mex:sfc_sf.obj
 0001:000440e0       sim_mode_is_external       00000001800450e0 f   sfc_mex:sfc_sf.obj
 0001:000440f0       sim_mode_is_modelref_sim   00000001800450f0 f   sfc_mex:sfc_sf.obj
 0001:00044110       mdlInitializeSizes         0000000180045110 f   sfc_mex:sfc_sf.obj
 0001:00044130       mdlInitializeSampleTimes   0000000180045130 f   sfc_mex:sfc_sf.obj
 0001:00044170       mdlZeroCrossings           0000000180045170 f   sfc_mex:sfc_sf.obj
 0001:00044260       mdlDerivatives             0000000180045260 f   sfc_mex:sfc_sf.obj
 0001:00044320       mdl_initialize_conditions_processing 0000000180045320 f   sfc_mex:sfc_sf.obj
 0001:00044350       mdlInitializeConditions    0000000180045350 f   sfc_mex:sfc_sf.obj
 0001:00044410       mdlGetSimState             0000000180045410 f   sfc_mex:sfc_sf.obj
 0001:00044420       mdlSetSimState             0000000180045420 f   sfc_mex:sfc_sf.obj
 0001:00044430       mdl_ext_mode_exec_processing 0000000180045430 f   sfc_mex:sfc_sf.obj
 0001:00044450       mdlExtModeExec             0000000180045450 f   sfc_mex:sfc_sf.obj
 0001:000445f0       mdlTerminate               00000001800455f0 f   sfc_mex:sfc_sf.obj
 0001:00044660       mdlRTW                     0000000180045660 f   sfc_mex:sfc_sf.obj
 0001:00044690       mdlSetWorkWidths           0000000180045690 f   sfc_mex:sfc_sf.obj
 0001:000446a0       mdlProcessParameters       00000001800456a0 f   sfc_mex:sfc_sf.obj
 0001:000446b0       mdl_start_processing       00000001800456b0 f   sfc_mex:sfc_sf.obj
 0001:00044710       mdlStart                   0000000180045710 f   sfc_mex:sfc_sf.obj
 0001:00044820       mdlEnable                  0000000180045820 f   sfc_mex:sfc_sf.obj
 0001:00044900       mdlDisable                 0000000180045900 f   sfc_mex:sfc_sf.obj
 0001:000449c0       sf_get_chart_instance_ptr  00000001800459c0 f   sfc_mex:sfc_sf.obj
 0001:000449e0       sf_load_rtw_optimization_info 00000001800459e0 f   sfc_mex:sfc_sf.obj
 0001:00044ab0       sf_update_buildInfo        0000000180045ab0 f   sfc_mex:sfc_sf.obj
 0001:00044bb0       sf_rtw_info_uint_prop      0000000180045bb0 f   sfc_mex:sfc_sf.obj
 0001:00044cf0       sf_is_chart_inlinable      0000000180045cf0 f   sfc_mex:sfc_sf.obj
 0001:00044d10       sf_mark_output_events_with_multiple_callers 0000000180045d10 f   sfc_mex:sfc_sf.obj
 0001:00044ea0       sf_mark_chart_reusable_outputs 0000000180045ea0 f   sfc_mex:sfc_sf.obj
 0001:00045100       sf_mark_chart_expressionable_inputs 0000000180046100 f   sfc_mex:sfc_sf.obj
 0001:00045360       sf_get_subchart_simstruct  0000000180046360 f   sfc_mex:sfc_sf.obj
 0001:000453b0       sf_get_fixpt_data_type_id  00000001800463b0 f   sfc_mex:sfc_sf.obj
 0001:000453f0       sf_get_enum_data_type_id   00000001800463f0 f   sfc_mex:sfc_sf.obj
 0001:00045430       sf_get_param_data_type_id  0000000180046430 f   sfc_mex:sfc_sf.obj
 0001:00045460       sf_mex_listen_for_ctrl_c_force 0000000180046460 f   sfc_mex:sfc_sf.obj
 0001:00045570       sf_mex_draw_now            0000000180046570 f   sfc_mex:sfc_sf.obj
 0001:000455b0       sf_mex_set_debugger_sim_status_listener_fcn 00000001800465b0 f   sfc_mex:sfc_sf.obj
 0001:000455c0       sf_mex_listen_for_ctrl_c   00000001800465c0 f   sfc_mex:sfc_sf.obj
 0001:00045660       sf_mex_get_sfun_param      0000000180046660 f   sfc_mex:sfc_sf.obj
 0001:000456b0       sf_get_runtime_param_data  00000001800466b0 f   sfc_mex:sfc_sf.obj
 0001:000456f0       sf_call_output_fcn_call    00000001800466f0 f   sfc_mex:sfc_sf.obj
 0001:00045830       sf_call_output_fcn_enable  0000000180046830 f   sfc_mex:sfc_sf.obj
 0001:000458c0       sf_call_output_fcn_disable 00000001800468c0 f   sfc_mex:sfc_sf.obj
 0001:00045950       sf_clear_rtw_identifier    0000000180046950 f   sfc_mex:sfc_sf.obj
 0001:00046170       sf_set_encoded_dwork_info  0000000180047170 f   sfc_mex:sfc_sf.obj
 0001:000461c0       sf_get_dwork_info_from_mat_file 00000001800471c0 f   sfc_mex:sfc_sf.obj
 0001:00046380       sf_set_rtw_dwork_info      0000000180047380 f   sfc_mex:sfc_sf.obj
 0001:000464f0       mdlOutputs                 00000001800474f0 f   sfc_mex:sfc_sf.obj
 0001:000466e0       sf_mex_mx_is_numeric       00000001800476e0 f   sfc_mex:sfc_mex.obj
 0001:00046720       strcmp_ignore_ws           0000000180047720 f   sfc_mex:sfc_mex.obj
 0001:00046860       sf_mex_duplicatearraysafe  0000000180047860 f   sfc_mex:sfc_mex.obj
 0001:000469c0       sf_set_error_debugger_context_message_fcn 00000001800479c0 f   sfc_mex:sfc_mex.obj
 0001:000469d0       sf_set_debugger_matlab_error_fcn 00000001800479d0 f   sfc_mex:sfc_mex.obj
 0001:00046a10       sf_set_error_prefix_string 0000000180047a10 f   sfc_mex:sfc_mex.obj
 0001:00046a40       sf_get_error_prefix_string 0000000180047a40 f   sfc_mex:sfc_mex.obj
 0001:00046a50       sf_mex_enter_parallel_region 0000000180047a50 f   sfc_mex:sfc_mex.obj
 0001:00046a60       sf_mex_exit_parallel_region 0000000180047a60 f   sfc_mex:sfc_mex.obj
 0001:00046a70       sf_get_current_jmp_buf_ptr 0000000180047a70 f   sfc_mex:sfc_mex.obj
 0001:00046a80       sf_set_current_jmp_buf_ptr 0000000180047a80 f   sfc_mex:sfc_mex.obj
 0001:00046a90       sf_mex_set_halt_simulation 0000000180047a90 f   sfc_mex:sfc_mex.obj
 0001:00046aa0       sf_mex_get_halt_simulation 0000000180047aa0 f   sfc_mex:sfc_mex.obj
 0001:00046ab0       sf_mex_clear_error_message 0000000180047ab0 f   sfc_mex:sfc_mex.obj
 0001:00046ad0       sf_mex_get_error_message_for_read 0000000180047ad0 f   sfc_mex:sfc_mex.obj
 0001:00046ae0       sf_mex_get_error_message_buffer_length 0000000180047ae0 f   sfc_mex:sfc_mex.obj
 0001:00046bc0       sf_mex_warning_message     0000000180047bc0 f   sfc_mex:sfc_mex.obj
 0001:00046c30       sf_mex_v_errbuf_createf    0000000180047c30 f   sfc_mex:sfc_mex.obj
 0001:00046c40       sf_mex_errbuf_createf      0000000180047c40 f   sfc_mex:sfc_mex.obj
 0001:00046c70       sf_mex_v_errbuf_catf       0000000180047c70 f   sfc_mex:sfc_mex.obj
 0001:00046cb0       sf_mex_errbuf_catf         0000000180047cb0 f   sfc_mex:sfc_mex.obj
 0001:00046d00       sf_mex_errbuf_copy         0000000180047d00 f   sfc_mex:sfc_mex.obj
 0001:00046d10       sf_mex_errbuf_clear        0000000180047d10 f   sfc_mex:sfc_mex.obj
 0001:00046d20       sf_mex_errbuf_isempty      0000000180047d20 f   sfc_mex:sfc_mex.obj
 0001:00046e20       sf_mex_set_error_status    0000000180047e20 f   sfc_mex:sfc_mex.obj
 0001:00046e70       sf_mex_error_direct_call   0000000180047e70 f   sfc_mex:sfc_mex.obj
 0001:00046e90       sf_mex_error_message_no_long_jump 0000000180047e90 f   sfc_mex:sfc_mex.obj
 0001:00046eb0       sf_mex_long_jump_on_error  0000000180047eb0 f   sfc_mex:sfc_mex.obj
 0001:00046ee0       sf_mex_call_matlab         0000000180047ee0 f   sfc_mex:sfc_mex.obj
 0001:00047000       sf_mex_check_builtin       0000000180048000 f   sfc_mex:sfc_mex.obj
 0001:000470a0       sf_mex_check_builtin_vs    00000001800480a0 f   sfc_mex:sfc_mex.obj
 0001:00047160       sf_mex_check_enum          0000000180048160 f   sfc_mex:sfc_mex.obj
 0001:000471e0       sf_mex_create_enum         00000001800481e0 f   sfc_mex:sfc_mex.obj
 0001:00047250       sf_mex_get_enum_element    0000000180048250 f   sfc_mex:sfc_mex.obj
 0001:00047260       sf_mex_createcellarray     0000000180048260 f   sfc_mex:sfc_mex.obj
 0001:00047270       sf_mex_setcell             0000000180048270 f   sfc_mex:sfc_mex.obj
 0001:00047280       sf_mex_getcell             0000000180048280 f   sfc_mex:sfc_mex.obj
 0001:00047290       sf_mex_dup                 0000000180048290 f   sfc_mex:sfc_mex.obj
 0001:000472b0       sf_mex_assign              00000001800482b0 f   sfc_mex:sfc_mex.obj
 0001:00047330       sf_mex_destroy             0000000180048330 f   sfc_mex:sfc_mex.obj
 0001:00047360       mx_array_has_fi_type       0000000180048360 f   sfc_mex:sfc_mex.obj
 0001:00047390       sf_mex_convert_from_fi     0000000180048390 f   sfc_mex:sfc_mex.obj
 0001:000474c0       sf_mex_convert_to_double   00000001800484c0 f   sfc_mex:sfc_mex.obj
 0001:000475e0       sf_mex_import_fi_vs        00000001800485e0 f   sfc_mex:sfc_mex.obj
 0001:00047810       sf_matrix_matrix_index_ok  0000000180048810 f   sfc_mex:sfc_mex.obj
 0001:000478a0       sf_vector_vector_index_ok  00000001800488a0 f   sfc_mex:sfc_mex.obj
 0001:000478d0       ssGetCurrentInputPortDimensions_wrapper 00000001800488d0 f   sfc_mex:sfc_mex.obj
 0001:000478f0       ssGetCurrentOutputPortDimensions_wrapper 00000001800488f0 f   sfc_mex:sfc_mex.obj
 0001:00047910       sf_mex_emlrt_context_is_debug_mode 0000000180048910 f   sfc_mex:sfc_mex.obj
 0001:00047920       sf_mex_emlrt_context_set_debug_mode 0000000180048920 f   sfc_mex:sfc_mex.obj
 0001:00047930       sf_mex_emlrtNameCapturePostProcessR2012a 0000000180048930 f   sfc_mex:sfc_mex.obj
 0001:000479a0       sf_clear_error_manager_info 00000001800489a0 f   sfc_mex:sfc_mex.obj
 0001:00047a00       sf_mex_stop_simulation_abruptly_wo_error 0000000180048a00 f   sfc_mex:sfc_mex.obj
 0001:00047a40       sf_mex_error_message       0000000180048a40 f   sfc_mex:sfc_mex.obj
 0001:00047ab0       sf_react_to_error_in_matlab_call 0000000180048ab0 f   sfc_mex:sfc_mex.obj
 0001:00047ae0       sf_mex_addfield            0000000180048ae0 f   sfc_mex:sfc_mex.obj
 0001:00047b80       sf_mex_getfield            0000000180048b80 f   sfc_mex:sfc_mex.obj
 0001:00047e80       sf_mex_check_class         0000000180048e80 f   sfc_mex:sfc_mex.obj
 0001:00047f20       sf_mex_is_real             0000000180048f20 f   sfc_mex:sfc_mex.obj
 0001:00048390       sf_mex_decode_encoded_mx_struct_array 0000000180049390 f   sfc_mex:sfc_mex.obj
 0001:00048680       sf_mex_lw_bounds_check     0000000180049680 f   sfc_mex:sfc_mex.obj
 0001:000486b0       sf_mex_lw_size_eq_check_1d 00000001800496b0 f   sfc_mex:sfc_mex.obj
 0001:000486d0       sf_mex_lw_size_eq_check_nd 00000001800496d0 f   sfc_mex:sfc_mex.obj
 0001:000488b0       sf_mex_lw_dim_size_eq_check 00000001800498b0 f   sfc_mex:sfc_mex.obj
 0001:000488e0       sf_mex_lw_dim_size_geq_check 00000001800498e0 f   sfc_mex:sfc_mex.obj
 0001:00048910       sf_mex_lw_sub_assign_size_check_nd 0000000180049910 f   sfc_mex:sfc_mex.obj
 0001:00048ae0       sf_mex_lw_runtime_error_msgid 0000000180049ae0 f   sfc_mex:sfc_mex.obj
 0001:00048bd0       sf_mex_lw_matrix_matrix_index_check 0000000180049bd0 f   sfc_mex:sfc_mex.obj
 0001:00048bf0       sf_mex_lw_vector_vector_index_check 0000000180049bf0 f   sfc_mex:sfc_mex.obj
 0001:00048c30       sf_mex_lw_for_loop_vector_check 0000000180049c30 f   sfc_mex:sfc_mex.obj
 0001:00048cc0       sf_mex_lw_non_negative_check 0000000180049cc0 f   sfc_mex:sfc_mex.obj
 0001:00048d00       sf_mex_overflow_error      0000000180049d00 f   sfc_mex:sfc_mex.obj
 0001:00048d10       sf_mex_dividebyzero_error  0000000180049d10 f   sfc_mex:sfc_mex.obj
 0001:00048d20       sf_mex_unsafe_enum_error   0000000180049d20 f   sfc_mex:sfc_mex.obj
 0001:00048d30       sf_emlrtErrHandler         0000000180049d30 f   sfc_mex:sfc_mex.obj
 0001:00048e10       sf_mex_size_one_check      0000000180049e10 f   sfc_mex:sfc_mex.obj
 0001:00048e30       sf_mex_printf              0000000180049e30 f   sfc_mex:sfc_mex.obj
 0001:00049000       sf_mex_check_size          000000018004a000 f   sfc_mex:sfc_mex.obj
 0001:000492a0       sf_mex_check_struct        000000018004a2a0 f   sfc_mex:sfc_mex.obj
 0001:00049500       sf_mex_check_struct_vs     000000018004a500 f   sfc_mex:sfc_mex.obj
 0001:00049590       sf_mex_check_fi            000000018004a590 f   sfc_mex:sfc_mex.obj
 0001:00049690       sf_mex_check_fi_vs         000000018004a690 f   sfc_mex:sfc_mex.obj
 0001:00049730       sf_echo_expression         000000018004a730 f   sfc_mex:sfc_mex.obj
 0001:00049790       sf_assertion_failed        000000018004a790 f   sfc_mex:sfc_mex.obj
 0001:00049a70       sf_mex_evalin              000000018004aa70 f   sfc_mex:sfc_mex.obj
 0001:00049ce0       sf_mex_export              000000018004ace0 f   sfc_mex:sfc_mex.obj
 0001:00049da0       sf_mex_get_ml_var_no_error 000000018004ada0 f   sfc_mex:sfc_mex.obj
 0001:00049f40       sf_mex_get_ml_var          000000018004af40 f   sfc_mex:sfc_mex.obj
 0001:0004a3d0       ml_set_element_value_in_array 000000018004b3d0 f   sfc_mex:sfc_mex.obj
 0001:0004b490       sf_mex_call_impl           000000018004c490 f   sfc_mex:sfc_mex.obj
 0001:0004b8b0       sf_mex_call_debug          000000018004c8b0 f   sfc_mex:sfc_mex.obj
 0001:0004b8e0       sf_mex_call                000000018004c8e0 f   sfc_mex:sfc_mex.obj
 0001:0004bf30       sf_mex_createstruct        000000018004cf30 f   sfc_mex:sfc_mex.obj
 0001:0004c040       sf_mex_createstructarray   000000018004d040 f   sfc_mex:sfc_mex.obj
 0001:0004c0c0       sf_mex_get_mx_datatype_from_sf_datatype 000000018004d0c0 f   sfc_mex:sfc_mex.obj
 0001:0004c3d0       sf_mex_ml_var_sub          000000018004d3d0 f   sfc_mex:sfc_mex.obj
 0001:0004c5b0       sf_mex_ml_var_subsasgn     000000018004d5b0 f   sfc_mex:sfc_mex.obj
 0001:0004c9b0       sf_mex_sub                 000000018004d9b0 f   sfc_mex:sfc_mex.obj
 0001:0004cbc0       sf_mex_subsasgn            000000018004dbc0 f   sfc_mex:sfc_mex.obj
 0001:0004d0d0       sf_mex_create              000000018004e0d0 f   sfc_mex:sfc_mex.obj
 0001:0004da70       sf_mex_import_named        000000018004ea70 f   sfc_mex:sfc_mex.obj
 0001:0004dad0       sf_mex_import              000000018004ead0 f   sfc_mex:sfc_mex.obj
 0001:0004db20       sf_mex_import_vs           000000018004eb20 f   sfc_mex:sfc_mex.obj
 0001:0004dc30       sf_mex_lower_fixpt_mx_array 000000018004ec30 f   sfc_mex:sfc_mex.obj
 0001:0004df50       sf_debug_chart_instance_initialized_quick 000000018004ef50 f   sfc_debug:sfcdebug.obj
 0001:0004dfd0       sf_debug_disp              000000018004efd0 f   sfc_debug:sfcdebug.obj
 0001:0004e2a0       sf_debug_data_runtime_size_mismatch_error_check 000000018004f2a0 f   sfc_debug:sfcdebug.obj
 0001:0004e350       sf_debug_try_loading_machine 000000018004f350 f   sfc_debug:sfcdebug.obj
 0001:0004e450       sf_debug_reset_current_state_configuration 000000018004f450 f   sfc_debug:sfcdebug.obj
 0001:0004e4d0       sf_debug_store_current_state_configuration 000000018004f4d0 f   sfc_debug:sfcdebug.obj
 0001:0004e550       sf_debug_restore_previous_state_configuration 000000018004f550 f   sfc_debug:sfcdebug.obj
 0001:0004e5d0       sf_debug_restore_previous_state_configuration2 000000018004f5d0 f   sfc_debug:sfcdebug.obj
 0001:0004e650       sf_debug_get_event_scope   000000018004f650 f   sfc_debug:sfcdebug.obj
 0001:0004e7c0       use_debugger_step_animation 000000018004f7c0 f   sfc_debug:sfcdebug.obj
 0001:0004e7e0       sf_debug_get_script_id     000000018004f7e0 f   sfc_debug:sfcdebug.obj
 0001:0004e870       sf_debug_set_script_translation 000000018004f870 f   sfc_debug:sfcdebug.obj
 0001:0004e9f0       sf_debug_extract_message_post_receive_info 000000018004f9f0 f   sfc_debug:sfcdebug.obj
 0001:0004ebb0       sf_debug_get_current_machine_id 000000018004fbb0 f   sfc_debug:sfcdebug.obj
 0001:0004ebd0       sf_debug_get_current_optional_integer 000000018004fbd0 f   sfc_debug:sfcdebug.obj
 0001:0004ebe0       sf_debug_get_current_machine_number 000000018004fbe0 f   sfc_debug:sfcdebug.obj
 0001:0004ec00       sf_debug_get_current_machine_name 000000018004fc00 f   sfc_debug:sfcdebug.obj
 0001:0004ec20       sf_debug_get_current_chart_id 000000018004fc20 f   sfc_debug:sfcdebug.obj
 0001:0004ec60       sf_debug_get_current_chart_number 000000018004fc60 f   sfc_debug:sfcdebug.obj
 0001:0004ec70       sf_debug_get_current_instance_number 000000018004fc70 f   sfc_debug:sfcdebug.obj
 0001:0004ec80       sf_debug_get_current_is_minor_time_step 000000018004fc80 f   sfc_debug:sfcdebug.obj
 0001:0004ed00       sf_debug_get_current_object_type 000000018004fd00 f   sfc_debug:sfcdebug.obj
 0001:0004ed10       sf_debug_get_current_instance_handle 000000018004fd10 f   sfc_debug:sfcdebug.obj
 0001:0004ed70       sf_debug_get_current_event_type 000000018004fd70 f   sfc_debug:sfcdebug.obj
 0001:0004ed80       sf_debug_get_current_object_id 000000018004fd80 f   sfc_debug:sfcdebug.obj
 0001:0004edc0       sf_debug_get_current_active_event_type 000000018004fdc0 f   sfc_debug:sfcdebug.obj
 0001:0004edd0       sf_debug_get_current_active_event_id 000000018004fdd0 f   sfc_debug:sfcdebug.obj
 0001:0004ee10       sf_debug_get_current_tag_type 000000018004fe10 f   sfc_debug:sfcdebug.obj
 0001:0004ee20       sf_debug_get_current_simulation_time 000000018004fe20 f   sfc_debug:sfcdebug.obj
 0001:0004ee30       sf_debug_get_current_coverage_percentage 000000018004fe30 f   sfc_debug:sfcdebug.obj
 0001:0004ee40       sf_debug_current_statement_context 000000018004fe40 f   sfc_debug:sfcdebug.obj
 0001:0004eec0       sf_debug_get_current_statement_info 000000018004fec0 f   sfc_debug:sfcdebug.obj
 0001:0004f060       sf_debug_terminate_instance 0000000180050060 f   sfc_debug:sfcdebug.obj
 0001:0004f380       sf_debug_assertion_failed  0000000180050380 f   sfc_debug:sfcdebug.obj
 0001:0004f550       sf_debug_create_debug_instance_struct 0000000180050550 f   sfc_debug:sfcdebug.obj
 0001:0004f5a0       sf_debug_set_number_of_data_with_change_event_for_machine 00000001800505a0 f   sfc_debug:sfcdebug.obj
 0001:0004f5f0       sf_debug_set_machine_event_thresholds 00000001800505f0 f   sfc_debug:sfcdebug.obj
 0001:0004f610       sf_debug_set_machine_event_scope 0000000180050610 f   sfc_debug:sfcdebug.obj
 0001:0004f660       sf_debug_set_machine_data_thresholds 0000000180050660 f   sfc_debug:sfcdebug.obj
 0001:0004f6b0       sf_debug_set_machine_data_scope 00000001800506b0 f   sfc_debug:sfcdebug.obj
 0001:0004f750       sf_debug_set_machine_data_name 0000000180050750 f   sfc_debug:sfcdebug.obj
 0001:0004f800       sf_debug_set_machine_data_size 0000000180050800 f   sfc_debug:sfcdebug.obj
 0001:0004f950       sf_debug_set_machine_data_type 0000000180050950 f   sfc_debug:sfcdebug.obj
 0001:0004fac0       sf_debug_get_chart_data_number 0000000180050ac0 f   sfc_debug:sfcdebug.obj
 0001:0004fae0       sf_debug_get_chart_event_number 0000000180050ae0 f   sfc_debug:sfcdebug.obj
 0001:0004fb00       sf_debug_set_chart_state_info 0000000180050b00 f   sfc_debug:sfcdebug.obj
 0001:0004fb90       sf_debug_set_chart_decomposition 0000000180050b90 f   sfc_debug:sfcdebug.obj
 0001:0004fc00       sf_debug_set_chart_substate_count 0000000180050c00 f   sfc_debug:sfcdebug.obj
 0001:0004fce0       sf_debug_set_chart_substate_index 0000000180050ce0 f   sfc_debug:sfcdebug.obj
 0001:0004fd60       sf_debug_set_chart_state_substate_count 0000000180050d60 f   sfc_debug:sfcdebug.obj
 0001:0004fe80       sf_debug_set_chart_state_substate_index 0000000180050e80 f   sfc_debug:sfcdebug.obj
 0001:0004ff10       sf_debug_set_number_of_data_with_change_event_for_chart 0000000180050f10 f   sfc_debug:sfcdebug.obj
 0001:0004ffa0       sf_debug_set_number_of_states_with_entry_event_for_chart 0000000180050fa0 f   sfc_debug:sfcdebug.obj
 0001:00050020       sf_debug_set_number_of_states_with_exit_event_for_chart 0000000180051020 f   sfc_debug:sfcdebug.obj
 0001:000500a0       sf_debug_set_chart_disable_implicit_casting 00000001800510a0 f   sfc_debug:sfcdebug.obj
 0001:00050110       sf_debug_set_chart_event_thresholds 0000000180051110 f   sfc_debug:sfcdebug.obj
 0001:00050190       sf_debug_set_chart_data_compiled_props 0000000180051190 f   sfc_debug:sfcdebug.obj
 0001:000504d0       sf_debug_set_chart_data_props 00000001800514d0 f   sfc_debug:sfcdebug.obj
 0001:000507f0       sf_debug_check_fi_license  00000001800517f0 f   sfc_debug:sfcdebug.obj
 0001:000509b0       sf_debug_symbol_scope_push 00000001800519b0 f   sfc_debug:sfcdebug.obj
 0001:000509f0       sf_debug_symbol_scope_push_eml 00000001800519f0 f   sfc_debug:sfcdebug.obj
 0001:00050a40       sf_debug_symbol_scope_pop  0000000180051a40 f   sfc_debug:sfcdebug.obj
 0001:00050a80       sf_debug_symbol_scope_add_importable 0000000180051a80 f   sfc_debug:sfcdebug.obj
 0001:00050b00       sf_debug_symbol_scope_add  0000000180051b00 f   sfc_debug:sfcdebug.obj
 0001:00050b80       sf_debug_symbol_scope_add_dyn_importable 0000000180051b80 f   sfc_debug:sfcdebug.obj
 0001:00050c40       sf_debug_symbol_scope_add_dyn 0000000180051c40 f   sfc_debug:sfcdebug.obj
 0001:00050c80       sf_debug_symbol_scope_add_eml_importable 0000000180051c80 f   sfc_debug:sfcdebug.obj
 0001:00050cc0       sf_debug_symbol_scope_add_eml 0000000180051cc0 f   sfc_debug:sfcdebug.obj
 0001:00050d00       sf_debug_symbol_scope_add_eml_dyn_importable 0000000180051d00 f   sfc_debug:sfcdebug.obj
 0001:00050d60       sf_debug_symbol_scope_add_eml_dyn 0000000180051d60 f   sfc_debug:sfcdebug.obj
 0001:00050dc0       sf_debug_symbol_switch     0000000180051dc0 f   sfc_debug:sfcdebug.obj
 0001:00050de0       sf_debug_symbol_scope_add_verbose 0000000180051de0 f   sfc_debug:sfcdebug.obj
 0001:00050eb0       sf_debug_set_machine_data_value_ptr 0000000180051eb0 f   sfc_debug:sfcdebug.obj
 0001:00050ef0       sf_debug_set_instance_data_value_ptr 0000000180051ef0 f   sfc_debug:sfcdebug.obj
 0001:00050fc0       sf_debug_unset_instance_data_value_ptr 0000000180051fc0 f   sfc_debug:sfcdebug.obj
 0001:00051070       sf_debug_set_chart_event_scope 0000000180052070 f   sfc_debug:sfcdebug.obj
 0001:000510f0       sf_debug_set_chart_transition_coverage_maps 00000001800520f0 f   sfc_debug:sfcdebug.obj
 0001:000511f0       sf_debug_set_chart_state_coverage_maps 00000001800521f0 f   sfc_debug:sfcdebug.obj
 0001:000512c0       sf_debug_set_instance_transition_coverage_weights 00000001800522c0 f   sfc_debug:sfcdebug.obj
 0001:00051350       sf_debug_set_instance_state_coverage_weights 0000000180052350 f   sfc_debug:sfcdebug.obj
 0001:000515a0       sf_debug_unload_machine    00000001800525a0 f   sfc_debug:sfcdebug.obj
 0001:000515f0       sf_debug_load_machine      00000001800525f0 f   sfc_debug:sfcdebug.obj
 0001:00051700       sf_debug_set_active_instance_in_data_dictionary 0000000180052700 f   sfc_debug:sfcdebug.obj
 0001:000518e0       sf_debug_set_active_instance 00000001800528e0 f   sfc_debug:sfcdebug.obj
 0001:00051a40       sf_debug_chart_visiblity_change 0000000180052a40 f   sfc_debug:sfcdebug.obj
 0001:00051b30       sf_debug_select_chart      0000000180052b30 f   sfc_debug:sfcdebug.obj
 0001:00051c90       sf_debug_set_instance_cv_ids 0000000180052c90 f   sfc_debug:sfcdebug.obj
 0001:00051fc0       sf_debug_select_charts     0000000180052fc0 f   sfc_debug:sfcdebug.obj
 0001:00052170       sf_debug_initialized       0000000180053170 f   sfc_debug:sfcdebug.obj
 0001:00052190       sf_debug_is_uninterruptible 0000000180053190 f   sfc_debug:sfcdebug.obj
 0001:000521c0       sf_debug_initialize_debugger_gui 00000001800531c0 f   sfc_debug:sfcdebug.obj
 0001:000525a0       sf_debug_resume            00000001800535a0 f   sfc_debug:sfcdebug.obj
 0001:000525c0       sf_debug_go                00000001800535c0 f   sfc_debug:sfcdebug.obj
 0001:000525d0       sf_debug_break             00000001800535d0 f   sfc_debug:sfcdebug.obj
 0001:000525e0       sf_debug_step_over         00000001800535e0 f   sfc_debug:sfcdebug.obj
 0001:000525f0       sf_debug_step_out          00000001800535f0 f   sfc_debug:sfcdebug.obj
 0001:00052600       sf_debug_set_disable_all_breakpoints 0000000180053600 f   sfc_debug:sfcdebug.obj
 0001:00052610       sf_debug_disable_all_breakpoints_and_go 0000000180053610 f   sfc_debug:sfcdebug.obj
 0001:00052620       sf_debug_break_on_chart_entry 0000000180053620 f   sfc_debug:sfcdebug.obj
 0001:00052630       sf_debug_break_on_event_broadcast 0000000180053630 f   sfc_debug:sfcdebug.obj
 0001:00052640       sf_debug_break_on_state_entry 0000000180053640 f   sfc_debug:sfcdebug.obj
 0001:00052650       sf_debug_break_between_times 0000000180053650 f   sfc_debug:sfcdebug.obj
 0001:00052670       sf_debug_browse_data       0000000180053670 f   sfc_debug:sfcdebug.obj
 0001:00052680       sf_debug_watch_data        0000000180053680 f   sfc_debug:sfcdebug.obj
 0001:000526b0       sf_debug_assign_data       00000001800536b0 f   sfc_debug:sfcdebug.obj
 0001:000526c0       sf_debug_whos              00000001800536c0 f   sfc_debug:sfcdebug.obj
 0001:000526e0       sf_debug_get_consistency_info 00000001800536e0 f   sfc_debug:sfcdebug.obj
 0001:000526f0       sf_debug_browse_trace      00000001800536f0 f   sfc_debug:sfcdebug.obj
 0001:00052700       sf_debug_set_breakpoints   0000000180053700 f   sfc_debug:sfcdebug.obj
 0001:00052870       sf_debug_set_eml_breakpoints 0000000180053870 f   sfc_debug:sfcdebug.obj
 0001:000529d0       sf_debug_set_script_breakpoints 00000001800539d0 f   sfc_debug:sfcdebug.obj
 0001:00052a50       sf_debug_add_script_breakpoints 0000000180053a50 f   sfc_debug:sfcdebug.obj
 0001:00052ac0       sf_debug_clear_script_breakpoints 0000000180053ac0 f   sfc_debug:sfcdebug.obj
 0001:00052b30       sf_debug_query_script_breakpoints 0000000180053b30 f   sfc_debug:sfcdebug.obj
 0001:00052be0       sf_debug_get_eml_script_id 0000000180053be0 f   sfc_debug:sfcdebug.obj
 0001:00052c30       sf_debug_set_watch         0000000180053c30 f   sfc_debug:sfcdebug.obj
 0001:00052e50       sf_debug_get_instance_handle 0000000180053e50 f   sfc_debug:sfcdebug.obj
 0001:00052ee0       sf_debug_get_active_states 0000000180053ee0 f   sfc_debug:sfcdebug.obj
 0001:00052ef0       sf_debug_set_honor_breakpoints 0000000180053ef0 f   sfc_debug:sfcdebug.obj
 0001:00052f00       sf_debug_get_animation     0000000180053f00 f   sfc_debug:sfcdebug.obj
 0001:00052f10       sf_debug_set_animation     0000000180053f10 f   sfc_debug:sfcdebug.obj
 0001:00052f20       sf_debug_animate           0000000180053f20 f   sfc_debug:sfcdebug.obj
 0001:00052f40       sf_debug_cycle_detection_check 0000000180053f40 f   sfc_debug:sfcdebug.obj
 0001:00052f50       sf_debug_data_range_check  0000000180053f50 f   sfc_debug:sfcdebug.obj
 0001:00052f60       sf_debug_transition_conflict_check 0000000180053f60 f   sfc_debug:sfcdebug.obj
 0001:00052f70       sf_debug_state_consistency_check 0000000180053f70 f   sfc_debug:sfcdebug.obj
 0001:00052f80       sf_debug_data_range_check_enabled 0000000180053f80 f   sfc_debug:sfcdebug.obj
 0001:00052fa0       sf_debug_transition_conflict_check_enabled 0000000180053fa0 f   sfc_debug:sfcdebug.obj
 0001:00052fc0       sf_debug_transition_conflict_check_begin 0000000180053fc0 f   sfc_debug:sfcdebug.obj
 0001:00052fe0       sf_debug_transition_conflict_check_end 0000000180053fe0 f   sfc_debug:sfcdebug.obj
 0001:00053000       sf_debug_stop_debugging    0000000180054000 f   sfc_debug:sfcdebug.obj
 0001:00053030       sf_debug_is_cycle_detected 0000000180054030 f   sfc_debug:sfcdebug.obj
 0001:00053040       sf_debug_is_array_bounds_detected 0000000180054040 f   sfc_debug:sfcdebug.obj
 0001:00053050       sf_debug_get_state_vectors_data_size 0000000180054050 f   sfc_debug:sfcdebug.obj
 0001:00053090       sf_debug_get_state_vectors_data 0000000180054090 f   sfc_debug:sfcdebug.obj
 0001:000531a0       sf_debug_set_state_vectors_data 00000001800541a0 f   sfc_debug:sfcdebug.obj
 0001:00053430       sf_debug_get_script_index  0000000180054430 f   sfc_debug:sfcdebug.obj
 0001:000535c0       sf_debug_add_script        00000001800545c0 f   sfc_debug:sfcdebug.obj
 0001:00053750       cv_eval_point              0000000180054750 f   sfc_debug:sfcdebug.obj
 0001:000538c0       cv_eval_testobjective      00000001800548c0 f   sfc_debug:sfcdebug.obj
 0001:000539d0       sf_debug_cv_init_state     00000001800549d0 f   sfc_debug:sfcdebug.obj
 0001:00053b00       sf_debug_cv_init_chart     0000000180054b00 f   sfc_debug:sfcdebug.obj
 0001:00053bf0       sf_debug_cv_init_trans     0000000180054bf0 f   sfc_debug:sfcdebug.obj
 0001:00053d00       sf_debug_cv_init_saturation 0000000180054d00 f   sfc_debug:sfcdebug.obj
 0001:00053e00       sf_debug_cv_init_testobjectives 0000000180054e00 f   sfc_debug:sfcdebug.obj
 0001:00053fe0       cv_eml_init_script         0000000180054fe0 f   sfc_debug:sfcdebug.obj
 0001:00054100       cv_eml_init_fcn            0000000180055100 f   sfc_debug:sfcdebug.obj
 0001:00054210       cv_eml_init_testobjective  0000000180055210 f   sfc_debug:sfcdebug.obj
 0001:000542f0       cv_eml_init_saturation     00000001800552f0 f   sfc_debug:sfcdebug.obj
 0001:000543c0       cv_eml_init_if             00000001800553c0 f   sfc_debug:sfcdebug.obj
 0001:000544a0       cv_eml_init_for            00000001800554a0 f   sfc_debug:sfcdebug.obj
 0001:00054570       cv_eml_init_while          0000000180055570 f   sfc_debug:sfcdebug.obj
 0001:00054640       cv_eml_init_mcdc           0000000180055640 f   sfc_debug:sfcdebug.obj
 0001:00054760       cv_eml_init_switch         0000000180055760 f   sfc_debug:sfcdebug.obj
 0001:00054860       cv_eml_eval                0000000180055860 f   sfc_debug:sfcdebug.obj
 0001:00054950       sf_debug_bm_is_a_eml_breakpoint 0000000180055950 f   sfc_debug:sfcdebug.obj
 0001:00054aa0       sf_debug_temporal_threshold 0000000180055aa0 f   sfc_debug:sfcdebug.obj
 0001:00054e10       sf_debug_transition_conflict_error 0000000180055e10 f   sfc_debug:sfcdebug.obj
 0001:00055170       sf_debug_state_inconsistency_error 0000000180056170 f   sfc_debug:sfcdebug.obj
 0001:00055290       sf_debug_check_for_state_inconsistency 0000000180056290 f   sfc_debug:sfcdebug.obj
 0001:000552d0       sf_debug_cycle_detecton_error 00000001800562d0 f   sfc_debug:sfcdebug.obj
 0001:00055a20       sf_debug_size_eq_check_1d  0000000180056a20 f   sfc_debug:sfcdebug.obj
 0001:00055a40       sf_debug_size_eq_check_nd  0000000180056a40 f   sfc_debug:sfcdebug.obj
 0001:00055c40       sf_debug_dim_size_eq_check 0000000180056c40 f   sfc_debug:sfcdebug.obj
 0001:00055c70       sf_debug_dim_size_geq_check 0000000180056c70 f   sfc_debug:sfcdebug.obj
 0001:00055ca0       sf_debug_sub_assign_size_check_nd 0000000180056ca0 f   sfc_debug:sfcdebug.obj
 0001:00055e80       sf_debug_matrix_matrix_index_check 0000000180056e80 f   sfc_debug:sfcdebug.obj
 0001:00055ed0       sf_debug_vector_vector_index_check 0000000180056ed0 f   sfc_debug:sfcdebug.obj
 0001:00055f20       sf_debug_for_loop_vector_check 0000000180056f20 f   sfc_debug:sfcdebug.obj
 0001:00055fc0       sf_debug_runtime_error_msgid 0000000180056fc0 f   sfc_debug:sfcdebug.obj
 0001:00056060       sf_debug_data_array_bounds_error_check 0000000180057060 f   sfc_debug:sfcdebug.obj
 0001:00056170       sf_debug_eml_data_array_bounds_error_check 0000000180057170 f   sfc_debug:sfcdebug.obj
 0001:00056630       sf_debug_integer_check     0000000180057630 f   sfc_debug:sfcdebug.obj
 0001:00056720       sf_debug_not_nan_check     0000000180057720 f   sfc_debug:sfcdebug.obj
 0001:000567f0       sf_debug_non_negative_check 00000001800577f0 f   sfc_debug:sfcdebug.obj
 0001:000568c0       sf_debug_overflow_detection 00000001800578c0 f   sfc_debug:sfcdebug.obj
 0001:00056f20       sf_debug_cast_to_real32_T  0000000180057f20 f   sfc_debug:sfcdebug.obj
 0001:00056ff0       sf_debug_cast_to_int8_T    0000000180057ff0 f   sfc_debug:sfcdebug.obj
 0001:000570c0       sf_debug_cast_to_uint8_T   00000001800580c0 f   sfc_debug:sfcdebug.obj
 0001:00057190       sf_debug_cast_to_int16_T   0000000180058190 f   sfc_debug:sfcdebug.obj
 0001:00057260       sf_debug_cast_to_uint16_T  0000000180058260 f   sfc_debug:sfcdebug.obj
 0001:00057330       sf_debug_cast_to_int32_T   0000000180058330 f   sfc_debug:sfcdebug.obj
 0001:00057400       sf_debug_cast_to_uint32_T  0000000180058400 f   sfc_debug:sfcdebug.obj
 0001:000574d0       sf_debug_data_range_error  00000001800584d0 f   sfc_debug:sfcdebug.obj
 0001:000577e0       sf_debug_read_before_write_check 00000001800587e0 f   sfc_debug:sfcdebug.obj
 0001:00057c10       sf_debug_data_range_error_wrapper_min_max 0000000180058c10 f   sfc_debug:sfcdebug.obj
 0001:00057d30       sf_debug_data_range_error_wrapper_min 0000000180058d30 f   sfc_debug:sfcdebug.obj
 0001:00057e40       sf_debug_data_range_error_wrapper_max 0000000180058e40 f   sfc_debug:sfcdebug.obj
 0001:00057f50       sf_debug_data_range_wrapper 0000000180058f50 f   sfc_debug:sfcdebug.obj
 0001:00058010       sf_debug_set_current_status_info 0000000180059010 f   sfc_debug:sfcdebug.obj
 0001:000583b0       sf_debug_register_message_post_receive_info 00000001800593b0 f   sfc_debug:sfcdebug.obj
 0001:00058600       sf_debug_call              0000000180059600 f   sfc_debug:sfcdebug.obj
 0001:00058f60       sf_debug_initialize_machine 0000000180059f60 f   sfc_debug:sfcdebug.obj
 0001:00059210       sf_debug_initialize_chart  000000018005a210 f   sfc_debug:sfcdebug.obj
 0001:00059660       sf_debug_ensure_script     000000018005a660 f   sfc_debug:sfcdebug.obj
 0001:00059710       cv_eval_saturation         000000018005a710 f   sfc_debug:sfcdebug.obj
 0001:00059890       cv_saturation_accum        000000018005a890 f   sfc_debug:sfcdebug.obj
 0001:000599d0       cv_script_init_script      000000018005a9d0 f   sfc_debug:sfcdebug.obj
 0001:00059ac0       cv_script_init_fcn         000000018005aac0 f   sfc_debug:sfcdebug.obj
 0001:00059b80       cv_script_init_testobjective 000000018005ab80 f   sfc_debug:sfcdebug.obj
 0001:00059c40       cv_script_init_saturation  000000018005ac40 f   sfc_debug:sfcdebug.obj
 0001:00059cf0       cv_script_init_if          000000018005acf0 f   sfc_debug:sfcdebug.obj
 0001:00059db0       cv_script_init_for         000000018005adb0 f   sfc_debug:sfcdebug.obj
 0001:00059e60       cv_script_init_while       000000018005ae60 f   sfc_debug:sfcdebug.obj
 0001:00059f10       cv_script_init_mcdc        000000018005af10 f   sfc_debug:sfcdebug.obj
 0001:0005a010       cv_script_init_switch      000000018005b010 f   sfc_debug:sfcdebug.obj
 0001:0005a0f0       cv_script_eval             000000018005b0f0 f   sfc_debug:sfcdebug.obj
 0001:0005a1c0       eml_debug_line_call        000000018005b1c0 f   sfc_debug:sfcdebug.obj
 0001:0005a390       sf_debug_terminate         000000018005b390 f   sfc_debug:sfcdebug.obj
 0001:0005a5a0       sf_debug_set_script_cv_ids 000000018005b5a0 f   sfc_debug:sfcdebug.obj
 0001:0005a6d0       sf_debug_api               000000018005b6d0 f   sfc_debug:sfc_api.obj
 0001:0005bfc0       sf_debug_sm_terminate      000000018005cfc0 f   sfc_debug:sfdb_animation.obj
 0001:0005c170       sf_debug_reset_path_objects 000000018005d170 f   sfc_debug:sfdb_animation.obj
 0001:0005c1f0       sf_debug_sm_reset_object_selection_status 000000018005d1f0 f   sfc_debug:sfdb_animation.obj
 0001:0005c290       sf_debug_sm_reset_state_buffer 000000018005d290 f   sfc_debug:sfdb_animation.obj
 0001:0005c360       sf_debug_sm_store_state_buffer 000000018005d360 f   sfc_debug:sfdb_animation.obj
 0001:0005c3e0       sf_debug_sm_restore_state_buffer1 000000018005d3e0 f   sfc_debug:sfdb_animation.obj
 0001:0005c450       sf_debug_sm_restore_state_buffer2 000000018005d450 f   sfc_debug:sfdb_animation.obj
 0001:0005c4c0       sf_debug_sm_chart_active   000000018005d4c0 f   sfc_debug:sfdb_animation.obj
 0001:0005c510       sf_debug_sm_select_active_objects 000000018005d510 f   sfc_debug:sfdb_animation.obj
 0001:0005c9e0       sf_debug_sm_is_chart_active 000000018005d9e0 f   sfc_debug:sfdb_animation.obj
 0001:0005ca20       sf_debug_sm_is_state_active 000000018005da20 f   sfc_debug:sfdb_animation.obj
 0001:0005cc60       sf_debug_sm_get_active_states 000000018005dc60 f   sfc_debug:sfdb_animation.obj
 0001:0005d210       sf_debug_sm_initialize_instance 000000018005e210 f   sfc_debug:sfdb_animation.obj
 0001:0005d420       sf_debug_sm_change_object_selection_status 000000018005e420 f   sfc_debug:sfdb_animation.obj
 0001:0005d6f0       cv_create_interface        000000018005e6f0 f   sfc_debug:cv_sfinterface.obj
 0001:0005da00       cv_init_trans              000000018005ea00 f   sfc_debug:cv_sfinterface.obj
 0001:0005da50       cv_init_saturation         000000018005ea50 f   sfc_debug:cv_sfinterface.obj
 0001:0005da90       cv_init_testobjective      000000018005ea90 f   sfc_debug:cv_sfinterface.obj
 0001:0005dad0       cv_init_state              000000018005ead0 f   sfc_debug:cv_sfinterface.obj
 0001:0005db40       cv_init_chart              000000018005eb40 f   sfc_debug:cv_sfinterface.obj
 0001:0005db90       cv_dec_update_call         000000018005eb90 f   sfc_debug:cv_sfinterface.obj
 0001:0005dbd0       cv_cond_update_call        000000018005ebd0 f   sfc_debug:cv_sfinterface.obj
 0001:0005dc10       cv_saturation_update_call  000000018005ec10 f   sfc_debug:cv_sfinterface.obj
 0001:0005dc50       cv_saturation_update_accum 000000018005ec50 f   sfc_debug:cv_sfinterface.obj
 0001:0005dc90       cv_testobjective_update_call 000000018005ec90 f   sfc_debug:cv_sfinterface.obj
 0001:0005dcd0       cv_sigrange_update         000000018005ecd0 f   sfc_debug:cv_sfinterface.obj
 0001:0005dd10       cvsf_eml_eval              000000018005ed10 f   sfc_debug:cv_sfinterface.obj
 0001:0005ddf0       cvsf_eml_init_script       000000018005edf0 f   sfc_debug:cv_sfinterface.obj
 0001:0005de80       cvsf_eml_init_fcn          000000018005ee80 f   sfc_debug:cv_sfinterface.obj
 0001:0005dee0       cvsf_eml_init_testobjective 000000018005eee0 f   sfc_debug:cv_sfinterface.obj
 0001:0005df40       cvsf_eml_init_saturation   000000018005ef40 f   sfc_debug:cv_sfinterface.obj
 0001:0005df90       cvsf_eml_init_if           000000018005ef90 f   sfc_debug:cv_sfinterface.obj
 0001:0005dff0       cvsf_eml_init_for          000000018005eff0 f   sfc_debug:cv_sfinterface.obj
 0001:0005e040       cvsf_eml_init_while        000000018005f040 f   sfc_debug:cv_sfinterface.obj
 0001:0005e090       cvsf_eml_init_mcdc         000000018005f090 f   sfc_debug:cv_sfinterface.obj
 0001:0005e120       cvsf_eml_init_switch       000000018005f120 f   sfc_debug:cv_sfinterface.obj
 0001:0005e190       cvsf_script_eval           000000018005f190 f   sfc_debug:cv_sfinterface.obj
 0001:0005e270       cvsf_script_init_script    000000018005f270 f   sfc_debug:cv_sfinterface.obj
 0001:0005e300       cvsf_script_init_fcn       000000018005f300 f   sfc_debug:cv_sfinterface.obj
 0001:0005e360       cvsf_script_init_testobjective 000000018005f360 f   sfc_debug:cv_sfinterface.obj
 0001:0005e3c0       cvsf_script_init_saturation 000000018005f3c0 f   sfc_debug:cv_sfinterface.obj
 0001:0005e410       cvsf_script_init_if        000000018005f410 f   sfc_debug:cv_sfinterface.obj
 0001:0005e470       cvsf_script_init_for       000000018005f470 f   sfc_debug:cv_sfinterface.obj
 0001:0005e4c0       cvsf_script_init_while     000000018005f4c0 f   sfc_debug:cv_sfinterface.obj
 0001:0005e510       cvsf_script_init_mcdc      000000018005f510 f   sfc_debug:cv_sfinterface.obj
 0001:0005e5a0       cvsf_script_init_switch    000000018005f5a0 f   sfc_debug:cv_sfinterface.obj
 0001:0005e610       cv_destroy_interface       000000018005f610 f   sfc_debug:cv_sfinterface.obj
 0001:0005e630       cv_create_instance_objects 000000018005f630 f   sfc_debug:cv_sfinterface.obj
 0001:0005eaa0       cv_is_enabled              000000018005faa0 f   sfc_debug:cv_sfinterface.obj
 0001:0005eab0       sf_debug_cv_initialize_script 000000018005fab0 f   sfc_debug:cv_sfinterface.obj
 0001:0005ec40       sf_debug_cv_initialize_instance 000000018005fc40 f   sfc_debug:cv_sfinterface.obj
 0001:0005efd0       sf_debug_cv_terminate_chart 000000018005ffd0 f   sfc_debug:cv_sfinterface.obj
 0001:0005f0f0       cv_call_trans_test         00000001800600f0 f   sfc_debug:cv_sfinterface.obj
 0001:0005f100       cv_call_sub_cond_test      0000000180060100 f   sfc_debug:cv_sfinterface.obj
 0001:0005f140       sf_debug_st_initialize_machine 0000000180060140 f   sfc_debug:sfdb_data_browse.obj
 0001:0005f1f0       sf_debug_st_initialize_instance 00000001800601f0 f   sfc_debug:sfdb_data_browse.obj
 0001:0005f400       sf_debug_st_terminate      0000000180060400 f   sfc_debug:sfdb_data_browse.obj
 0001:0005f7a0       sf_debug_st_set_data_value_ptr_in_machine 00000001800607a0 f   sfc_debug:sfdb_data_browse.obj
 0001:0005f830       sf_debug_st_set_data_value_ptr_in_instance 0000000180060830 f   sfc_debug:sfdb_data_browse.obj
 0001:0005f910       sf_debug_st_unset_data_value_ptr_in_machine 0000000180060910 f   sfc_debug:sfdb_data_browse.obj
 0001:0005f980       sf_debug_st_unset_data_value_ptr_in_instance 0000000180060980 f   sfc_debug:sfdb_data_browse.obj
 0001:0005fc40       sf_debug_mx_value          0000000180060c40 f   sfc_debug:sfdb_data_browse.obj
 0001:0005fca0       sf_debug_mx_packed_vector  0000000180060ca0 f   sfc_debug:sfdb_data_browse.obj
 0001:0005fd80       sf_debug_mx_uint_vector    0000000180060d80 f   sfc_debug:sfdb_data_browse.obj
 0001:0005fe30       sf_debug_st_get_double_value_from_void_ptr_vector 0000000180060e30 f   sfc_debug:sfdb_data_browse.obj
 0001:00060910       sf_debug_st_browse_data    0000000180061910 f   sfc_debug:sfdb_data_browse.obj
 0001:00061150       sf_debug_hm_initialize_instance 0000000180062150 f   sfc_debug:sfdb_handle_management.obj
 0001:00061630       sf_debug_hm_get_object_id  0000000180062630 f   sfc_debug:sfdb_handle_management.obj
 0001:000621e0       sf_debug_hm_update_chart_visibility 00000001800631e0 f   sfc_debug:sfdb_handle_management.obj
 0001:000633d0       sf_debug_object_is_eml_function 00000001800643d0 f   sfc_debug:sfdb_handle_management.obj
 0001:00063440       sf_debug_hm_initialize_ids_in_machine 0000000180064440 f   sfc_debug:sfdb_handle_management.obj
 0001:000635b0       sf_debug_hm_initialize_ids_in_chart 00000001800645b0 f   sfc_debug:sfdb_handle_management.obj
 0001:000636b0       sf_debug_hm_initialize_chart 00000001800646b0 f   sfc_debug:sfdb_handle_management.obj
 0001:00063db0       sf_debug_hm_terminate      0000000180064db0 f   sfc_debug:sfdb_handle_management.obj
 0001:00063e10       sf_debug_hm_initialize_machine 0000000180064e10 f   sfc_debug:sfdb_handle_management.obj
 0001:00064530       sf_debug_ss_initialize     0000000180065530 f   sfc_debug:sfdb_symbol_scope.obj
 0001:00064550       sf_debug_ss_terminate      0000000180065550 f   sfc_debug:sfdb_symbol_scope.obj
 0001:000645e0       sf_debug_ss_push_symbol_scope 00000001800655e0 f   sfc_debug:sfdb_symbol_scope.obj
 0001:000646e0       sf_debug_ss_push_symbol_scope_eml 00000001800656e0 f   sfc_debug:sfdb_symbol_scope.obj
 0001:00064740       sf_debug_ss_pop_symbol_scope 0000000180065740 f   sfc_debug:sfdb_symbol_scope.obj
 0001:000647f0       sf_debug_ss_add_symbol     00000001800657f0 f   sfc_debug:sfdb_symbol_scope.obj
 0001:00064960       sf_debug_ss_add_symbol_eml 0000000180065960 f   sfc_debug:sfdb_symbol_scope.obj
 0001:00065860       sf_debug_ss_set_data_value 0000000180066860 f   sfc_debug:sfdb_symbol_scope.obj
 0001:00065cb0       getInstanceNumber          0000000180066cb0 f   sfc_debug:sfdb_symbol_scope.obj
 0001:00065d80       sf_debug_ss_watch_data     0000000180066d80 f   sfc_debug:sfdb_symbol_scope.obj
 0001:00065f70       sf_debug_ss_assign_data    0000000180066f70 f   sfc_debug:sfdb_symbol_scope.obj
 0001:00066980       get_data_entry_name        0000000180067980 f   sfc_debug:sfdb_symbol_scope.obj
 0001:000669d0       sf_debug_ss_whos           00000001800679d0 f   sfc_debug:sfdb_symbol_scope.obj
 0001:00067020       sf_debug_cc_initialize_chart 0000000180068020 f   sfc_debug:sfdb_coverage.obj
 0001:00067a10       sf_debug_cc_initialize_instance 0000000180068a10 f   sfc_debug:sfdb_coverage.obj
 0001:00068750       sf_debug_cc_terminate      0000000180069750 f   sfc_debug:sfdb_coverage.obj
 0001:00068840       sf_debug_cc_set_transition_maps 0000000180069840 f   sfc_debug:sfdb_coverage.obj
 0001:00068970       sf_debug_cc_set_state_maps 0000000180069970 f   sfc_debug:sfdb_coverage.obj
 0001:00068a50       sf_debug_cc_set_transition_weights 0000000180069a50 f   sfc_debug:sfdb_coverage.obj
 0001:00068d10       sf_debug_cc_set_state_weights 0000000180069d10 f   sfc_debug:sfdb_coverage.obj
 0001:00068fe0       sf_debug_cc_mark_transition_guard 0000000180069fe0 f   sfc_debug:sfdb_coverage.obj
 0001:00069070       sf_debug_cc_mark_transition_trigger 000000018006a070 f   sfc_debug:sfdb_coverage.obj
 0001:00069100       sf_debug_cc_mark_transition_decision 000000018006a100 f   sfc_debug:sfdb_coverage.obj
 0001:00069170       sf_debug_cc_mark_transition_condition_action 000000018006a170 f   sfc_debug:sfdb_coverage.obj
 0001:000691c0       sf_debug_cc_mark_transition_transition_action 000000018006a1c0 f   sfc_debug:sfdb_coverage.obj
 0001:00069210       sf_debug_cc_mark_state_entry 000000018006a210 f   sfc_debug:sfdb_coverage.obj
 0001:00069260       sf_debug_cc_mark_state_during 000000018006a260 f   sfc_debug:sfdb_coverage.obj
 0001:000692b0       sf_debug_cc_mark_state_exit 000000018006a2b0 f   sfc_debug:sfdb_coverage.obj
 0001:00069300       sf_debug_bm_clear_script_breakpoints 000000018006a300 f   sfc_debug:sfdb_breakpoints.obj
 0001:00069330       sf_debug_bm_set_script_breakpoint 000000018006a330 f   sfc_debug:sfdb_breakpoints.obj
 0001:000693b0       sf_debug_bm_clear_single_script_breakpoint 000000018006a3b0 f   sfc_debug:sfdb_breakpoints.obj
 0001:00069430       sf_debug_bm_query_script_breakpoint 000000018006a430 f   sfc_debug:sfdb_breakpoints.obj
 0001:00069480       sf_debug_bm_initialize_scripts 000000018006a480 f   sfc_debug:sfdb_breakpoints.obj
 0001:00069b10       sf_debug_bm_terminate      000000018006ab10 f   sfc_debug:sfdb_breakpoints.obj
 0001:00069df0       sf_debug_bm_remove_all_breakpoints_in_machine 000000018006adf0 f   sfc_debug:sfdb_breakpoints.obj
 0001:00069e50       sf_debug_bm_remove_all_breakpoints_in_chart 000000018006ae50 f   sfc_debug:sfdb_breakpoints.obj
 0001:00069fa0       sf_debug_bm_initialize_global_breakpoints 000000018006afa0 f   sfc_debug:sfdb_breakpoints.obj
 0001:0006a120       sf_debug_bm_set_breakpoint 000000018006b120 f   sfc_debug:sfdb_breakpoints.obj
 0001:0006a6e0       sf_debug_bm_set_eml_breakpoint 000000018006b6e0 f   sfc_debug:sfdb_breakpoints.obj
 0001:0006a770       sf_debug_bm_initialize_machine_breakpoint_map 000000018006b770 f   sfc_debug:sfdb_breakpoints.obj
 0001:0006ab90       sf_debug_bm_is_a_breakpoint 000000018006bb90 f   sfc_debug:sfdb_breakpoints.obj
 0001:0006b0b0       sf_debug_bm_get_all_breakpoints_in_machine 000000018006c0b0 f   sfc_debug:sfdb_breakpoints.obj
 0001:0006b3b0       sf_debug_bm_get_all_breakpoints_in_chart 000000018006c3b0 f   sfc_debug:sfdb_breakpoints.obj
 0001:0006bf40       sf_debug_bm_initialize_machine 000000018006cf40 f   sfc_debug:sfdb_breakpoints.obj
 0001:0006c010       sf_debug_bm_initialize_chart 000000018006d010 f   sfc_debug:sfdb_breakpoints.obj
 0001:0006c400       sf_debug_sc_terminate      000000018006d400 f   sfc_debug:sfdb_state_consistency.obj
 0001:0006c720       sf_debug_sc_is_chart_consistent 000000018006d720 f   sfc_debug:sfdb_state_consistency.obj
 0001:0006c9d0       sf_debug_sc_get_consistency_error_info 000000018006d9d0 f   sfc_debug:sfdb_state_consistency.obj
 0001:0006cde0       sf_debug_tm_terminate      000000018006dde0 f   sfc_debug:sfdb_call_stack.obj
 0001:0006ce90       sf_debug_tm_push_chart_instance 000000018006de90 f   sfc_debug:sfdb_call_stack.obj
 0001:0006cfd0       sf_debug_tm_pop_chart_instance 000000018006dfd0 f   sfc_debug:sfdb_call_stack.obj
 0001:0006d030       sf_debug_tm_push_trace_node 000000018006e030 f   sfc_debug:sfdb_call_stack.obj
 0001:0006d1b0       sf_debug_tm_pop_trace_node 000000018006e1b0 f   sfc_debug:sfdb_call_stack.obj
 0001:0006d230       sf_debug_tm_get_current_global_trace_index 000000018006e230 f   sfc_debug:sfdb_call_stack.obj
 0001:0006d240       sf_debug_tm_get_current_local_trace_index 000000018006e240 f   sfc_debug:sfdb_call_stack.obj
 0001:0006d270       sf_debug_tm_set_cycle_detected_flag 000000018006e270 f   sfc_debug:sfdb_call_stack.obj
 0001:0006d2b0       sf_debug_tm_set_cycle_started_flag 000000018006e2b0 f   sfc_debug:sfdb_call_stack.obj
 0001:0006d2f0       sf_debug_tm_get_chart_number_from_stack 000000018006e2f0 f   sfc_debug:sfdb_call_stack.obj
 0001:0006d4f0       sf_debug_tm_browse_trace   000000018006e4f0 f   sfc_debug:sfdb_call_stack.obj
 0001:0006d800       sf_debug_cd_initialize_instance 000000018006e800 f   sfc_debug:sfdb_cycle_detection.obj
 0001:0006dab0       sf_debug_cd_mark_processed_transition_in_instance 000000018006eab0 f   sfc_debug:sfdb_cycle_detection.obj
 0001:0006db50       sf_debug_cd_checksum_push  000000018006eb50 f   sfc_debug:sfdb_cycle_detection.obj
 0001:0006de00       sf_debug_cd_checksum_pop   000000018006ee00 f   sfc_debug:sfdb_cycle_detection.obj
 0001:0006de70       sf_debug_cd_turn_off_cycle_detection 000000018006ee70 f   sfc_debug:sfdb_cycle_detection.obj
 0001:0006dec0       sf_debug_cd_terminate      000000018006eec0 f   sfc_debug:sfdb_cycle_detection.obj
 0001:0006e0f0       md5_initialize_state       000000018006f0f0 f   sfc_debug:ckmd5.obj
 0001:0006eb80       md5_update_state           000000018006fb80 f   sfc_debug:ckmd5.obj
 0001:0006eba0       md5_get_hash               000000018006fba0 f   sfc_debug:ckmd5.obj
 0001:0006ebd0       md5_get_hash_for_a_single_string 000000018006fbd0 f   sfc_debug:ckmd5.obj
 0001:0006ec30       mxGetPr                    000000018006fc30 f   libmx:libmx.dll
 0001:0006ec36       mxSetField_730             000000018006fc36 f   libmx:libmx.dll
 0001:0006ec3c       mxDestroyArray             000000018006fc3c f   libmx:libmx.dll
 0001:0006ec42       mxCreateDoubleMatrix_730   000000018006fc42 f   libmx:libmx.dll
 0001:0006ec48       mxCreateDoubleScalar       000000018006fc48 f   libmx:libmx.dll
 0001:0006ec4e       mxCreateString             000000018006fc4e f   libmx:libmx.dll
 0001:0006ec54       mxCreateCellMatrix_730     000000018006fc54 f   libmx:libmx.dll
 0001:0006ec5a       mxCreateStructMatrix_730   000000018006fc5a f   libmx:libmx.dll
 0001:0006ec60       mxDuplicateArray           000000018006fc60 f   libmx:libmx.dll
 0001:0006ec66       mxCalloc                   000000018006fc66 f   libmx:libmx.dll
 0001:0006ec6c       mxGetClassID               000000018006fc6c f   libmx:libmx.dll
 0001:0006ec72       mxIsNumeric                000000018006fc72 f   libmx:libmx.dll
 0001:0006ec78       mxIsChar                   000000018006fc78 f   libmx:libmx.dll
 0001:0006ec7e       mxIsComplex                000000018006fc7e f   libmx:libmx.dll
 0001:0006ec84       mxGetM                     000000018006fc84 f   libmx:libmx.dll
 0001:0006ec8a       mxGetN                     000000018006fc8a f   libmx:libmx.dll
 0001:0006ec90       mxGetString_730            000000018006fc90 f   libmx:libmx.dll
 0001:0006ec96       mxGetScalar                000000018006fc96 f   libmx:libmx.dll
 0001:0006ec9c       mxGetString_700            000000018006fc9c f   libmx:libmx.dll
 0001:0006eca2       mxFree                     000000018006fca2 f   libmx:libmx.dll
 0001:0006eca8       mxArrayToString            000000018006fca8 f   libmx:libmx.dll
 0001:0006ecae       mxGetNumberOfElements      000000018006fcae f   libmx:libmx.dll
 0001:0006ecb4       mxGetField_700             000000018006fcb4 f   libmx:libmx.dll
 0001:0006ecba       mxSetFieldByNumber_700     000000018006fcba f   libmx:libmx.dll
 0001:0006ecc0       mxCreateStructArray_700    000000018006fcc0 f   libmx:libmx.dll
 0001:0006ecc6       mxGetData                  000000018006fcc6 f   libmx:libmx.dll
 0001:0006eccc       mxCreateNumericArray_700   000000018006fccc f   libmx:libmx.dll
 0001:0006ecd2       mxIsLogical                000000018006fcd2 f   libmx:libmx.dll
 0001:0006ecd8       mxCreateDoubleMatrix_700   000000018006fcd8 f   libmx:libmx.dll
 0001:0006ecde       mxCreateCellMatrix_700     000000018006fcde f   libmx:libmx.dll
 0001:0006ece4       mxSetCell_700              000000018006fce4 f   libmx:libmx.dll
 0001:0006ecea       mxGetCell_700              000000018006fcea f   libmx:libmx.dll
 0001:0006ecf0       mxGetClassName             000000018006fcf0 f   libmx:libmx.dll
 0001:0006ecf6       mxSetField_700             000000018006fcf6 f   libmx:libmx.dll
 0001:0006ecfc       mxAddField                 000000018006fcfc f   libmx:libmx.dll
 0001:0006ed02       mxIsStruct                 000000018006fd02 f   libmx:libmx.dll
 0001:0006ed08       mxIsA                      000000018006fd08 f   libmx:libmx.dll
 0001:0006ed0e       mxIsClass                  000000018006fd0e f   libmx:libmx.dll
 0001:0006ed14       mxGetLogicals              000000018006fd14 f   libmx:libmx.dll
 0001:0006ed1a       mxIsSparse                 000000018006fd1a f   libmx:libmx.dll
 0001:0006ed20       mxGetFieldByNumber_700     000000018006fd20 f   libmx:libmx.dll
 0001:0006ed26       mxGetFieldNameByNumber     000000018006fd26 f   libmx:libmx.dll
 0001:0006ed2c       mxGetNumberOfFields        000000018006fd2c f   libmx:libmx.dll
 0001:0006ed32       mxCreateStructMatrix_700   000000018006fd32 f   libmx:libmx.dll
 0001:0006ed38       mxGetFieldNumber           000000018006fd38 f   libmx:libmx.dll
 0001:0006ed3e       mxIsNaN                    000000018006fd3e f   libmx:libmx.dll
 0001:0006ed44       mxIsEmpty                  000000018006fd44 f   libmx:libmx.dll
 0001:0006ed4a       mxGetImagData              000000018006fd4a f   libmx:libmx.dll
 0001:0006ed50       mxArrayClassIDName         000000018006fd50 f   libmx:libmx.dll
 0001:0006ed56       mxCreateNumericMatrix_700  000000018006fd56 f   libmx:libmx.dll
 0001:0006ed5c       mxCalcSingleSubscript_700  000000018006fd5c f   libmx:libmx.dll
 0001:0006ed62       mxGetDimensions_700        000000018006fd62 f   libmx:libmx.dll
 0001:0006ed68       mxGetNumberOfDimensions_700 000000018006fd68 f   libmx:libmx.dll
 0001:0006ed6e       mxGetElementSize           000000018006fd6e f   libmx:libmx.dll
 0001:0006ed74       mxCreateStringFromNChars_700 000000018006fd74 f   libmx:libmx.dll
 0001:0006ed7a       mxIsLogicalScalarTrue      000000018006fd7a f   libmx:libmx.dll
 0001:0006ed80       mxCreateLogicalScalar      000000018006fd80 f   libmx:libmx.dll
 0001:0006ed86       mexErrMsgTxt               000000018006fd86 f   libmex:libmex.dll
 0001:0006ed8c       mexWarnMsgTxt              000000018006fd8c f   libmex:libmex.dll
 0001:0006ed92       mexCallMATLAB              000000018006fd92 f   libmex:libmex.dll
 0001:0006ed98       mexUnlock                  000000018006fd98 f   libmex:libmex.dll
 0001:0006ed9e       mexIsLocked                000000018006fd9e f   libmex:libmex.dll
 0001:0006eda4       mexMakeArrayPersistent     000000018006fda4 f   libmex:libmex.dll
 0001:0006edaa       mexLock                    000000018006fdaa f   libmex:libmex.dll
 0001:0006edb0       mexMakeMemoryPersistent    000000018006fdb0 f   libmex:libmex.dll
 0001:0006edb6       mexSetTrapFlag             000000018006fdb6 f   libmex:libmex.dll
 0001:0006edbc       mexPutVariable             000000018006fdbc f   libmex:libmex.dll
 0001:0006edc2       mexGetVariable             000000018006fdc2 f   libmex:libmex.dll
 0001:0006edc8       mexFunctionName            000000018006fdc8 f   libmex:libmex.dll
 0001:0006edce       ssRegisterDataTypeFxpFSlopeFixExpBias 000000018006fdce f   libfixedpoint:libfixedpoint.dll
 0001:0006edd4       ssRegisterDataTypeFxpScaledDouble 000000018006fdd4 f   libfixedpoint:libfixedpoint.dll
 0001:0006edda       utMalloc                   000000018006fdda f   libut:libut.dll
 0001:0006ede0       utFree                     000000018006fde0 f   libut:libut.dll
 0001:0006ede6       utCPUtime                  000000018006fde6 f   libut:libut.dll
 0001:0006edec       utVSNprintf                000000018006fdec f   libut:libut.dll
 0001:0006edf2       utCalloc                   000000018006fdf2 f   libut:libut.dll
 0001:0006edf8       utRealloc                  000000018006fdf8 f   libut:libut.dll
 0001:0006edfe       muDoubleScalarAbs          000000018006fdfe f   libmwmathutil:libmwmathutil.dll
 0001:0006ee04       muDoubleScalarCos          000000018006fe04 f   libmwmathutil:libmwmathutil.dll
 0001:0006ee0a       muDoubleScalarSin          000000018006fe0a f   libmwmathutil:libmwmathutil.dll
 0001:0006ee10       muDoubleScalarAtan         000000018006fe10 f   libmwmathutil:libmwmathutil.dll
 0001:0006ee16       muDoubleScalarAtan2        000000018006fe16 f   libmwmathutil:libmwmathutil.dll
 0001:0006ee1c       muDoubleScalarSqrt         000000018006fe1c f   libmwmathutil:libmwmathutil.dll
 0001:0006ee22       emlrtCreateRootTLS         000000018006fe22 f   libemlrt:libemlrt.dll
 0001:0006ee28       emlrtDestroyRootTLS        000000018006fe28 f   libemlrt:libemlrt.dll
 0001:0006ee2e       emlrtCheckBuiltInR2012b    000000018006fe2e f   libemlrt:libemlrt.dll
 0001:0006ee34       emlrtCheckVsBuiltInR2012b  000000018006fe34 f   libemlrt:libemlrt.dll
 0001:0006ee3a       emlrtCheckEnumR2012b       000000018006fe3a f   libemlrt:libemlrt.dll
 0001:0006ee40       emlrtCreateEnumR2012b      000000018006fe40 f   libemlrt:libemlrt.dll
 0001:0006ee46       emlrtGetEnumElementR2009a  000000018006fe46 f   libemlrt:libemlrt.dll
 0001:0006ee4c       emlrtCreateReference       000000018006fe4c f   libemlrt:libemlrt.dll
 0001:0006ee52       emlrtImportVsFiArrayR2009b 000000018006fe52 f   libemlrt:libemlrt.dll
 0001:0006ee58       emlrtNameCapturePostProcessR2012a 000000018006fe58 f   libemlrt:libemlrt.dll
 0001:0006ee5e       emlrtExtractMessageId      000000018006fe5e f   libemlrt:libemlrt.dll
 0001:0006ee64       emlrtTranslateMessageIDtoLCPstring 000000018006fe64 f   libemlrt:libemlrt.dll
 0001:0006ee6a       emlrtForLoopVectorIsValidR2011b 000000018006fe6a f   libemlrt:libemlrt.dll
 0001:0006ee70       emlrtTranslateUTF16MessagetoLCPstring 000000018006fe70 f   libemlrt:libemlrt.dll
 0001:0006ee76       emlrtGetEnumUnderlyingArrayR2009a 000000018006fe76 f   libemlrt:libemlrt.dll
 0001:0006ee7c       emlrtIsEnumR2009a          000000018006fe7c f   libemlrt:libemlrt.dll
 0001:0006ee82       memset                     000000018006fe82 f   MSVCRT:MSVCR110.dll
 0001:0006ee88       strlen                     000000018006fe88 f   MSVCRT:MSVCR110.dll
 0001:0006ee90       __GSHandlerCheck           000000018006fe90 f   MSVCRT:gshandler.obj
 0001:0006eeb0       __GSHandlerCheckCommon     000000018006feb0 f   MSVCRT:gshandler.obj
 0001:0006ef30       _alloca_probe              000000018006ff30     MSVCRT:chkstk.obj
 0001:0006ef30       __chkstk                   000000018006ff30 f   MSVCRT:chkstk.obj
 0001:0006ef90       __security_check_cookie    000000018006ff90 f   MSVCRT:amdsecgs.obj
 0001:0006efb0       __raise_securityfailure    000000018006ffb0 f   MSVCRT:gs_report.obj
 0001:0006effc       __report_gsfailure         000000018006fffc f   MSVCRT:gs_report.obj
 0001:0006f0d0       __report_rangecheckfailure 00000001800700d0 f   MSVCRT:gs_report.obj
 0001:0006f0e4       __report_securityfailure   00000001800700e4 f   MSVCRT:gs_report.obj
 0001:0006f180       __report_securityfailureEx 0000000180070180 f   MSVCRT:gs_report.obj
 0001:0006f28e       memcpy                     000000018007028e f   MSVCRT:MSVCR110.dll
 0001:0006f294       strcat                     0000000180070294 f   MSVCRT:MSVCR110.dll
 0001:0006f29a       strcmp                     000000018007029a f   MSVCRT:MSVCR110.dll
 0001:0006f2a0       sprintf                    00000001800702a0 f   MSVCRT:MSVCR110.dll
 0001:0006f2a6       free                       00000001800702a6 f   MSVCRT:MSVCR110.dll
 0001:0006f2ac       malloc                     00000001800702ac f   MSVCRT:MSVCR110.dll
 0001:0006f314       NtCurrentTeb               0000000180070314 f i MSVCRT:crtdll.obj
 0001:0006f320       _CRT_INIT                  0000000180070320 f   MSVCRT:crtdll.obj
 0001:0006f56c       _DllMainCRTStartup         000000018007056c f   MSVCRT:crtdll.obj
 0001:0006f6e2       _setjmp                    00000001800706e2 f   MSVCRT:MSVCR110.dll
 0001:0006f6e8       strncpy                    00000001800706e8 f   MSVCRT:MSVCR110.dll
 0001:0006f6ee       longjmp                    00000001800706ee f   MSVCRT:MSVCR110.dll
 0001:0006f6f4       strncmp                    00000001800706f4 f   MSVCRT:MSVCR110.dll
 0001:0006f6fa       ceil                       00000001800706fa f   MSVCRT:MSVCR110.dll
 0001:0006f700       strrchr                    0000000180070700 f   MSVCRT:MSVCR110.dll
 0001:0006f706       ldexp                      0000000180070706 f   MSVCRT:MSVCR110.dll
 0001:0006f70c       __crt_debugger_hook        000000018007070c f   MSVCRT:MSVCR110.dll
 0001:0006f712       __crtUnhandledException    0000000180070712 f   MSVCRT:MSVCR110.dll
 0001:0006f718       __crtTerminateProcess      0000000180070718 f   MSVCRT:MSVCR110.dll
 0001:0006f71e       __crtCaptureCurrentContext 000000018007071e f   MSVCRT:MSVCR110.dll
 0001:0006f724       __crtCapturePreviousContext 0000000180070724 f   MSVCRT:MSVCR110.dll
 0001:0006f72a       __CppXcptFilter            000000018007072a f   MSVCRT:MSVCR110.dll
 0001:0006f730       _amsg_exit                 0000000180070730 f   MSVCRT:MSVCR110.dll
 0001:0006f740       _FindPESection             0000000180070740 f   MSVCRT:pesect.obj
 0001:0006f790       _IsNonwritableInCurrentImage 0000000180070790 f   MSVCRT:pesect.obj
 0001:0006f7e0       _ValidateImageBase         00000001800707e0 f   MSVCRT:pesect.obj
 0001:0006f810       __atonexitinit             0000000180070810 f   MSVCRT:atonexit.obj
 0001:0006f860       _onexit                    0000000180070860 f   MSVCRT:atonexit.obj
 0001:0006f910       atexit                     0000000180070910 f   MSVCRT:atonexit.obj
 0001:0006f928       __security_init_cookie     0000000180070928 f   MSVCRT:gs_support.obj
 0001:0006f9e0       DllMain                    00000001800709e0 f   MSVCRT:dllmain.obj
 0001:0006fa04       _malloc_crt                0000000180070a04 f   MSVCRT:MSVCR110.dll
 0001:0006fa0c       _RTC_Initialize            0000000180070a0c f   MSVCRT:initsect.obj
 0001:0006fa44       _RTC_Terminate             0000000180070a44 f   MSVCRT:initsect.obj
 0001:0006fa7c       _initterm                  0000000180070a7c f   MSVCRT:MSVCR110.dll
 0001:0006fa82       _initterm_e                0000000180070a82 f   MSVCRT:MSVCR110.dll
 0001:0006fa88       __clean_type_info_names    0000000180070a88 f   MSVCRT:tncleanup.obj
 0001:0006fa94       __C_specific_handler       0000000180070a94 f   MSVCRT:MSVCR110.dll
 0001:0006fa9a       _lock                      0000000180070a9a f   MSVCRT:MSVCR110.dll
 0001:0006faa0       _unlock                    0000000180070aa0 f   MSVCRT:MSVCR110.dll
 0001:0006faa6       _calloc_crt                0000000180070aa6 f   MSVCRT:MSVCR110.dll
 0001:0006faac       __dllonexit                0000000180070aac f   MSVCRT:MSVCR110.dll
 0001:0006fab2       __clean_type_info_names_internal 0000000180070ab2 f   MSVCRT:MSVCR110.dll
 0001:0006fab8       IsDebuggerPresent          0000000180070ab8 f   kernel32:KERNEL32.dll
 0001:0006fabe       IsProcessorFeaturePresent  0000000180070abe f   kernel32:KERNEL32.dll
 0001:0006fac4       EncodePointer              0000000180070ac4 f   kernel32:KERNEL32.dll
 0001:0006faca       DecodePointer              0000000180070aca f   kernel32:KERNEL32.dll
 0001:0006fad0       QueryPerformanceCounter    0000000180070ad0 f   kernel32:KERNEL32.dll
 0001:0006fad6       GetCurrentThreadId         0000000180070ad6 f   kernel32:KERNEL32.dll
 0001:0006fadc       GetSystemTimeAsFileTime    0000000180070adc f   kernel32:KERNEL32.dll
 0001:0006fae2       GetTickCount64             0000000180070ae2 f   kernel32:KERNEL32.dll
 0001:0006fae8       DisableThreadLibraryCalls  0000000180070ae8 f   kernel32:KERNEL32.dll
 0002:00000000       __imp_IsProcessorFeaturePresent 0000000180071000     kernel32:KERNEL32.dll
 0002:00000008       __imp_IsDebuggerPresent    0000000180071008     kernel32:KERNEL32.dll
 0002:00000010       __imp_DecodePointer        0000000180071010     kernel32:KERNEL32.dll
 0002:00000018       __imp_QueryPerformanceCounter 0000000180071018     kernel32:KERNEL32.dll
 0002:00000020       __imp_GetCurrentThreadId   0000000180071020     kernel32:KERNEL32.dll
 0002:00000028       __imp_GetSystemTimeAsFileTime 0000000180071028     kernel32:KERNEL32.dll
 0002:00000030       __imp_GetTickCount64       0000000180071030     kernel32:KERNEL32.dll
 0002:00000038       __imp_DisableThreadLibraryCalls 0000000180071038     kernel32:KERNEL32.dll
 0002:00000040       __imp_EncodePointer        0000000180071040     kernel32:KERNEL32.dll
 0002:00000048       \177KERNEL32_NULL_THUNK_DATA 0000000180071048     kernel32:KERNEL32.dll
 0002:00000050       __imp___clean_type_info_names_internal 0000000180071050     MSVCRT:MSVCR110.dll
 0002:00000058       __imp__onexit              0000000180071058     MSVCRT:MSVCR110.dll
 0002:00000060       __imp___dllonexit          0000000180071060     MSVCRT:MSVCR110.dll
 0002:00000068       __imp__calloc_crt          0000000180071068     MSVCRT:MSVCR110.dll
 0002:00000070       __imp__unlock              0000000180071070     MSVCRT:MSVCR110.dll
 0002:00000078       __imp__lock                0000000180071078     MSVCRT:MSVCR110.dll
 0002:00000080       __imp___C_specific_handler 0000000180071080     MSVCRT:MSVCR110.dll
 0002:00000088       __imp__initterm_e          0000000180071088     MSVCRT:MSVCR110.dll
 0002:00000090       __imp__initterm            0000000180071090     MSVCRT:MSVCR110.dll
 0002:00000098       __imp__malloc_crt          0000000180071098     MSVCRT:MSVCR110.dll
 0002:000000a0       __imp__amsg_exit           00000001800710a0     MSVCRT:MSVCR110.dll
 0002:000000a8       __imp___CppXcptFilter      00000001800710a8     MSVCRT:MSVCR110.dll
 0002:000000b0       __imp___crtCapturePreviousContext 00000001800710b0     MSVCRT:MSVCR110.dll
 0002:000000b8       __imp___crtCaptureCurrentContext 00000001800710b8     MSVCRT:MSVCR110.dll
 0002:000000c0       __imp___crtTerminateProcess 00000001800710c0     MSVCRT:MSVCR110.dll
 0002:000000c8       __imp___crtUnhandledException 00000001800710c8     MSVCRT:MSVCR110.dll
 0002:000000d0       __imp___crt_debugger_hook  00000001800710d0     MSVCRT:MSVCR110.dll
 0002:000000d8       __imp_ldexp                00000001800710d8     MSVCRT:MSVCR110.dll
 0002:000000e0       __imp_strrchr              00000001800710e0     MSVCRT:MSVCR110.dll
 0002:000000e8       __imp_ceil                 00000001800710e8     MSVCRT:MSVCR110.dll
 0002:000000f0       __imp_strncmp              00000001800710f0     MSVCRT:MSVCR110.dll
 0002:000000f8       __imp_longjmp              00000001800710f8     MSVCRT:MSVCR110.dll
 0002:00000100       __imp_strncpy              0000000180071100     MSVCRT:MSVCR110.dll
 0002:00000108       __imp__setjmp              0000000180071108     MSVCRT:MSVCR110.dll
 0002:00000110       __imp_malloc               0000000180071110     MSVCRT:MSVCR110.dll
 0002:00000118       __imp_free                 0000000180071118     MSVCRT:MSVCR110.dll
 0002:00000120       __imp_sprintf              0000000180071120     MSVCRT:MSVCR110.dll
 0002:00000128       __imp_strcmp               0000000180071128     MSVCRT:MSVCR110.dll
 0002:00000130       __imp_strcat               0000000180071130     MSVCRT:MSVCR110.dll
 0002:00000138       __imp_memcpy               0000000180071138     MSVCRT:MSVCR110.dll
 0002:00000140       __imp_strlen               0000000180071140     MSVCRT:MSVCR110.dll
 0002:00000148       __imp_memset               0000000180071148     MSVCRT:MSVCR110.dll
 0002:00000150       \177MSVCR110_NULL_THUNK_DATA 0000000180071150     MSVCRT:MSVCR110.dll
 0002:00000158       __imp_emlrtIsEnumR2009a    0000000180071158     libemlrt:libemlrt.dll
 0002:00000160       __imp_emlrtGetEnumUnderlyingArrayR2009a 0000000180071160     libemlrt:libemlrt.dll
 0002:00000168       __imp_emlrtTranslateUTF16MessagetoLCPstring 0000000180071168     libemlrt:libemlrt.dll
 0002:00000170       __imp_emlrtForLoopVectorIsValidR2011b 0000000180071170     libemlrt:libemlrt.dll
 0002:00000178       __imp_emlrtTranslateMessageIDtoLCPstring 0000000180071178     libemlrt:libemlrt.dll
 0002:00000180       __imp_emlrtExtractMessageId 0000000180071180     libemlrt:libemlrt.dll
[...]
 0004:000031ec       $pdata$get_data_info_helper 00000001800941ec     sfc_debug:sfdb_symbol_scope.obj
 0004:000031f8       $pdata$1$get_data_info_helper 00000001800941f8     sfc_debug:sfdb_symbol_scope.obj
 0004:00003204       $pdata$2$get_data_info_helper 0000000180094204     sfc_debug:sfdb_symbol_scope.obj
 0004:00003210       $pdata$3$get_data_info_helper 0000000180094210     sfc_debug:sfdb_symbol_scope.obj
 0004:0000321c       $pdata$4$get_data_info_helper 000000018009421c     sfc_debug:sfdb_symbol_scope.obj
 0004:00003228       $pdata$5$get_data_info_helper 0000000180094228     sfc_debug:sfdb_symbol_scope.obj
 0004:00003234       $pdata$6$get_data_info_helper 0000000180094234     sfc_debug:sfdb_symbol_scope.obj
 0004:00003240       $pdata$sf_debug_ss_get_data_info 0000000180094240     sfc_debug:sfdb_symbol_scope.obj
 0004:0000324c       $pdata$sf_debug_ss_set_data_value_try 000000018009424c     sfc_debug:sfdb_symbol_scope.obj
 0004:00003258       $pdata$sf_debug_ss_set_data_value 0000000180094258     sfc_debug:sfdb_symbol_scope.obj
 0004:00003264       $pdata$sf_debug_ss_get_data_value 0000000180094264     sfc_debug:sfdb_symbol_scope.obj
 0004:00003270       $pdata$getInstanceNumber   0000000180094270     sfc_debug:sfdb_symbol_scope.obj
 0004:0000327c       $pdata$sf_debug_ss_watch_data 000000018009427c     sfc_debug:sfdb_symbol_scope.obj
 0004:00003288       $pdata$0$sf_debug_ss_watch_data 0000000180094288     sfc_debug:sfdb_symbol_scope.obj
 0004:00003294       $pdata$1$sf_debug_ss_watch_data 0000000180094294     sfc_debug:sfdb_symbol_scope.obj
 0004:000032a0       $pdata$2$sf_debug_ss_watch_data 00000001800942a0     sfc_debug:sfdb_symbol_scope.obj
 0004:000032ac       $pdata$sf_debug_ss_assign_data 00000001800942ac     sfc_debug:sfdb_symbol_scope.obj
 0004:000032b8       $pdata$sf_debug_ss_data_bytes_string 00000001800942b8     sfc_debug:sfdb_symbol_scope.obj
 0004:000032c4       $pdata$sf_debug_ss_data_class_string 00000001800942c4     sfc_debug:sfdb_symbol_scope.obj
 0004:000032d0       $pdata$1$sf_debug_ss_data_class_string 00000001800942d0     sfc_debug:sfdb_symbol_scope.obj
 0004:000032dc       $pdata$2$sf_debug_ss_data_class_string 00000001800942dc     sfc_debug:sfdb_symbol_scope.obj
 0004:000032e8       $pdata$3$sf_debug_ss_data_class_string 00000001800942e8     sfc_debug:sfdb_symbol_scope.obj
 0004:000032f4       $pdata$4$sf_debug_ss_data_class_string 00000001800942f4     sfc_debug:sfdb_symbol_scope.obj
 0004:00003300       $pdata$sf_debug_ss_data_size_string 0000000180094300     sfc_debug:sfdb_symbol_scope.obj
 0004:0000330c       $pdata$0$sf_debug_ss_data_size_string 000000018009430c     sfc_debug:sfdb_symbol_scope.obj
 0004:00003318       $pdata$1$sf_debug_ss_data_size_string 0000000180094318     sfc_debug:sfdb_symbol_scope.obj
 0004:00003324       $pdata$sf_debug_ss_data_create_data_info_struct 0000000180094324     sfc_debug:sfdb_symbol_scope.obj
 0004:00003330       $pdata$1$sf_debug_ss_data_create_data_info_struct 0000000180094330     sfc_debug:sfdb_symbol_scope.obj
 0004:0000333c       $pdata$2$sf_debug_ss_data_create_data_info_struct 000000018009433c     sfc_debug:sfdb_symbol_scope.obj
 0004:00003348       $pdata$sf_debug_ss_data_create_name_value_pair 0000000180094348     sfc_debug:sfdb_symbol_scope.obj
 0004:00003354       $pdata$same_named_data_in_data_array 0000000180094354     sfc_debug:sfdb_symbol_scope.obj
 0004:00003360       $pdata$sf_debug_ss_whos    0000000180094360     sfc_debug:sfdb_symbol_scope.obj
 0004:0000336c       $pdata$sf_debug_cc_initialize_chart 000000018009436c     sfc_debug:sfdb_coverage.obj
 0004:00003378       $pdata$1$sf_debug_cc_initialize_chart 0000000180094378     sfc_debug:sfdb_coverage.obj
 0004:00003384       $pdata$2$sf_debug_cc_initialize_chart 0000000180094384     sfc_debug:sfdb_coverage.obj
 0004:00003390       $pdata$sf_debug_cc_initialize_instance 0000000180094390     sfc_debug:sfdb_coverage.obj
 0004:0000339c       $pdata$2$sf_debug_cc_initialize_instance 000000018009439c     sfc_debug:sfdb_coverage.obj
 0004:000033a8       $pdata$3$sf_debug_cc_initialize_instance 00000001800943a8     sfc_debug:sfdb_coverage.obj
 0004:000033b4       $pdata$4$sf_debug_cc_initialize_instance 00000001800943b4     sfc_debug:sfdb_coverage.obj
 0004:000033c0       $pdata$sf_debug_cc_terminate_chart 00000001800943c0     sfc_debug:sfdb_coverage.obj
 0004:000033cc       $pdata$0$sf_debug_cc_terminate_chart 00000001800943cc     sfc_debug:sfdb_coverage.obj
 0004:000033d8       $pdata$2$sf_debug_cc_terminate_chart 00000001800943d8     sfc_debug:sfdb_coverage.obj
 0004:000033e4       $pdata$3$sf_debug_cc_terminate_chart 00000001800943e4     sfc_debug:sfdb_coverage.obj
 0004:000033f0       $pdata$4$sf_debug_cc_terminate_chart 00000001800943f0     sfc_debug:sfdb_coverage.obj
 0004:000033fc       $pdata$sf_debug_cc_terminate_instance 00000001800943fc     sfc_debug:sfdb_coverage.obj
 0004:00003408       $pdata$sf_debug_cc_terminate 0000000180094408     sfc_debug:sfdb_coverage.obj
 0004:00003414       $pdata$5$sf_debug_cc_terminate 0000000180094414     sfc_debug:sfdb_coverage.obj
 0004:00003420       $pdata$6$sf_debug_cc_terminate 0000000180094420     sfc_debug:sfdb_coverage.obj
 0004:0000342c       $pdata$sf_debug_cc_set_transition_maps 000000018009442c     sfc_debug:sfdb_coverage.obj
 0004:00003438       $pdata$sf_debug_cc_set_transition_weights 0000000180094438     sfc_debug:sfdb_coverage.obj
 0004:00003444       $pdata$sf_debug_cc_set_state_weights 0000000180094444     sfc_debug:sfdb_coverage.obj
 0004:00003450       $pdata$sf_debug_cc_mark_object_if_needed 0000000180094450     sfc_debug:sfdb_coverage.obj
 0004:0000345c       $pdata$sf_debug_cc_mark_transition_guard 000000018009445c     sfc_debug:sfdb_coverage.obj
 0004:00003468       $pdata$sf_debug_cc_mark_transition_trigger 0000000180094468     sfc_debug:sfdb_coverage.obj
 0004:00003474       $pdata$sf_debug_cc_mark_transition_decision 0000000180094474     sfc_debug:sfdb_coverage.obj
 0004:00003480       $pdata$sf_debug_bm_clear_script_breakpoints 0000000180094480     sfc_debug:sfdb_breakpoints.obj
 0004:0000348c       $pdata$sf_debug_bm_set_script_breakpoint 000000018009448c     sfc_debug:sfdb_breakpoints.obj
 0004:00003498       $pdata$sf_debug_bm_clear_single_script_breakpoint 0000000180094498     sfc_debug:sfdb_breakpoints.obj
 0004:000034a4       $pdata$sf_debug_bm_query_script_breakpoint 00000001800944a4     sfc_debug:sfdb_breakpoints.obj
 0004:000034b0       $pdata$sf_debug_bm_initialize_scripts 00000001800944b0     sfc_debug:sfdb_breakpoints.obj
 0004:000034bc       $pdata$0$sf_debug_bm_initialize_scripts 00000001800944bc     sfc_debug:sfdb_breakpoints.obj
 0004:000034c8       $pdata$2$sf_debug_bm_initialize_scripts 00000001800944c8     sfc_debug:sfdb_breakpoints.obj
 0004:000034d4       $pdata$3$sf_debug_bm_initialize_scripts 00000001800944d4     sfc_debug:sfdb_breakpoints.obj
 0004:000034e0       $pdata$4$sf_debug_bm_initialize_scripts 00000001800944e0     sfc_debug:sfdb_breakpoints.obj
 0004:000034ec       $pdata$sf_debug_bm_initialize_eml 00000001800944ec     sfc_debug:sfdb_breakpoints.obj
 0004:000034f8       $pdata$0$sf_debug_bm_initialize_eml 00000001800944f8     sfc_debug:sfdb_breakpoints.obj
 0004:00003504       $pdata$1$sf_debug_bm_initialize_eml 0000000180094504     sfc_debug:sfdb_breakpoints.obj
 0004:00003510       $pdata$sf_debug_bm_terminate 0000000180094510     sfc_debug:sfdb_breakpoints.obj
 0004:0000351c       $pdata$2$sf_debug_bm_terminate 000000018009451c     sfc_debug:sfdb_breakpoints.obj
 0004:00003528       $pdata$6$sf_debug_bm_terminate 0000000180094528     sfc_debug:sfdb_breakpoints.obj
 0004:00003534       $pdata$7$sf_debug_bm_terminate 0000000180094534     sfc_debug:sfdb_breakpoints.obj
 0004:00003540       $pdata$8$sf_debug_bm_terminate 0000000180094540     sfc_debug:sfdb_breakpoints.obj
 0004:0000354c       $pdata$sf_debug_bm_remove_all_breakpoints_in_machine 000000018009454c     sfc_debug:sfdb_breakpoints.obj
 0004:00003558       $pdata$sf_debug_bm_remove_all_breakpoints_in_chart 0000000180094558     sfc_debug:sfdb_breakpoints.obj
 0004:00003564       $pdata$sf_debug_bm_initialize_global_breakpoints 0000000180094564     sfc_debug:sfdb_breakpoints.obj
 0004:00003570       $pdata$sf_debug_bm_set_breakpoint 0000000180094570     sfc_debug:sfdb_breakpoints.obj
 0004:0000357c       $pdata$0$sf_debug_bm_set_breakpoint 000000018009457c     sfc_debug:sfdb_breakpoints.obj
 0004:00003588       $pdata$1$sf_debug_bm_set_breakpoint 0000000180094588     sfc_debug:sfdb_breakpoints.obj
 0004:00003594       $pdata$2$sf_debug_bm_set_breakpoint 0000000180094594     sfc_debug:sfdb_breakpoints.obj
 0004:000035a0       $pdata$3$sf_debug_bm_set_breakpoint 00000001800945a0     sfc_debug:sfdb_breakpoints.obj
 0004:000035ac       $pdata$sf_debug_bm_set_eml_breakpoint 00000001800945ac     sfc_debug:sfdb_breakpoints.obj
 0004:000035b8       $pdata$sf_debug_bm_map_debug_tag_to_breakpoint_tag 00000001800945b8     sfc_debug:sfdb_breakpoints.obj
 0004:000035c4       $pdata$sf_debug_bm_is_a_eml_breakpoint_impl 00000001800945c4     sfc_debug:sfdb_breakpoints.obj
 0004:000035d0       $pdata$sf_debug_bm_is_a_breakpoint 00000001800945d0     sfc_debug:sfdb_breakpoints.obj
 0004:000035dc       $pdata$1$sf_debug_bm_is_a_breakpoint 00000001800945dc     sfc_debug:sfdb_breakpoints.obj
 0004:000035e8       $pdata$2$sf_debug_bm_is_a_breakpoint 00000001800945e8     sfc_debug:sfdb_breakpoints.obj
 0004:000035f4       $pdata$3$sf_debug_bm_is_a_breakpoint 00000001800945f4     sfc_debug:sfdb_breakpoints.obj
 0004:00003600       $pdata$4$sf_debug_bm_is_a_breakpoint 0000000180094600     sfc_debug:sfdb_breakpoints.obj
 0004:0000360c       $pdata$5$sf_debug_bm_is_a_breakpoint 000000018009460c     sfc_debug:sfdb_breakpoints.obj
 0004:00003618       $pdata$sf_debug_bm_get_all_breakpoints_in_machine 0000000180094618     sfc_debug:sfdb_breakpoints.obj
 0004:00003624       $pdata$0$sf_debug_bm_get_all_breakpoints_in_machine 0000000180094624     sfc_debug:sfdb_breakpoints.obj
 0004:00003630       $pdata$1$sf_debug_bm_get_all_breakpoints_in_machine 0000000180094630     sfc_debug:sfdb_breakpoints.obj
 0004:0000363c       $pdata$2$sf_debug_bm_get_all_breakpoints_in_machine 000000018009463c     sfc_debug:sfdb_breakpoints.obj
 0004:00003648       $pdata$3$sf_debug_bm_get_all_breakpoints_in_machine 0000000180094648     sfc_debug:sfdb_breakpoints.obj
 0004:00003654       $pdata$sf_debug_bm_get_all_breakpoints_in_chart 0000000180094654     sfc_debug:sfdb_breakpoints.obj
 0004:00003660       $pdata$4$sf_debug_bm_get_all_breakpoints_in_chart 0000000180094660     sfc_debug:sfdb_breakpoints.obj
 0004:0000366c       $pdata$5$sf_debug_bm_get_all_breakpoints_in_chart 000000018009466c     sfc_debug:sfdb_breakpoints.obj
 0004:00003678       $pdata$6$sf_debug_bm_get_all_breakpoints_in_chart 0000000180094678     sfc_debug:sfdb_breakpoints.obj
 0004:00003684       $pdata$7$sf_debug_bm_get_all_breakpoints_in_chart 0000000180094684     sfc_debug:sfdb_breakpoints.obj
 0004:00003690       $pdata$8$sf_debug_bm_get_all_breakpoints_in_chart 0000000180094690     sfc_debug:sfdb_breakpoints.obj
 0004:0000369c       $pdata$sf_debug_bm_initialize_machine 000000018009469c     sfc_debug:sfdb_breakpoints.obj
 0004:000036a8       $pdata$sf_debug_bm_initialize_chart 00000001800946a8     sfc_debug:sfdb_breakpoints.obj
 0004:000036b4       $pdata$sf_debug_sc_push_on_error_stack 00000001800946b4     sfc_debug:sfdb_state_consistency.obj
 0004:000036c0       $pdata$sf_debug_sc_terminate 00000001800946c0     sfc_debug:sfdb_state_consistency.obj
 0004:000036cc       $pdata$6$sf_debug_sc_terminate 00000001800946cc     sfc_debug:sfdb_state_consistency.obj
 0004:000036d8       $pdata$7$sf_debug_sc_terminate 00000001800946d8     sfc_debug:sfdb_state_consistency.obj
 0004:000036e4       $pdata$sf_debug_sc_is_state_inconsistent 00000001800946e4     sfc_debug:sfdb_state_consistency.obj
 0004:000036f0       $pdata$0$sf_debug_sc_is_state_inconsistent 00000001800946f0     sfc_debug:sfdb_state_consistency.obj
 0004:000036fc       $pdata$1$sf_debug_sc_is_state_inconsistent 00000001800946fc     sfc_debug:sfdb_state_consistency.obj
 0004:00003708       $pdata$sf_debug_sc_is_chart_consistent 0000000180094708     sfc_debug:sfdb_state_consistency.obj
 0004:00003714       $pdata$sf_debug_sc_fill_consistency_info 0000000180094714     sfc_debug:sfdb_state_consistency.obj
 0004:00003720       $pdata$1$sf_debug_sc_fill_consistency_info 0000000180094720     sfc_debug:sfdb_state_consistency.obj
 0004:0000372c       $pdata$2$sf_debug_sc_fill_consistency_info 000000018009472c     sfc_debug:sfdb_state_consistency.obj
 0004:00003738       $pdata$sf_debug_sc_get_consistency_error_info 0000000180094738     sfc_debug:sfdb_state_consistency.obj
 0004:00003744       $pdata$3$sf_debug_sc_get_consistency_error_info 0000000180094744     sfc_debug:sfdb_state_consistency.obj
 0004:00003750       $pdata$4$sf_debug_sc_get_consistency_error_info 0000000180094750     sfc_debug:sfdb_state_consistency.obj
 0004:0000375c       $pdata$sf_debug_tm_terminate 000000018009475c     sfc_debug:sfdb_call_stack.obj
 0004:00003768       $pdata$0$sf_debug_tm_terminate 0000000180094768     sfc_debug:sfdb_call_stack.obj
 0004:00003774       $pdata$1$sf_debug_tm_terminate 0000000180094774     sfc_debug:sfdb_call_stack.obj
 0004:00003780       $pdata$2$sf_debug_tm_terminate 0000000180094780     sfc_debug:sfdb_call_stack.obj
 0004:0000378c       $pdata$3$sf_debug_tm_terminate 000000018009478c     sfc_debug:sfdb_call_stack.obj
 0004:00003798       $pdata$sf_debug_tm_push_chart_instance 0000000180094798     sfc_debug:sfdb_call_stack.obj
 0004:000037a4       $pdata$1$sf_debug_tm_push_chart_instance 00000001800947a4     sfc_debug:sfdb_call_stack.obj
 0004:000037b0       $pdata$2$sf_debug_tm_push_chart_instance 00000001800947b0     sfc_debug:sfdb_call_stack.obj
 0004:000037bc       $pdata$sf_debug_tm_push_trace_node 00000001800947bc     sfc_debug:sfdb_call_stack.obj
 0004:000037c8       $pdata$0$sf_debug_tm_push_trace_node 00000001800947c8     sfc_debug:sfdb_call_stack.obj
 0004:000037d4       $pdata$7$sf_debug_tm_push_trace_node 00000001800947d4     sfc_debug:sfdb_call_stack.obj
 0004:000037e0       $pdata$8$sf_debug_tm_push_trace_node 00000001800947e0     sfc_debug:sfdb_call_stack.obj
 0004:000037ec       $pdata$sf_debug_tm_fill_local_trace 00000001800947ec     sfc_debug:sfdb_call_stack.obj
 0004:000037f8       $pdata$1$sf_debug_tm_fill_local_trace 00000001800947f8     sfc_debug:sfdb_call_stack.obj
 0004:00003804       $pdata$2$sf_debug_tm_fill_local_trace 0000000180094804     sfc_debug:sfdb_call_stack.obj
 0004:00003810       $pdata$sf_debug_tm_browse_trace 0000000180094810     sfc_debug:sfdb_call_stack.obj
 0004:0000381c       $pdata$4$sf_debug_tm_browse_trace 000000018009481c     sfc_debug:sfdb_call_stack.obj
 0004:00003828       $pdata$5$sf_debug_tm_browse_trace 0000000180094828     sfc_debug:sfdb_call_stack.obj
 0004:00003834       $pdata$sf_debug_cd_initialize_instance 0000000180094834     sfc_debug:sfdb_cycle_detection.obj
 0004:00003840       $pdata$sf_debug_cd_terminate_instance 0000000180094840     sfc_debug:sfdb_cycle_detection.obj
 0004:0000384c       $pdata$sf_debug_cd_free_checksum_stack 000000018009484c     sfc_debug:sfdb_cycle_detection.obj
 0004:00003858       $pdata$0$sf_debug_cd_free_checksum_stack 0000000180094858     sfc_debug:sfdb_cycle_detection.obj
 0004:00003864       $pdata$1$sf_debug_cd_free_checksum_stack 0000000180094864     sfc_debug:sfdb_cycle_detection.obj
 0004:00003870       $pdata$sf_debug_cd_reset_pack_strings 0000000180094870     sfc_debug:sfdb_cycle_detection.obj
 0004:0000387c       $pdata$6$sf_debug_cd_reset_pack_strings 000000018009487c     sfc_debug:sfdb_cycle_detection.obj
 0004:00003888       $pdata$7$sf_debug_cd_reset_pack_strings 0000000180094888     sfc_debug:sfdb_cycle_detection.obj
 0004:00003894       $pdata$sf_debug_cd_mark_processed_transition_in_instance 0000000180094894     sfc_debug:sfdb_cycle_detection.obj
 0004:000038a0       $pdata$sf_debug_cd_checksum_push 00000001800948a0     sfc_debug:sfdb_cycle_detection.obj
 0004:000038ac       $pdata$4$sf_debug_cd_checksum_push 00000001800948ac     sfc_debug:sfdb_cycle_detection.obj
 0004:000038b8       $pdata$5$sf_debug_cd_checksum_push 00000001800948b8     sfc_debug:sfdb_cycle_detection.obj
 0004:000038c4       $pdata$sf_debug_cd_checksum_pop 00000001800948c4     sfc_debug:sfdb_cycle_detection.obj
 0004:000038d0       $pdata$0$sf_debug_cd_checksum_pop 00000001800948d0     sfc_debug:sfdb_cycle_detection.obj
 0004:000038dc       $pdata$1$sf_debug_cd_checksum_pop 00000001800948dc     sfc_debug:sfdb_cycle_detection.obj
 0004:000038e8       $pdata$sf_debug_cd_turn_off_cycle_detection 00000001800948e8     sfc_debug:sfdb_cycle_detection.obj
 0004:000038f4       $pdata$0$sf_debug_cd_turn_off_cycle_detection 00000001800948f4     sfc_debug:sfdb_cycle_detection.obj
 0004:00003900       $pdata$1$sf_debug_cd_turn_off_cycle_detection 0000000180094900     sfc_debug:sfdb_cycle_detection.obj
 0004:0000390c       $pdata$sf_debug_cd_terminate 000000018009490c     sfc_debug:sfdb_cycle_detection.obj
 0004:00003918       $pdata$5$sf_debug_cd_terminate 0000000180094918     sfc_debug:sfdb_cycle_detection.obj
 0004:00003924       $pdata$6$sf_debug_cd_terminate 0000000180094924     sfc_debug:sfdb_cycle_detection.obj
 0004:00003930       $pdata$MD5Transform        0000000180094930     sfc_debug:ckmd5.obj
 0004:0000393c       $pdata$md5file_addn        000000018009493c     sfc_debug:ckmd5.obj
 0004:00003948       $pdata$md5file_hash        0000000180094948     sfc_debug:ckmd5.obj
 0004:00003954       $pdata$md5_get_hash        0000000180094954     sfc_debug:ckmd5.obj
 0004:00003960       $pdata$md5_get_hash_for_a_single_string 0000000180094960     sfc_debug:ckmd5.obj
 0004:0000396c       $pdata$__GSHandlerCheck    000000018009496c     MSVCRT:gshandler.obj
 0004:00003978       $pdata$__GSHandlerCheckCommon 0000000180094978     MSVCRT:gshandler.obj
 0004:0000399c       $pdata$__raise_securityfailure 000000018009499c     MSVCRT:gs_report.obj
 0004:000039a8       $pdata$__report_gsfailure  00000001800949a8     MSVCRT:gs_report.obj
 0004:000039b4       $pdata$__report_rangecheckfailure 00000001800949b4     MSVCRT:gs_report.obj
 0004:000039c0       $pdata$__report_securityfailure 00000001800949c0     MSVCRT:gs_report.obj
 0004:000039cc       $pdata$__report_securityfailureEx 00000001800949cc     MSVCRT:gs_report.obj
 0004:000039d8       $pdata$pre_c_init          00000001800949d8     MSVCRT:crtdll.obj
 0004:000039e4       $pdata$_CRT_INIT           00000001800949e4     MSVCRT:crtdll.obj
 0004:000039f0       $pdata$_DllMainCRTStartup  00000001800949f0     MSVCRT:crtdll.obj
 0004:000039fc       $pdata$__DllMainCRTStartup 00000001800949fc     MSVCRT:crtdll.obj
 0004:00003a08       $pdata$_IsNonwritableInCurrentImage 0000000180094a08     MSVCRT:pesect.obj
 0004:00003a14       $pdata$__atonexitinit      0000000180094a14     MSVCRT:atonexit.obj
 0004:00003a20       $pdata$_onexit             0000000180094a20     MSVCRT:atonexit.obj
 0004:00003a2c       $pdata$atexit              0000000180094a2c     MSVCRT:atonexit.obj
 0004:00003a38       $pdata$__security_init_cookie 0000000180094a38     MSVCRT:gs_support.obj
 0004:00003a44       $pdata$DllMain             0000000180094a44     MSVCRT:dllmain.obj
 0004:00003a50       $pdata$_RTC_Initialize     0000000180094a50     MSVCRT:initsect.obj
 0004:00003a5c       $pdata$_RTC_Terminate      0000000180094a5c     MSVCRT:initsect.obj
 0004:00003a68       $pdata$__DllMainCRTStartup$filt$0 0000000180094a68     MSVCRT:crtdll.obj
 0004:00003a74       $pdata$__DllMainCRTStartup$fin$1 0000000180094a74     MSVCRT:crtdll.obj
 0004:00003a80       $pdata$_IsNonwritableInCurrentImage$filt$0 0000000180094a80     MSVCRT:pesect.obj
 0004:00003a8c       $pdata$_onexit$fin$0       0000000180094a8c     MSVCRT:atonexit.obj
