 test_sfun

 Timestamp is 52e93e4e (Wed Jan 29 18:45:50 2014)

 Preferred load address is 0000000180000000

 Start         Length     Name                   Class
 0001:00000000 00073f9eH .text                   CODE
 0001:00073fa0 0000007bH .text$x                 CODE
 0002:00000000 000004a0H .idata$5                DATA
 0002:000004a0 00000008H .CRT$XCA                DATA
 0002:000004a8 00000008H .CRT$XCZ                DATA
 0002:000004b0 00000008H .CRT$XIA                DATA
 0002:000004b8 00000008H .CRT$XIAA               DATA
 0002:000004c0 00000008H .CRT$XIC                DATA
 0002:000004c8 00000008H .CRT$XIZ                DATA
 0002:000004d0 00004ca0H .rdata                  DATA
 0002:00005170 00000008H .rtc$IAA                DATA
 0002:00005178 00000008H .rtc$IZZ                DATA
 0002:00005180 00000008H .rtc$TAA                DATA
 0002:00005188 00000008H .rtc$TZZ                DATA
 0002:00005190 00004b5cH .xdata                  DATA
 0002:00009cec 000000a0H .idata$2                DATA
 0002:00009d8c 00000014H .idata$3                DATA
 0002:00009da0 000004a0H .idata$4                DATA
 0002:0000a240 00000af6H .idata$6                DATA
 0002:0000ad40 0000004fH .edata                  DATA
 0003:00000000 000126d8H .data                   DATA
 0003:000126e0 00002538H .bss                    DATA
 0004:00000000 00003c84H .pdata                  DATA

  Address         Publics by Value              Rva+Base               Lib:Object

 0000:00000000       ___safe_se_handler_table   0000000000000000     <absolute>
 0000:00000000       ___safe_se_handler_count   0000000000000000     <absolute>
 0000:00000000       __ImageBase                0000000180000000     <linker-defined>
 0001:00000000       sf_c1_test_get_eml_resolved_functions_info 0000000180001000 f   c1_test.obj
 0001:00000440       sf_c1_test_get_check_sum   0000000180001440 f   c1_test.obj
 0001:00000510       c1_test_method_dispatcher  0000000180001510 f   c1_test.obj
 0001:0000c350       sf_c1_test_get_autoinheritance_info 000000018000d350 f   c1_test.obj
 0001:0000cb60       sf_c1_test_third_party_uses_info 000000018000db60 f   c1_test.obj
 0001:0000d980       sf_internal_get_sim_state_c1_test 000000018000e980 f   c1_test.obj
 0001:0000dad0       sf_internal_set_sim_state_c1_test 000000018000ead0 f   c1_test.obj
 0001:0000e630       sf_c2_test_get_eml_resolved_functions_info 000000018000f630 f   c2_test.obj
 0001:0000ea80       sf_c2_test_get_check_sum   000000018000fa80 f   c2_test.obj
 0001:0000eb50       c2_test_method_dispatcher  000000018000fb50 f   c2_test.obj
 0001:0001f3e0       sf_c2_test_get_autoinheritance_info 00000001800203e0 f   c2_test.obj
 0001:00020290       sf_c2_test_third_party_uses_info 0000000180021290 f   c2_test.obj
 0001:000219c0       sf_internal_get_sim_state_c2_test 00000001800229c0 f   c2_test.obj
 0001:00021b10       sf_internal_set_sim_state_c2_test 0000000180022b10 f   c2_test.obj
 0001:000227a0       sf_c3_test_get_eml_resolved_functions_info 00000001800237a0 f   c3_test.obj
 0001:00022bd0       sf_c3_test_get_check_sum   0000000180023bd0 f   c3_test.obj
 0001:00022ca0       c3_test_method_dispatcher  0000000180023ca0 f   c3_test.obj
 0001:00027d30       sf_c3_test_get_autoinheritance_info 0000000180028d30 f   c3_test.obj
 0001:00028290       sf_c3_test_third_party_uses_info 0000000180029290 f   c3_test.obj
 0001:00029040       sf_internal_get_sim_state_c3_test 000000018002a040 f   c3_test.obj
 0001:00029190       sf_internal_set_sim_state_c3_test 000000018002a190 f   c3_test.obj
 0001:00029c70       sf_c4_test_get_eml_resolved_functions_info 000000018002ac70 f   c4_test.obj
 0001:0002a0a0       sf_c4_test_get_check_sum   000000018002b0a0 f   c4_test.obj
 0001:0002a170       c4_test_method_dispatcher  000000018002b170 f   c4_test.obj
 0001:0002e4e0       sf_c4_test_get_autoinheritance_info 000000018002f4e0 f   c4_test.obj
 0001:0002f390       sf_c4_test_third_party_uses_info 0000000180030390 f   c4_test.obj
 0001:000309a0       sf_internal_get_sim_state_c4_test 00000001800319a0 f   c4_test.obj
 0001:00030af0       sf_internal_set_sim_state_c4_test 0000000180031af0 f   c4_test.obj
 0001:00031740       sf_c5_test_get_eml_resolved_functions_info 0000000180032740 f   c5_test.obj
 0001:00031b70       sf_c5_test_get_check_sum   0000000180032b70 f   c5_test.obj
 0001:00031c40       c5_test_method_dispatcher  0000000180032c40 f   c5_test.obj
 0001:00039bb0       sf_c5_test_get_autoinheritance_info 000000018003abb0 f   c5_test.obj
 0001:0003a660       sf_c5_test_third_party_uses_info 000000018003b660 f   c5_test.obj
 0001:0003ba60       sf_internal_get_sim_state_c5_test 000000018003ca60 f   c5_test.obj
 0001:0003bbb0       sf_internal_set_sim_state_c5_test 000000018003cbb0 f   c5_test.obj
 0001:0003c690       sf_c6_test_get_eml_resolved_functions_info 000000018003d690 f   c6_test.obj
 0001:0003c710       sf_c6_test_get_check_sum   000000018003d710 f   c6_test.obj
 0001:0003c7e0       c6_test_method_dispatcher  000000018003d7e0 f   c6_test.obj
 0001:0003ea90       sf_c6_test_get_autoinheritance_info 000000018003fa90 f   c6_test.obj
 0001:0003f3f0       sf_c6_test_third_party_uses_info 00000001800403f0 f   c6_test.obj
 0001:00040470       sf_internal_get_sim_state_c6_test 0000000180041470 f   c6_test.obj
 0001:000405c0       sf_internal_set_sim_state_c6_test 00000001800415c0 f   c6_test.obj
 0001:00041120       mexFunction                0000000180042120 f   test_sfun_registry.obj
 0001:000422c0       _ssSetInputPortDirectFeedThroughFcn 00000001800432c0 f   test_sfun_registry.obj
 0001:00042420       _ssGetInputPortSignalPtrsFcn 0000000180043420 f   test_sfun_registry.obj
 0001:00042640       _ssGetInputPortSignalFcn   0000000180043640 f   test_sfun_registry.obj
 0001:00042860       _ssSetInputPortReusableFcn 0000000180043860 f   test_sfun_registry.obj
 0001:00042940       _ssSetOutputPortReusableFcn 0000000180043940 f   test_sfun_registry.obj
 0001:00042a20       ssGetIsZeroCrossControlDisabled 0000000180043a20 f   test_sfun_registry.obj
 0001:00042a90       ssSetIsInputPortUsedForContZcSignal 0000000180043a90 f   test_sfun_registry.obj
 0001:00042b00       ssSetZcSignalIsZcElementDisc 0000000180043b00 f   test_sfun_registry.obj
 0001:00042bb0       ssSetZcSignalName          0000000180043bb0 f   test_sfun_registry.obj
 0001:00042c20       ssSetZcSignalWidth         0000000180043c20 f   test_sfun_registry.obj
 0001:00042c90       ssSetZcSignalZcEventType   0000000180043c90 f   test_sfun_registry.obj
 0001:00042d00       ssSetZcSignalType          0000000180043d00 f   test_sfun_registry.obj
 0001:00042d70       ssSetZcSignalZcTol         0000000180043d70 f   test_sfun_registry.obj
 0001:00042de0       ssSetZcSignalNeedsEventNotification 0000000180043de0 f   test_sfun_registry.obj
 0001:00042e50       ssCreateAndAddZcSignalInfo 0000000180043e50 f   test_sfun_registry.obj
 0001:00042ec0       ssCloneAndAddZcSignalInfo  0000000180043ec0 f   test_sfun_registry.obj
 0001:00042f30       ssGetNumZcSignals          0000000180043f30 f   test_sfun_registry.obj
 0001:00042fa0       ssGetZcSignalVector        0000000180043fa0 f   test_sfun_registry.obj
 0001:00043010       ssGetZcSignalName          0000000180044010 f   test_sfun_registry.obj
 0001:00043080       ssGetZcSignalWidth         0000000180044080 f   test_sfun_registry.obj
 0001:000430f0       ssGetZcSignalZcEventType   00000001800440f0 f   test_sfun_registry.obj
 0001:00043160       ssGetZcSignalZcEvents      0000000180044160 f   test_sfun_registry.obj
 0001:000431d0       ssGetZcSignalType          00000001800441d0 f   test_sfun_registry.obj
 0001:00043240       ssGetZcSignalZcTol         0000000180044240 f   test_sfun_registry.obj
 0001:000432c0       ssGetZcSignalNeedsEventNotification 00000001800442c0 f   test_sfun_registry.obj
 0001:00043330       ssGetZcSignalIsZcElementDisc 0000000180044330 f   test_sfun_registry.obj
 0001:000433d0       ssGetIsInputPortElementContinuous 00000001800443d0 f   test_sfun_registry.obj
 0001:00043470       ssGetDTypeIdFromMxArray    0000000180044470 f   test_sfun_registry.obj
 0001:00043590       ssWriteRTWStr              0000000180044590 f   test_sfun_registry.obj
 0001:000435f0       ssWriteRTWNameValuePair    00000001800445f0 f   test_sfun_registry.obj
 0001:00043af0       ssWriteRTWParamSettings    0000000180044af0 f   test_sfun_registry.obj
 0001:000441e0       ssWriteRTWParameters       00000001800451e0 f   test_sfun_registry.obj
 0001:000447b0       ssWriteRTWWorkVect         00000001800457b0 f   test_sfun_registry.obj
 0001:00044ca0       ssWriteRTWMxVectParam      0000000180045ca0 f   test_sfun_registry.obj
 0001:00044d20       ssWriteRTWMx2dMatParam     0000000180045d20 f   test_sfun_registry.obj
 0001:00044db0       _ssSetInputPortMatrixDimensions 0000000180045db0 f   test_sfun_registry.obj
 0001:00044eb0       _ssSetOutputPortMatrixDimensions 0000000180045eb0 f   test_sfun_registry.obj
 0001:00044fb0       _ssSetInputPortVectorDimension 0000000180045fb0 f   test_sfun_registry.obj
 0001:00045060       _ssSetOutputPortVectorDimension 0000000180046060 f   test_sfun_registry.obj
 0001:00045110       ssIsRunTimeParamTunable    0000000180046110 f   test_sfun_registry.obj
 0001:00045180       ssGetSFuncBlockHandle      0000000180046180 f   test_sfun_registry.obj
 0001:000451f0       _ssGetCurrentInputPortWidth 00000001800461f0 f   test_sfun_registry.obj
 0001:00045310       _ssGetCurrentOutputPortWidth 0000000180046310 f   test_sfun_registry.obj
 0001:00045430       _ssGetCallSystemNumFcnCallDestinations 0000000180046430 f   test_sfun_registry.obj
 0001:000454a0       ssWarning                  00000001800464a0 f   test_sfun_registry.obj
 0001:00045590       _ssGetAbsTol               0000000180046590 f   test_sfun_registry.obj
 0001:00045600       _ssSetStateAbsTol          0000000180046600 f   test_sfun_registry.obj
 0001:000456e0       sf_process_check_sum_call  00000001800466e0 f   test_sfun_registry.obj
 0001:00045730       sf_process_autoinheritance_call 0000000180046730 f   test_sfun_registry.obj
 0001:00045960       sf_process_get_third_party_uses_info_call 0000000180046960 f   test_sfun_registry.obj
 0001:00045b90       sf_process_get_eml_resolved_functions_info_call 0000000180046b90 f   test_sfun_registry.obj
 0001:00045d90       sf_mex_unlock_call         0000000180046d90 f   test_sfun_registry.obj
 0001:00045fe0       sf_machine_global_initializer_called 0000000180046fe0 f   test_sfun_registry.obj
 0001:00046010       sf_machine_global_method_dispatcher 0000000180047010 f   test_sfun_registry.obj
 0001:00046070       sf_machine_global_terminator 0000000180047070 f   test_sfun_registry.obj
 0001:000460c0       sf_register_machine_exported_symbols 00000001800470c0 f   test_sfun_registry.obj
 0001:000460e0       callCustomFcn              00000001800470e0 f   test_sfun_registry.obj
 0001:000460f0       sf_machine_global_initializer 00000001800470f0 f   test_sfun_registry.obj
 0001:00046170       ProcessMexSfunctionEveryCall 0000000180047170 f   test_sfun_registry.obj
 0001:00046de0       test_initializer           0000000180047de0 f   test_sfun.obj
 0001:00046df0       test_terminator            0000000180047df0 f   test_sfun.obj
 0001:00046e00       load_test_optimization_info 0000000180047e00 f   test_sfun.obj
 0001:00046e50       unload_test_optimization_info 0000000180047e50 f   test_sfun.obj
 0001:00046e80       sf_test_method_dispatcher  0000000180047e80 f   test_sfun.obj
 0001:00046f70       sf_test_process_check_sum_call 0000000180047f70 f   test_sfun.obj
 0001:00047680       sf_test_autoinheritance_info 0000000180048680 f   test_sfun.obj
 0001:00047a70       sf_test_get_eml_resolved_functions_info 0000000180048a70 f   test_sfun.obj
 0001:00047d40       sf_test_third_party_uses_info 0000000180048d40 f   test_sfun.obj
 0001:00048050       test_debug_initialize      0000000180049050 f   test_sfun.obj
 0001:000480d0       test_register_exported_symbols 00000001800490d0 f   test_sfun.obj
 0001:000480e0       sf_send_message_wrapper    00000001800490e0 f   sfc_mex:sfc_sf.obj
 0001:00048110       sf_receive_message_wrapper 0000000180049110 f   sfc_mex:sfc_sf.obj
 0001:00048150       sf_check_out_message_wrapper 0000000180049150 f   sfc_mex:sfc_sf.obj
 0001:00048190       sf_check_in_message_wrapper 0000000180049190 f   sfc_mex:sfc_sf.obj
 0001:000481d0       sf_no_message_wrapper      00000001800491d0 f   sfc_mex:sfc_sf.obj
 0001:00048560       sim_mode_is_rtw_gen        0000000180049560 f   sfc_mex:sfc_sf.obj
 0001:00048590       sim_mode_is_external       0000000180049590 f   sfc_mex:sfc_sf.obj
 0001:000485a0       sim_mode_is_modelref_sim   00000001800495a0 f   sfc_mex:sfc_sf.obj
 0001:000485c0       mdlInitializeSizes         00000001800495c0 f   sfc_mex:sfc_sf.obj
 0001:000485e0       mdlInitializeSampleTimes   00000001800495e0 f   sfc_mex:sfc_sf.obj
 0001:00048620       mdlZeroCrossings           0000000180049620 f   sfc_mex:sfc_sf.obj
 0001:00048710       mdlDerivatives             0000000180049710 f   sfc_mex:sfc_sf.obj
 0001:000487d0       mdl_initialize_conditions_processing 00000001800497d0 f   sfc_mex:sfc_sf.obj
 0001:00048800       mdlInitializeConditions    0000000180049800 f   sfc_mex:sfc_sf.obj
 0001:000488c0       mdlGetSimState             00000001800498c0 f   sfc_mex:sfc_sf.obj
 0001:000488d0       mdlSetSimState             00000001800498d0 f   sfc_mex:sfc_sf.obj
 0001:000488e0       mdl_ext_mode_exec_processing 00000001800498e0 f   sfc_mex:sfc_sf.obj
 0001:00048900       mdlExtModeExec             0000000180049900 f   sfc_mex:sfc_sf.obj
 0001:00048aa0       mdlTerminate               0000000180049aa0 f   sfc_mex:sfc_sf.obj
 0001:00048b10       mdlRTW                     0000000180049b10 f   sfc_mex:sfc_sf.obj
 0001:00048b40       mdlSetWorkWidths           0000000180049b40 f   sfc_mex:sfc_sf.obj
 0001:00048b50       mdlProcessParameters       0000000180049b50 f   sfc_mex:sfc_sf.obj
 0001:00048b60       mdl_start_processing       0000000180049b60 f   sfc_mex:sfc_sf.obj
 0001:00048bc0       mdlStart                   0000000180049bc0 f   sfc_mex:sfc_sf.obj
 0001:00048cd0       mdlEnable                  0000000180049cd0 f   sfc_mex:sfc_sf.obj
 0001:00048db0       mdlDisable                 0000000180049db0 f   sfc_mex:sfc_sf.obj
 0001:00048e70       sf_get_chart_instance_ptr  0000000180049e70 f   sfc_mex:sfc_sf.obj
 0001:00048e90       sf_load_rtw_optimization_info 0000000180049e90 f   sfc_mex:sfc_sf.obj
 0001:00048f60       sf_update_buildInfo        0000000180049f60 f   sfc_mex:sfc_sf.obj
 0001:00049060       sf_rtw_info_uint_prop      000000018004a060 f   sfc_mex:sfc_sf.obj
 0001:000491a0       sf_is_chart_inlinable      000000018004a1a0 f   sfc_mex:sfc_sf.obj
 0001:000491c0       sf_mark_output_events_with_multiple_callers 000000018004a1c0 f   sfc_mex:sfc_sf.obj
 0001:00049350       sf_mark_chart_reusable_outputs 000000018004a350 f   sfc_mex:sfc_sf.obj
 0001:000495b0       sf_mark_chart_expressionable_inputs 000000018004a5b0 f   sfc_mex:sfc_sf.obj
 0001:00049810       sf_get_subchart_simstruct  000000018004a810 f   sfc_mex:sfc_sf.obj
 0001:00049860       sf_get_fixpt_data_type_id  000000018004a860 f   sfc_mex:sfc_sf.obj
 0001:000498a0       sf_get_enum_data_type_id   000000018004a8a0 f   sfc_mex:sfc_sf.obj
 0001:000498e0       sf_get_param_data_type_id  000000018004a8e0 f   sfc_mex:sfc_sf.obj
 0001:00049910       sf_mex_listen_for_ctrl_c_force 000000018004a910 f   sfc_mex:sfc_sf.obj
 0001:00049a20       sf_mex_draw_now            000000018004aa20 f   sfc_mex:sfc_sf.obj
 0001:00049a60       sf_mex_set_debugger_sim_status_listener_fcn 000000018004aa60 f   sfc_mex:sfc_sf.obj
 0001:00049a70       sf_mex_listen_for_ctrl_c   000000018004aa70 f   sfc_mex:sfc_sf.obj
 0001:00049b10       sf_mex_get_sfun_param      000000018004ab10 f   sfc_mex:sfc_sf.obj
 0001:00049b60       sf_get_runtime_param_data  000000018004ab60 f   sfc_mex:sfc_sf.obj
 0001:00049ba0       sf_call_output_fcn_call    000000018004aba0 f   sfc_mex:sfc_sf.obj
 0001:00049ce0       sf_call_output_fcn_enable  000000018004ace0 f   sfc_mex:sfc_sf.obj
 0001:00049d70       sf_call_output_fcn_disable 000000018004ad70 f   sfc_mex:sfc_sf.obj
 0001:00049e00       sf_clear_rtw_identifier    000000018004ae00 f   sfc_mex:sfc_sf.obj
 0001:0004a620       sf_set_encoded_dwork_info  000000018004b620 f   sfc_mex:sfc_sf.obj
 0001:0004a670       sf_get_dwork_info_from_mat_file 000000018004b670 f   sfc_mex:sfc_sf.obj
 0001:0004a830       sf_set_rtw_dwork_info      000000018004b830 f   sfc_mex:sfc_sf.obj
 0001:0004a9a0       mdlOutputs                 000000018004b9a0 f   sfc_mex:sfc_sf.obj
 0001:0004ab90       sf_mex_mx_is_numeric       000000018004bb90 f   sfc_mex:sfc_mex.obj
 0001:0004abd0       strcmp_ignore_ws           000000018004bbd0 f   sfc_mex:sfc_mex.obj
 0001:0004ad10       sf_mex_duplicatearraysafe  000000018004bd10 f   sfc_mex:sfc_mex.obj
 0001:0004ae70       sf_set_error_debugger_context_message_fcn 000000018004be70 f   sfc_mex:sfc_mex.obj
 0001:0004ae80       sf_set_debugger_matlab_error_fcn 000000018004be80 f   sfc_mex:sfc_mex.obj
 0001:0004aec0       sf_set_error_prefix_string 000000018004bec0 f   sfc_mex:sfc_mex.obj
 0001:0004aef0       sf_get_error_prefix_string 000000018004bef0 f   sfc_mex:sfc_mex.obj
 0001:0004af00       sf_mex_enter_parallel_region 000000018004bf00 f   sfc_mex:sfc_mex.obj
 0001:0004af10       sf_mex_exit_parallel_region 000000018004bf10 f   sfc_mex:sfc_mex.obj
 0001:0004af20       sf_get_current_jmp_buf_ptr 000000018004bf20 f   sfc_mex:sfc_mex.obj
 0001:0004af30       sf_set_current_jmp_buf_ptr 000000018004bf30 f   sfc_mex:sfc_mex.obj
 0001:0004af40       sf_mex_set_halt_simulation 000000018004bf40 f   sfc_mex:sfc_mex.obj
 0001:0004af50       sf_mex_get_halt_simulation 000000018004bf50 f   sfc_mex:sfc_mex.obj
 0001:0004af60       sf_mex_clear_error_message 000000018004bf60 f   sfc_mex:sfc_mex.obj
 0001:0004af80       sf_mex_get_error_message_for_read 000000018004bf80 f   sfc_mex:sfc_mex.obj
 0001:0004af90       sf_mex_get_error_message_buffer_length 000000018004bf90 f   sfc_mex:sfc_mex.obj
 0001:0004b070       sf_mex_warning_message     000000018004c070 f   sfc_mex:sfc_mex.obj
 0001:0004b0e0       sf_mex_v_errbuf_createf    000000018004c0e0 f   sfc_mex:sfc_mex.obj
 0001:0004b0f0       sf_mex_errbuf_createf      000000018004c0f0 f   sfc_mex:sfc_mex.obj
 0001:0004b120       sf_mex_v_errbuf_catf       000000018004c120 f   sfc_mex:sfc_mex.obj
 0001:0004b160       sf_mex_errbuf_catf         000000018004c160 f   sfc_mex:sfc_mex.obj
 0001:0004b1b0       sf_mex_errbuf_copy         000000018004c1b0 f   sfc_mex:sfc_mex.obj
 0001:0004b1c0       sf_mex_errbuf_clear        000000018004c1c0 f   sfc_mex:sfc_mex.obj
 0001:0004b1d0       sf_mex_errbuf_isempty      000000018004c1d0 f   sfc_mex:sfc_mex.obj
 0001:0004b2d0       sf_mex_set_error_status    000000018004c2d0 f   sfc_mex:sfc_mex.obj
 0001:0004b320       sf_mex_error_direct_call   000000018004c320 f   sfc_mex:sfc_mex.obj
 0001:0004b340       sf_mex_error_message_no_long_jump 000000018004c340 f   sfc_mex:sfc_mex.obj
 0001:0004b360       sf_mex_long_jump_on_error  000000018004c360 f   sfc_mex:sfc_mex.obj
 0001:0004b390       sf_mex_call_matlab         000000018004c390 f   sfc_mex:sfc_mex.obj
 0001:0004b4b0       sf_mex_check_builtin       000000018004c4b0 f   sfc_mex:sfc_mex.obj
 0001:0004b550       sf_mex_check_builtin_vs    000000018004c550 f   sfc_mex:sfc_mex.obj
 0001:0004b610       sf_mex_check_enum          000000018004c610 f   sfc_mex:sfc_mex.obj
 0001:0004b690       sf_mex_create_enum         000000018004c690 f   sfc_mex:sfc_mex.obj
 0001:0004b700       sf_mex_get_enum_element    000000018004c700 f   sfc_mex:sfc_mex.obj
 0001:0004b710       sf_mex_createcellarray     000000018004c710 f   sfc_mex:sfc_mex.obj
 0001:0004b720       sf_mex_setcell             000000018004c720 f   sfc_mex:sfc_mex.obj
 0001:0004b730       sf_mex_getcell             000000018004c730 f   sfc_mex:sfc_mex.obj
 0001:0004b740       sf_mex_dup                 000000018004c740 f   sfc_mex:sfc_mex.obj
 0001:0004b760       sf_mex_assign              000000018004c760 f   sfc_mex:sfc_mex.obj
 0001:0004b7e0       sf_mex_destroy             000000018004c7e0 f   sfc_mex:sfc_mex.obj
 0001:0004b810       mx_array_has_fi_type       000000018004c810 f   sfc_mex:sfc_mex.obj
 0001:0004b840       sf_mex_convert_from_fi     000000018004c840 f   sfc_mex:sfc_mex.obj
 0001:0004b970       sf_mex_convert_to_double   000000018004c970 f   sfc_mex:sfc_mex.obj
 0001:0004ba90       sf_mex_import_fi_vs        000000018004ca90 f   sfc_mex:sfc_mex.obj
 0001:0004bcc0       sf_matrix_matrix_index_ok  000000018004ccc0 f   sfc_mex:sfc_mex.obj
 0001:0004bd50       sf_vector_vector_index_ok  000000018004cd50 f   sfc_mex:sfc_mex.obj
 0001:0004bd80       ssGetCurrentInputPortDimensions_wrapper 000000018004cd80 f   sfc_mex:sfc_mex.obj
 0001:0004bda0       ssGetCurrentOutputPortDimensions_wrapper 000000018004cda0 f   sfc_mex:sfc_mex.obj
 0001:0004bdc0       sf_mex_emlrt_context_is_debug_mode 000000018004cdc0 f   sfc_mex:sfc_mex.obj
 0001:0004bdd0       sf_mex_emlrt_context_set_debug_mode 000000018004cdd0 f   sfc_mex:sfc_mex.obj
 0001:0004bde0       sf_mex_emlrtNameCapturePostProcessR2012a 000000018004cde0 f   sfc_mex:sfc_mex.obj
 0001:0004be50       sf_clear_error_manager_info 000000018004ce50 f   sfc_mex:sfc_mex.obj
 0001:0004beb0       sf_mex_stop_simulation_abruptly_wo_error 000000018004ceb0 f   sfc_mex:sfc_mex.obj
 0001:0004bef0       sf_mex_error_message       000000018004cef0 f   sfc_mex:sfc_mex.obj
 0001:0004bf60       sf_react_to_error_in_matlab_call 000000018004cf60 f   sfc_mex:sfc_mex.obj
 0001:0004bf90       sf_mex_addfield            000000018004cf90 f   sfc_mex:sfc_mex.obj
 0001:0004c030       sf_mex_getfield            000000018004d030 f   sfc_mex:sfc_mex.obj
 0001:0004c330       sf_mex_check_class         000000018004d330 f   sfc_mex:sfc_mex.obj
 0001:0004c3d0       sf_mex_is_real             000000018004d3d0 f   sfc_mex:sfc_mex.obj
 0001:0004c840       sf_mex_decode_encoded_mx_struct_array 000000018004d840 f   sfc_mex:sfc_mex.obj
 0001:0004cb30       sf_mex_lw_bounds_check     000000018004db30 f   sfc_mex:sfc_mex.obj
 0001:0004cb60       sf_mex_lw_size_eq_check_1d 000000018004db60 f   sfc_mex:sfc_mex.obj
 0001:0004cb80       sf_mex_lw_size_eq_check_nd 000000018004db80 f   sfc_mex:sfc_mex.obj
 0001:0004cd60       sf_mex_lw_dim_size_eq_check 000000018004dd60 f   sfc_mex:sfc_mex.obj
 0001:0004cd90       sf_mex_lw_dim_size_geq_check 000000018004dd90 f   sfc_mex:sfc_mex.obj
 0001:0004cdc0       sf_mex_lw_sub_assign_size_check_nd 000000018004ddc0 f   sfc_mex:sfc_mex.obj
 0001:0004cf90       sf_mex_lw_runtime_error_msgid 000000018004df90 f   sfc_mex:sfc_mex.obj
 0001:0004d080       sf_mex_lw_matrix_matrix_index_check 000000018004e080 f   sfc_mex:sfc_mex.obj
 0001:0004d0a0       sf_mex_lw_vector_vector_index_check 000000018004e0a0 f   sfc_mex:sfc_mex.obj
 0001:0004d0e0       sf_mex_lw_for_loop_vector_check 000000018004e0e0 f   sfc_mex:sfc_mex.obj
 0001:0004d170       sf_mex_lw_non_negative_check 000000018004e170 f   sfc_mex:sfc_mex.obj
 0001:0004d1b0       sf_mex_overflow_error      000000018004e1b0 f   sfc_mex:sfc_mex.obj
 0001:0004d1c0       sf_mex_dividebyzero_error  000000018004e1c0 f   sfc_mex:sfc_mex.obj
 0001:0004d1d0       sf_mex_unsafe_enum_error   000000018004e1d0 f   sfc_mex:sfc_mex.obj
 0001:0004d1e0       sf_emlrtErrHandler         000000018004e1e0 f   sfc_mex:sfc_mex.obj
 0001:0004d2c0       sf_mex_size_one_check      000000018004e2c0 f   sfc_mex:sfc_mex.obj
 0001:0004d2e0       sf_mex_printf              000000018004e2e0 f   sfc_mex:sfc_mex.obj
 0001:0004d4b0       sf_mex_check_size          000000018004e4b0 f   sfc_mex:sfc_mex.obj
 0001:0004d750       sf_mex_check_struct        000000018004e750 f   sfc_mex:sfc_mex.obj
 0001:0004d9b0       sf_mex_check_struct_vs     000000018004e9b0 f   sfc_mex:sfc_mex.obj
 0001:0004da40       sf_mex_check_fi            000000018004ea40 f   sfc_mex:sfc_mex.obj
 0001:0004db40       sf_mex_check_fi_vs         000000018004eb40 f   sfc_mex:sfc_mex.obj
 0001:0004dbe0       sf_echo_expression         000000018004ebe0 f   sfc_mex:sfc_mex.obj
 0001:0004dc40       sf_assertion_failed        000000018004ec40 f   sfc_mex:sfc_mex.obj
 0001:0004df20       sf_mex_evalin              000000018004ef20 f   sfc_mex:sfc_mex.obj
 0001:0004e190       sf_mex_export              000000018004f190 f   sfc_mex:sfc_mex.obj
 0001:0004e250       sf_mex_get_ml_var_no_error 000000018004f250 f   sfc_mex:sfc_mex.obj
 0001:0004e3f0       sf_mex_get_ml_var          000000018004f3f0 f   sfc_mex:sfc_mex.obj
 0001:0004e880       ml_set_element_value_in_array 000000018004f880 f   sfc_mex:sfc_mex.obj
 0001:0004f940       sf_mex_call_impl           0000000180050940 f   sfc_mex:sfc_mex.obj
 0001:0004fd60       sf_mex_call_debug          0000000180050d60 f   sfc_mex:sfc_mex.obj
 0001:0004fd90       sf_mex_call                0000000180050d90 f   sfc_mex:sfc_mex.obj
 0001:000503e0       sf_mex_createstruct        00000001800513e0 f   sfc_mex:sfc_mex.obj
 0001:000504f0       sf_mex_createstructarray   00000001800514f0 f   sfc_mex:sfc_mex.obj
 0001:00050570       sf_mex_get_mx_datatype_from_sf_datatype 0000000180051570 f   sfc_mex:sfc_mex.obj
 0001:00050880       sf_mex_ml_var_sub          0000000180051880 f   sfc_mex:sfc_mex.obj
 0001:00050a60       sf_mex_ml_var_subsasgn     0000000180051a60 f   sfc_mex:sfc_mex.obj
 0001:00050e60       sf_mex_sub                 0000000180051e60 f   sfc_mex:sfc_mex.obj
 0001:00051070       sf_mex_subsasgn            0000000180052070 f   sfc_mex:sfc_mex.obj
 0001:00051580       sf_mex_create              0000000180052580 f   sfc_mex:sfc_mex.obj
 0001:00051f20       sf_mex_import_named        0000000180052f20 f   sfc_mex:sfc_mex.obj
 0001:00051f80       sf_mex_import              0000000180052f80 f   sfc_mex:sfc_mex.obj
 0001:00051fd0       sf_mex_import_vs           0000000180052fd0 f   sfc_mex:sfc_mex.obj
 0001:000520e0       sf_mex_lower_fixpt_mx_array 00000001800530e0 f   sfc_mex:sfc_mex.obj
 0001:00052400       sf_debug_chart_instance_initialized_quick 0000000180053400 f   sfc_debug:sfcdebug.obj
 0001:00052480       sf_debug_disp              0000000180053480 f   sfc_debug:sfcdebug.obj
 0001:00052750       sf_debug_data_runtime_size_mismatch_error_check 0000000180053750 f   sfc_debug:sfcdebug.obj
 0001:00052800       sf_debug_try_loading_machine 0000000180053800 f   sfc_debug:sfcdebug.obj
 0001:00052900       sf_debug_reset_current_state_configuration 0000000180053900 f   sfc_debug:sfcdebug.obj
 0001:00052980       sf_debug_store_current_state_configuration 0000000180053980 f   sfc_debug:sfcdebug.obj
 0001:00052a00       sf_debug_restore_previous_state_configuration 0000000180053a00 f   sfc_debug:sfcdebug.obj
 0001:00052a80       sf_debug_restore_previous_state_configuration2 0000000180053a80 f   sfc_debug:sfcdebug.obj
 0001:00052b00       sf_debug_get_event_scope   0000000180053b00 f   sfc_debug:sfcdebug.obj
 0001:00052c70       use_debugger_step_animation 0000000180053c70 f   sfc_debug:sfcdebug.obj
 0001:00052c90       sf_debug_get_script_id     0000000180053c90 f   sfc_debug:sfcdebug.obj
 0001:00052d20       sf_debug_set_script_translation 0000000180053d20 f   sfc_debug:sfcdebug.obj
 0001:00052ea0       sf_debug_extract_message_post_receive_info 0000000180053ea0 f   sfc_debug:sfcdebug.obj
 0001:00053060       sf_debug_get_current_machine_id 0000000180054060 f   sfc_debug:sfcdebug.obj
 0001:00053080       sf_debug_get_current_optional_integer 0000000180054080 f   sfc_debug:sfcdebug.obj
 0001:00053090       sf_debug_get_current_machine_number 0000000180054090 f   sfc_debug:sfcdebug.obj
 0001:000530b0       sf_debug_get_current_machine_name 00000001800540b0 f   sfc_debug:sfcdebug.obj
 0001:000530d0       sf_debug_get_current_chart_id 00000001800540d0 f   sfc_debug:sfcdebug.obj
 0001:00053110       sf_debug_get_current_chart_number 0000000180054110 f   sfc_debug:sfcdebug.obj
 0001:00053120       sf_debug_get_current_instance_number 0000000180054120 f   sfc_debug:sfcdebug.obj
 0001:00053130       sf_debug_get_current_is_minor_time_step 0000000180054130 f   sfc_debug:sfcdebug.obj
 0001:000531b0       sf_debug_get_current_object_type 00000001800541b0 f   sfc_debug:sfcdebug.obj
 0001:000531c0       sf_debug_get_current_instance_handle 00000001800541c0 f   sfc_debug:sfcdebug.obj
 0001:00053220       sf_debug_get_current_event_type 0000000180054220 f   sfc_debug:sfcdebug.obj
 0001:00053230       sf_debug_get_current_object_id 0000000180054230 f   sfc_debug:sfcdebug.obj
 0001:00053270       sf_debug_get_current_active_event_type 0000000180054270 f   sfc_debug:sfcdebug.obj
 0001:00053280       sf_debug_get_current_active_event_id 0000000180054280 f   sfc_debug:sfcdebug.obj
 0001:000532c0       sf_debug_get_current_tag_type 00000001800542c0 f   sfc_debug:sfcdebug.obj
 0001:000532d0       sf_debug_get_current_simulation_time 00000001800542d0 f   sfc_debug:sfcdebug.obj
 0001:000532e0       sf_debug_get_current_coverage_percentage 00000001800542e0 f   sfc_debug:sfcdebug.obj
 0001:000532f0       sf_debug_current_statement_context 00000001800542f0 f   sfc_debug:sfcdebug.obj
 0001:00053370       sf_debug_get_current_statement_info 0000000180054370 f   sfc_debug:sfcdebug.obj
 0001:00053510       sf_debug_terminate_instance 0000000180054510 f   sfc_debug:sfcdebug.obj
 0001:00053830       sf_debug_assertion_failed  0000000180054830 f   sfc_debug:sfcdebug.obj
 0001:00053a00       sf_debug_create_debug_instance_struct 0000000180054a00 f   sfc_debug:sfcdebug.obj
 0001:00053a50       sf_debug_set_number_of_data_with_change_event_for_machine 0000000180054a50 f   sfc_debug:sfcdebug.obj
 0001:00053aa0       sf_debug_set_machine_event_thresholds 0000000180054aa0 f   sfc_debug:sfcdebug.obj
 0001:00053ac0       sf_debug_set_machine_event_scope 0000000180054ac0 f   sfc_debug:sfcdebug.obj
 0001:00053b10       sf_debug_set_machine_data_thresholds 0000000180054b10 f   sfc_debug:sfcdebug.obj
 0001:00053b60       sf_debug_set_machine_data_scope 0000000180054b60 f   sfc_debug:sfcdebug.obj
 0001:00053c00       sf_debug_set_machine_data_name 0000000180054c00 f   sfc_debug:sfcdebug.obj
 0001:00053cb0       sf_debug_set_machine_data_size 0000000180054cb0 f   sfc_debug:sfcdebug.obj
 0001:00053e00       sf_debug_set_machine_data_type 0000000180054e00 f   sfc_debug:sfcdebug.obj
 0001:00053f70       sf_debug_get_chart_data_number 0000000180054f70 f   sfc_debug:sfcdebug.obj
 0001:00053f90       sf_debug_get_chart_event_number 0000000180054f90 f   sfc_debug:sfcdebug.obj
 0001:00053fb0       sf_debug_set_chart_state_info 0000000180054fb0 f   sfc_debug:sfcdebug.obj
 0001:00054040       sf_debug_set_chart_decomposition 0000000180055040 f   sfc_debug:sfcdebug.obj
 0001:000540b0       sf_debug_set_chart_substate_count 00000001800550b0 f   sfc_debug:sfcdebug.obj
 0001:00054190       sf_debug_set_chart_substate_index 0000000180055190 f   sfc_debug:sfcdebug.obj
 0001:00054210       sf_debug_set_chart_state_substate_count 0000000180055210 f   sfc_debug:sfcdebug.obj
 0001:00054330       sf_debug_set_chart_state_substate_index 0000000180055330 f   sfc_debug:sfcdebug.obj
 0001:000543c0       sf_debug_set_number_of_data_with_change_event_for_chart 00000001800553c0 f   sfc_debug:sfcdebug.obj
 0001:00054450       sf_debug_set_number_of_states_with_entry_event_for_chart 0000000180055450 f   sfc_debug:sfcdebug.obj
 0001:000544d0       sf_debug_set_number_of_states_with_exit_event_for_chart 00000001800554d0 f   sfc_debug:sfcdebug.obj
 0001:00054550       sf_debug_set_chart_disable_implicit_casting 0000000180055550 f   sfc_debug:sfcdebug.obj
 0001:000545c0       sf_debug_set_chart_event_thresholds 00000001800555c0 f   sfc_debug:sfcdebug.obj
 0001:00054640       sf_debug_set_chart_data_compiled_props 0000000180055640 f   sfc_debug:sfcdebug.obj
 0001:00054980       sf_debug_set_chart_data_props 0000000180055980 f   sfc_debug:sfcdebug.obj
 0001:00054ca0       sf_debug_check_fi_license  0000000180055ca0 f   sfc_debug:sfcdebug.obj
 0001:00054e60       sf_debug_symbol_scope_push 0000000180055e60 f   sfc_debug:sfcdebug.obj
 0001:00054ea0       sf_debug_symbol_scope_push_eml 0000000180055ea0 f   sfc_debug:sfcdebug.obj
 0001:00054ef0       sf_debug_symbol_scope_pop  0000000180055ef0 f   sfc_debug:sfcdebug.obj
 0001:00054f30       sf_debug_symbol_scope_add_importable 0000000180055f30 f   sfc_debug:sfcdebug.obj
 0001:00054fb0       sf_debug_symbol_scope_add  0000000180055fb0 f   sfc_debug:sfcdebug.obj
 0001:00055030       sf_debug_symbol_scope_add_dyn_importable 0000000180056030 f   sfc_debug:sfcdebug.obj
 0001:000550f0       sf_debug_symbol_scope_add_dyn 00000001800560f0 f   sfc_debug:sfcdebug.obj
 0001:00055130       sf_debug_symbol_scope_add_eml_importable 0000000180056130 f   sfc_debug:sfcdebug.obj
 0001:00055170       sf_debug_symbol_scope_add_eml 0000000180056170 f   sfc_debug:sfcdebug.obj
 0001:000551b0       sf_debug_symbol_scope_add_eml_dyn_importable 00000001800561b0 f   sfc_debug:sfcdebug.obj
 0001:00055210       sf_debug_symbol_scope_add_eml_dyn 0000000180056210 f   sfc_debug:sfcdebug.obj
 0001:00055270       sf_debug_symbol_switch     0000000180056270 f   sfc_debug:sfcdebug.obj
 0001:00055290       sf_debug_symbol_scope_add_verbose 0000000180056290 f   sfc_debug:sfcdebug.obj
 0001:00055360       sf_debug_set_machine_data_value_ptr 0000000180056360 f   sfc_debug:sfcdebug.obj
 0001:000553a0       sf_debug_set_instance_data_value_ptr 00000001800563a0 f   sfc_debug:sfcdebug.obj
 0001:00055470       sf_debug_unset_instance_data_value_ptr 0000000180056470 f   sfc_debug:sfcdebug.obj
 0001:00055520       sf_debug_set_chart_event_scope 0000000180056520 f   sfc_debug:sfcdebug.obj
 0001:000555a0       sf_debug_set_chart_transition_coverage_maps 00000001800565a0 f   sfc_debug:sfcdebug.obj
 0001:000556a0       sf_debug_set_chart_state_coverage_maps 00000001800566a0 f   sfc_debug:sfcdebug.obj
 0001:00055770       sf_debug_set_instance_transition_coverage_weights 0000000180056770 f   sfc_debug:sfcdebug.obj
 0001:00055800       sf_debug_set_instance_state_coverage_weights 0000000180056800 f   sfc_debug:sfcdebug.obj
 0001:00055a50       sf_debug_unload_machine    0000000180056a50 f   sfc_debug:sfcdebug.obj
 0001:00055aa0       sf_debug_load_machine      0000000180056aa0 f   sfc_debug:sfcdebug.obj
 0001:00055bb0       sf_debug_set_active_instance_in_data_dictionary 0000000180056bb0 f   sfc_debug:sfcdebug.obj
 0001:00055d90       sf_debug_set_active_instance 0000000180056d90 f   sfc_debug:sfcdebug.obj
 0001:00055ef0       sf_debug_chart_visiblity_change 0000000180056ef0 f   sfc_debug:sfcdebug.obj
 0001:00055fe0       sf_debug_select_chart      0000000180056fe0 f   sfc_debug:sfcdebug.obj
 0001:00056140       sf_debug_set_instance_cv_ids 0000000180057140 f   sfc_debug:sfcdebug.obj
 0001:00056470       sf_debug_select_charts     0000000180057470 f   sfc_debug:sfcdebug.obj
 0001:00056620       sf_debug_initialized       0000000180057620 f   sfc_debug:sfcdebug.obj
 0001:00056640       sf_debug_is_uninterruptible 0000000180057640 f   sfc_debug:sfcdebug.obj
 0001:00056670       sf_debug_initialize_debugger_gui 0000000180057670 f   sfc_debug:sfcdebug.obj
 0001:00056a50       sf_debug_resume            0000000180057a50 f   sfc_debug:sfcdebug.obj
 0001:00056a70       sf_debug_go                0000000180057a70 f   sfc_debug:sfcdebug.obj
 0001:00056a80       sf_debug_break             0000000180057a80 f   sfc_debug:sfcdebug.obj
 0001:00056a90       sf_debug_step_over         0000000180057a90 f   sfc_debug:sfcdebug.obj
 0001:00056aa0       sf_debug_step_out          0000000180057aa0 f   sfc_debug:sfcdebug.obj
 0001:00056ab0       sf_debug_set_disable_all_breakpoints 0000000180057ab0 f   sfc_debug:sfcdebug.obj
 0001:00056ac0       sf_debug_disable_all_breakpoints_and_go 0000000180057ac0 f   sfc_debug:sfcdebug.obj
 0001:00056ad0       sf_debug_break_on_chart_entry 0000000180057ad0 f   sfc_debug:sfcdebug.obj
 0001:00056ae0       sf_debug_break_on_event_broadcast 0000000180057ae0 f   sfc_debug:sfcdebug.obj
 0001:00056af0       sf_debug_break_on_state_entry 0000000180057af0 f   sfc_debug:sfcdebug.obj
 0001:00056b00       sf_debug_break_between_times 0000000180057b00 f   sfc_debug:sfcdebug.obj
 0001:00056b20       sf_debug_browse_data       0000000180057b20 f   sfc_debug:sfcdebug.obj
 0001:00056b30       sf_debug_watch_data        0000000180057b30 f   sfc_debug:sfcdebug.obj
 0001:00056b60       sf_debug_assign_data       0000000180057b60 f   sfc_debug:sfcdebug.obj
 0001:00056b70       sf_debug_whos              0000000180057b70 f   sfc_debug:sfcdebug.obj
 0001:00056b90       sf_debug_get_consistency_info 0000000180057b90 f   sfc_debug:sfcdebug.obj
 0001:00056ba0       sf_debug_browse_trace      0000000180057ba0 f   sfc_debug:sfcdebug.obj
 0001:00056bb0       sf_debug_set_breakpoints   0000000180057bb0 f   sfc_debug:sfcdebug.obj
 0001:00056d20       sf_debug_set_eml_breakpoints 0000000180057d20 f   sfc_debug:sfcdebug.obj
 0001:00056e80       sf_debug_set_script_breakpoints 0000000180057e80 f   sfc_debug:sfcdebug.obj
 0001:00056f00       sf_debug_add_script_breakpoints 0000000180057f00 f   sfc_debug:sfcdebug.obj
 0001:00056f70       sf_debug_clear_script_breakpoints 0000000180057f70 f   sfc_debug:sfcdebug.obj
 0001:00056fe0       sf_debug_query_script_breakpoints 0000000180057fe0 f   sfc_debug:sfcdebug.obj
 0001:00057090       sf_debug_get_eml_script_id 0000000180058090 f   sfc_debug:sfcdebug.obj
 0001:000570e0       sf_debug_set_watch         00000001800580e0 f   sfc_debug:sfcdebug.obj
 0001:00057300       sf_debug_get_instance_handle 0000000180058300 f   sfc_debug:sfcdebug.obj
 0001:00057390       sf_debug_get_active_states 0000000180058390 f   sfc_debug:sfcdebug.obj
 0001:000573a0       sf_debug_set_honor_breakpoints 00000001800583a0 f   sfc_debug:sfcdebug.obj
 0001:000573b0       sf_debug_get_animation     00000001800583b0 f   sfc_debug:sfcdebug.obj
 0001:000573c0       sf_debug_set_animation     00000001800583c0 f   sfc_debug:sfcdebug.obj
 0001:000573d0       sf_debug_animate           00000001800583d0 f   sfc_debug:sfcdebug.obj
 0001:000573f0       sf_debug_cycle_detection_check 00000001800583f0 f   sfc_debug:sfcdebug.obj
 0001:00057400       sf_debug_data_range_check  0000000180058400 f   sfc_debug:sfcdebug.obj
 0001:00057410       sf_debug_transition_conflict_check 0000000180058410 f   sfc_debug:sfcdebug.obj
 0001:00057420       sf_debug_state_consistency_check 0000000180058420 f   sfc_debug:sfcdebug.obj
 0001:00057430       sf_debug_data_range_check_enabled 0000000180058430 f   sfc_debug:sfcdebug.obj
 0001:00057450       sf_debug_transition_conflict_check_enabled 0000000180058450 f   sfc_debug:sfcdebug.obj
 0001:00057470       sf_debug_transition_conflict_check_begin 0000000180058470 f   sfc_debug:sfcdebug.obj
 0001:00057490       sf_debug_transition_conflict_check_end 0000000180058490 f   sfc_debug:sfcdebug.obj
 0001:000574b0       sf_debug_stop_debugging    00000001800584b0 f   sfc_debug:sfcdebug.obj
 0001:000574e0       sf_debug_is_cycle_detected 00000001800584e0 f   sfc_debug:sfcdebug.obj
 0001:000574f0       sf_debug_is_array_bounds_detected 00000001800584f0 f   sfc_debug:sfcdebug.obj
 0001:00057500       sf_debug_get_state_vectors_data_size 0000000180058500 f   sfc_debug:sfcdebug.obj
 0001:00057540       sf_debug_get_state_vectors_data 0000000180058540 f   sfc_debug:sfcdebug.obj
 0001:00057650       sf_debug_set_state_vectors_data 0000000180058650 f   sfc_debug:sfcdebug.obj
 0001:000578e0       sf_debug_get_script_index  00000001800588e0 f   sfc_debug:sfcdebug.obj
 0001:00057a70       sf_debug_add_script        0000000180058a70 f   sfc_debug:sfcdebug.obj
 0001:00057c00       cv_eval_point              0000000180058c00 f   sfc_debug:sfcdebug.obj
 0001:00057d70       cv_eval_testobjective      0000000180058d70 f   sfc_debug:sfcdebug.obj
 0001:00057e80       sf_debug_cv_init_state     0000000180058e80 f   sfc_debug:sfcdebug.obj
 0001:00057fb0       sf_debug_cv_init_chart     0000000180058fb0 f   sfc_debug:sfcdebug.obj
 0001:000580a0       sf_debug_cv_init_trans     00000001800590a0 f   sfc_debug:sfcdebug.obj
 0001:000581b0       sf_debug_cv_init_saturation 00000001800591b0 f   sfc_debug:sfcdebug.obj
 0001:000582b0       sf_debug_cv_init_testobjectives 00000001800592b0 f   sfc_debug:sfcdebug.obj
 0001:00058490       cv_eml_init_script         0000000180059490 f   sfc_debug:sfcdebug.obj
 0001:000585b0       cv_eml_init_fcn            00000001800595b0 f   sfc_debug:sfcdebug.obj
 0001:000586c0       cv_eml_init_testobjective  00000001800596c0 f   sfc_debug:sfcdebug.obj
 0001:000587a0       cv_eml_init_saturation     00000001800597a0 f   sfc_debug:sfcdebug.obj
 0001:00058870       cv_eml_init_if             0000000180059870 f   sfc_debug:sfcdebug.obj
 0001:00058950       cv_eml_init_for            0000000180059950 f   sfc_debug:sfcdebug.obj
 0001:00058a20       cv_eml_init_while          0000000180059a20 f   sfc_debug:sfcdebug.obj
 0001:00058af0       cv_eml_init_mcdc           0000000180059af0 f   sfc_debug:sfcdebug.obj
 0001:00058c10       cv_eml_init_switch         0000000180059c10 f   sfc_debug:sfcdebug.obj
 0001:00058d10       cv_eml_eval                0000000180059d10 f   sfc_debug:sfcdebug.obj
 0001:00058e00       sf_debug_bm_is_a_eml_breakpoint 0000000180059e00 f   sfc_debug:sfcdebug.obj
 0001:00058f50       sf_debug_temporal_threshold 0000000180059f50 f   sfc_debug:sfcdebug.obj
 0001:000592c0       sf_debug_transition_conflict_error 000000018005a2c0 f   sfc_debug:sfcdebug.obj
 0001:00059620       sf_debug_state_inconsistency_error 000000018005a620 f   sfc_debug:sfcdebug.obj
 0001:00059740       sf_debug_check_for_state_inconsistency 000000018005a740 f   sfc_debug:sfcdebug.obj
 0001:00059780       sf_debug_cycle_detecton_error 000000018005a780 f   sfc_debug:sfcdebug.obj
 0001:00059ed0       sf_debug_size_eq_check_1d  000000018005aed0 f   sfc_debug:sfcdebug.obj
 0001:00059ef0       sf_debug_size_eq_check_nd  000000018005aef0 f   sfc_debug:sfcdebug.obj
 0001:0005a0f0       sf_debug_dim_size_eq_check 000000018005b0f0 f   sfc_debug:sfcdebug.obj
 0001:0005a120       sf_debug_dim_size_geq_check 000000018005b120 f   sfc_debug:sfcdebug.obj
 0001:0005a150       sf_debug_sub_assign_size_check_nd 000000018005b150 f   sfc_debug:sfcdebug.obj
 0001:0005a330       sf_debug_matrix_matrix_index_check 000000018005b330 f   sfc_debug:sfcdebug.obj
 0001:0005a380       sf_debug_vector_vector_index_check 000000018005b380 f   sfc_debug:sfcdebug.obj
 0001:0005a3d0       sf_debug_for_loop_vector_check 000000018005b3d0 f   sfc_debug:sfcdebug.obj
 0001:0005a470       sf_debug_runtime_error_msgid 000000018005b470 f   sfc_debug:sfcdebug.obj
 0001:0005a510       sf_debug_data_array_bounds_error_check 000000018005b510 f   sfc_debug:sfcdebug.obj
 0001:0005a620       sf_debug_eml_data_array_bounds_error_check 000000018005b620 f   sfc_debug:sfcdebug.obj
 0001:0005aae0       sf_debug_integer_check     000000018005bae0 f   sfc_debug:sfcdebug.obj
 0001:0005abd0       sf_debug_not_nan_check     000000018005bbd0 f   sfc_debug:sfcdebug.obj
 0001:0005aca0       sf_debug_non_negative_check 000000018005bca0 f   sfc_debug:sfcdebug.obj
 0001:0005ad70       sf_debug_overflow_detection 000000018005bd70 f   sfc_debug:sfcdebug.obj
 0001:0005b3d0       sf_debug_cast_to_real32_T  000000018005c3d0 f   sfc_debug:sfcdebug.obj
 0001:0005b4a0       sf_debug_cast_to_int8_T    000000018005c4a0 f   sfc_debug:sfcdebug.obj
 0001:0005b570       sf_debug_cast_to_uint8_T   000000018005c570 f   sfc_debug:sfcdebug.obj
 0001:0005b640       sf_debug_cast_to_int16_T   000000018005c640 f   sfc_debug:sfcdebug.obj
 0001:0005b710       sf_debug_cast_to_uint16_T  000000018005c710 f   sfc_debug:sfcdebug.obj
 0001:0005b7e0       sf_debug_cast_to_int32_T   000000018005c7e0 f   sfc_debug:sfcdebug.obj
 0001:0005b8b0       sf_debug_cast_to_uint32_T  000000018005c8b0 f   sfc_debug:sfcdebug.obj
 0001:0005b980       sf_debug_data_range_error  000000018005c980 f   sfc_debug:sfcdebug.obj
 0001:0005bc90       sf_debug_read_before_write_check 000000018005cc90 f   sfc_debug:sfcdebug.obj
 0001:0005c0c0       sf_debug_data_range_error_wrapper_min_max 000000018005d0c0 f   sfc_debug:sfcdebug.obj
 0001:0005c1e0       sf_debug_data_range_error_wrapper_min 000000018005d1e0 f   sfc_debug:sfcdebug.obj
 0001:0005c2f0       sf_debug_data_range_error_wrapper_max 000000018005d2f0 f   sfc_debug:sfcdebug.obj
 0001:0005c400       sf_debug_data_range_wrapper 000000018005d400 f   sfc_debug:sfcdebug.obj
 0001:0005c4c0       sf_debug_set_current_status_info 000000018005d4c0 f   sfc_debug:sfcdebug.obj
 0001:0005c860       sf_debug_register_message_post_receive_info 000000018005d860 f   sfc_debug:sfcdebug.obj
 0001:0005cab0       sf_debug_call              000000018005dab0 f   sfc_debug:sfcdebug.obj
 0001:0005d410       sf_debug_initialize_machine 000000018005e410 f   sfc_debug:sfcdebug.obj
 0001:0005d6c0       sf_debug_initialize_chart  000000018005e6c0 f   sfc_debug:sfcdebug.obj
 0001:0005db10       sf_debug_ensure_script     000000018005eb10 f   sfc_debug:sfcdebug.obj
 0001:0005dbc0       cv_eval_saturation         000000018005ebc0 f   sfc_debug:sfcdebug.obj
 0001:0005dd40       cv_saturation_accum        000000018005ed40 f   sfc_debug:sfcdebug.obj
 0001:0005de80       cv_script_init_script      000000018005ee80 f   sfc_debug:sfcdebug.obj
 0001:0005df70       cv_script_init_fcn         000000018005ef70 f   sfc_debug:sfcdebug.obj
 0001:0005e030       cv_script_init_testobjective 000000018005f030 f   sfc_debug:sfcdebug.obj
 0001:0005e0f0       cv_script_init_saturation  000000018005f0f0 f   sfc_debug:sfcdebug.obj
 0001:0005e1a0       cv_script_init_if          000000018005f1a0 f   sfc_debug:sfcdebug.obj
 0001:0005e260       cv_script_init_for         000000018005f260 f   sfc_debug:sfcdebug.obj
 0001:0005e310       cv_script_init_while       000000018005f310 f   sfc_debug:sfcdebug.obj
 0001:0005e3c0       cv_script_init_mcdc        000000018005f3c0 f   sfc_debug:sfcdebug.obj
 0001:0005e4c0       cv_script_init_switch      000000018005f4c0 f   sfc_debug:sfcdebug.obj
 0001:0005e5a0       cv_script_eval             000000018005f5a0 f   sfc_debug:sfcdebug.obj
 0001:0005e670       eml_debug_line_call        000000018005f670 f   sfc_debug:sfcdebug.obj
 0001:0005e840       sf_debug_terminate         000000018005f840 f   sfc_debug:sfcdebug.obj
 0001:0005ea50       sf_debug_set_script_cv_ids 000000018005fa50 f   sfc_debug:sfcdebug.obj
 0001:0005eb80       sf_debug_api               000000018005fb80 f   sfc_debug:sfc_api.obj
 0001:00060470       sf_debug_sm_terminate      0000000180061470 f   sfc_debug:sfdb_animation.obj
 0001:00060620       sf_debug_reset_path_objects 0000000180061620 f   sfc_debug:sfdb_animation.obj
 0001:000606a0       sf_debug_sm_reset_object_selection_status 00000001800616a0 f   sfc_debug:sfdb_animation.obj
 0001:00060740       sf_debug_sm_reset_state_buffer 0000000180061740 f   sfc_debug:sfdb_animation.obj
 0001:00060810       sf_debug_sm_store_state_buffer 0000000180061810 f   sfc_debug:sfdb_animation.obj
 0001:00060890       sf_debug_sm_restore_state_buffer1 0000000180061890 f   sfc_debug:sfdb_animation.obj
 0001:00060900       sf_debug_sm_restore_state_buffer2 0000000180061900 f   sfc_debug:sfdb_animation.obj
 0001:00060970       sf_debug_sm_chart_active   0000000180061970 f   sfc_debug:sfdb_animation.obj
 0001:000609c0       sf_debug_sm_select_active_objects 00000001800619c0 f   sfc_debug:sfdb_animation.obj
 0001:00060e90       sf_debug_sm_is_chart_active 0000000180061e90 f   sfc_debug:sfdb_animation.obj
 0001:00060ed0       sf_debug_sm_is_state_active 0000000180061ed0 f   sfc_debug:sfdb_animation.obj
 0001:00061110       sf_debug_sm_get_active_states 0000000180062110 f   sfc_debug:sfdb_animation.obj
 0001:000616c0       sf_debug_sm_initialize_instance 00000001800626c0 f   sfc_debug:sfdb_animation.obj
 0001:000618d0       sf_debug_sm_change_object_selection_status 00000001800628d0 f   sfc_debug:sfdb_animation.obj
 0001:00061ba0       cv_create_interface        0000000180062ba0 f   sfc_debug:cv_sfinterface.obj
 0001:00061eb0       cv_init_trans              0000000180062eb0 f   sfc_debug:cv_sfinterface.obj
 0001:00061f00       cv_init_saturation         0000000180062f00 f   sfc_debug:cv_sfinterface.obj
 0001:00061f40       cv_init_testobjective      0000000180062f40 f   sfc_debug:cv_sfinterface.obj
 0001:00061f80       cv_init_state              0000000180062f80 f   sfc_debug:cv_sfinterface.obj
 0001:00061ff0       cv_init_chart              0000000180062ff0 f   sfc_debug:cv_sfinterface.obj
 0001:00062040       cv_dec_update_call         0000000180063040 f   sfc_debug:cv_sfinterface.obj
 0001:00062080       cv_cond_update_call        0000000180063080 f   sfc_debug:cv_sfinterface.obj
 0001:000620c0       cv_saturation_update_call  00000001800630c0 f   sfc_debug:cv_sfinterface.obj
 0001:00062100       cv_saturation_update_accum 0000000180063100 f   sfc_debug:cv_sfinterface.obj
 0001:00062140       cv_testobjective_update_call 0000000180063140 f   sfc_debug:cv_sfinterface.obj
 0001:00062180       cv_sigrange_update         0000000180063180 f   sfc_debug:cv_sfinterface.obj
 0001:000621c0       cvsf_eml_eval              00000001800631c0 f   sfc_debug:cv_sfinterface.obj
 0001:000622a0       cvsf_eml_init_script       00000001800632a0 f   sfc_debug:cv_sfinterface.obj
 0001:00062330       cvsf_eml_init_fcn          0000000180063330 f   sfc_debug:cv_sfinterface.obj
 0001:00062390       cvsf_eml_init_testobjective 0000000180063390 f   sfc_debug:cv_sfinterface.obj
 0001:000623f0       cvsf_eml_init_saturation   00000001800633f0 f   sfc_debug:cv_sfinterface.obj
 0001:00062440       cvsf_eml_init_if           0000000180063440 f   sfc_debug:cv_sfinterface.obj
 0001:000624a0       cvsf_eml_init_for          00000001800634a0 f   sfc_debug:cv_sfinterface.obj
 0001:000624f0       cvsf_eml_init_while        00000001800634f0 f   sfc_debug:cv_sfinterface.obj
 0001:00062540       cvsf_eml_init_mcdc         0000000180063540 f   sfc_debug:cv_sfinterface.obj
 0001:000625d0       cvsf_eml_init_switch       00000001800635d0 f   sfc_debug:cv_sfinterface.obj
 0001:00062640       cvsf_script_eval           0000000180063640 f   sfc_debug:cv_sfinterface.obj
 0001:00062720       cvsf_script_init_script    0000000180063720 f   sfc_debug:cv_sfinterface.obj
 0001:000627b0       cvsf_script_init_fcn       00000001800637b0 f   sfc_debug:cv_sfinterface.obj
 0001:00062810       cvsf_script_init_testobjective 0000000180063810 f   sfc_debug:cv_sfinterface.obj
 0001:00062870       cvsf_script_init_saturation 0000000180063870 f   sfc_debug:cv_sfinterface.obj
 0001:000628c0       cvsf_script_init_if        00000001800638c0 f   sfc_debug:cv_sfinterface.obj
 0001:00062920       cvsf_script_init_for       0000000180063920 f   sfc_debug:cv_sfinterface.obj
 0001:00062970       cvsf_script_init_while     0000000180063970 f   sfc_debug:cv_sfinterface.obj
 0001:000629c0       cvsf_script_init_mcdc      00000001800639c0 f   sfc_debug:cv_sfinterface.obj
 0001:00062a50       cvsf_script_init_switch    0000000180063a50 f   sfc_debug:cv_sfinterface.obj
 0001:00062ac0       cv_destroy_interface       0000000180063ac0 f   sfc_debug:cv_sfinterface.obj
 0001:00062ae0       cv_create_instance_objects 0000000180063ae0 f   sfc_debug:cv_sfinterface.obj
 0001:00062f50       cv_is_enabled              0000000180063f50 f   sfc_debug:cv_sfinterface.obj
 0001:00062f60       sf_debug_cv_initialize_script 0000000180063f60 f   sfc_debug:cv_sfinterface.obj
 0001:000630f0       sf_debug_cv_initialize_instance 00000001800640f0 f   sfc_debug:cv_sfinterface.obj
 0001:00063480       sf_debug_cv_terminate_chart 0000000180064480 f   sfc_debug:cv_sfinterface.obj
 0001:000635a0       cv_call_trans_test         00000001800645a0 f   sfc_debug:cv_sfinterface.obj
 0001:000635b0       cv_call_sub_cond_test      00000001800645b0 f   sfc_debug:cv_sfinterface.obj
 0001:000635f0       sf_debug_st_initialize_machine 00000001800645f0 f   sfc_debug:sfdb_data_browse.obj
 0001:000636a0       sf_debug_st_initialize_instance 00000001800646a0 f   sfc_debug:sfdb_data_browse.obj
 0001:000638b0       sf_debug_st_terminate      00000001800648b0 f   sfc_debug:sfdb_data_browse.obj
 0001:00063c50       sf_debug_st_set_data_value_ptr_in_machine 0000000180064c50 f   sfc_debug:sfdb_data_browse.obj
 0001:00063ce0       sf_debug_st_set_data_value_ptr_in_instance 0000000180064ce0 f   sfc_debug:sfdb_data_browse.obj
 0001:00063dc0       sf_debug_st_unset_data_value_ptr_in_machine 0000000180064dc0 f   sfc_debug:sfdb_data_browse.obj
 0001:00063e30       sf_debug_st_unset_data_value_ptr_in_instance 0000000180064e30 f   sfc_debug:sfdb_data_browse.obj
 0001:000640f0       sf_debug_mx_value          00000001800650f0 f   sfc_debug:sfdb_data_browse.obj
 0001:00064150       sf_debug_mx_packed_vector  0000000180065150 f   sfc_debug:sfdb_data_browse.obj
 0001:00064230       sf_debug_mx_uint_vector    0000000180065230 f   sfc_debug:sfdb_data_browse.obj
 0001:000642e0       sf_debug_st_get_double_value_from_void_ptr_vector 00000001800652e0 f   sfc_debug:sfdb_data_browse.obj
 0001:00064dc0       sf_debug_st_browse_data    0000000180065dc0 f   sfc_debug:sfdb_data_browse.obj
 0001:00065600       sf_debug_hm_initialize_instance 0000000180066600 f   sfc_debug:sfdb_handle_management.obj
 0001:00065ae0       sf_debug_hm_get_object_id  0000000180066ae0 f   sfc_debug:sfdb_handle_management.obj
 0001:00066690       sf_debug_hm_update_chart_visibility 0000000180067690 f   sfc_debug:sfdb_handle_management.obj
 0001:00067880       sf_debug_object_is_eml_function 0000000180068880 f   sfc_debug:sfdb_handle_management.obj
 0001:000678f0       sf_debug_hm_initialize_ids_in_machine 00000001800688f0 f   sfc_debug:sfdb_handle_management.obj
 0001:00067a60       sf_debug_hm_initialize_ids_in_chart 0000000180068a60 f   sfc_debug:sfdb_handle_management.obj
 0001:00067b60       sf_debug_hm_initialize_chart 0000000180068b60 f   sfc_debug:sfdb_handle_management.obj
 0001:00068260       sf_debug_hm_terminate      0000000180069260 f   sfc_debug:sfdb_handle_management.obj
 0001:000682c0       sf_debug_hm_initialize_machine 00000001800692c0 f   sfc_debug:sfdb_handle_management.obj
 0001:000689e0       sf_debug_ss_initialize     00000001800699e0 f   sfc_debug:sfdb_symbol_scope.obj
 0001:00068a00       sf_debug_ss_terminate      0000000180069a00 f   sfc_debug:sfdb_symbol_scope.obj
 0001:00068a90       sf_debug_ss_push_symbol_scope 0000000180069a90 f   sfc_debug:sfdb_symbol_scope.obj
 0001:00068b90       sf_debug_ss_push_symbol_scope_eml 0000000180069b90 f   sfc_debug:sfdb_symbol_scope.obj
 0001:00068bf0       sf_debug_ss_pop_symbol_scope 0000000180069bf0 f   sfc_debug:sfdb_symbol_scope.obj
 0001:00068ca0       sf_debug_ss_add_symbol     0000000180069ca0 f   sfc_debug:sfdb_symbol_scope.obj
 0001:00068e10       sf_debug_ss_add_symbol_eml 0000000180069e10 f   sfc_debug:sfdb_symbol_scope.obj
 0001:00069d10       sf_debug_ss_set_data_value 000000018006ad10 f   sfc_debug:sfdb_symbol_scope.obj
 0001:0006a160       getInstanceNumber          000000018006b160 f   sfc_debug:sfdb_symbol_scope.obj
 0001:0006a230       sf_debug_ss_watch_data     000000018006b230 f   sfc_debug:sfdb_symbol_scope.obj
 0001:0006a420       sf_debug_ss_assign_data    000000018006b420 f   sfc_debug:sfdb_symbol_scope.obj
 0001:0006ae30       get_data_entry_name        000000018006be30 f   sfc_debug:sfdb_symbol_scope.obj
 0001:0006ae80       sf_debug_ss_whos           000000018006be80 f   sfc_debug:sfdb_symbol_scope.obj
 0001:0006b4d0       sf_debug_cc_initialize_chart 000000018006c4d0 f   sfc_debug:sfdb_coverage.obj
 0001:0006bec0       sf_debug_cc_initialize_instance 000000018006cec0 f   sfc_debug:sfdb_coverage.obj
 0001:0006cc00       sf_debug_cc_terminate      000000018006dc00 f   sfc_debug:sfdb_coverage.obj
 0001:0006ccf0       sf_debug_cc_set_transition_maps 000000018006dcf0 f   sfc_debug:sfdb_coverage.obj
 0001:0006ce20       sf_debug_cc_set_state_maps 000000018006de20 f   sfc_debug:sfdb_coverage.obj
 0001:0006cf00       sf_debug_cc_set_transition_weights 000000018006df00 f   sfc_debug:sfdb_coverage.obj
 0001:0006d1c0       sf_debug_cc_set_state_weights 000000018006e1c0 f   sfc_debug:sfdb_coverage.obj
 0001:0006d490       sf_debug_cc_mark_transition_guard 000000018006e490 f   sfc_debug:sfdb_coverage.obj
 0001:0006d520       sf_debug_cc_mark_transition_trigger 000000018006e520 f   sfc_debug:sfdb_coverage.obj
 0001:0006d5b0       sf_debug_cc_mark_transition_decision 000000018006e5b0 f   sfc_debug:sfdb_coverage.obj
 0001:0006d620       sf_debug_cc_mark_transition_condition_action 000000018006e620 f   sfc_debug:sfdb_coverage.obj
 0001:0006d670       sf_debug_cc_mark_transition_transition_action 000000018006e670 f   sfc_debug:sfdb_coverage.obj
 0001:0006d6c0       sf_debug_cc_mark_state_entry 000000018006e6c0 f   sfc_debug:sfdb_coverage.obj
 0001:0006d710       sf_debug_cc_mark_state_during 000000018006e710 f   sfc_debug:sfdb_coverage.obj
 0001:0006d760       sf_debug_cc_mark_state_exit 000000018006e760 f   sfc_debug:sfdb_coverage.obj
 0001:0006d7b0       sf_debug_bm_clear_script_breakpoints 000000018006e7b0 f   sfc_debug:sfdb_breakpoints.obj
 0001:0006d7e0       sf_debug_bm_set_script_breakpoint 000000018006e7e0 f   sfc_debug:sfdb_breakpoints.obj
 0001:0006d860       sf_debug_bm_clear_single_script_breakpoint 000000018006e860 f   sfc_debug:sfdb_breakpoints.obj
 0001:0006d8e0       sf_debug_bm_query_script_breakpoint 000000018006e8e0 f   sfc_debug:sfdb_breakpoints.obj
 0001:0006d930       sf_debug_bm_initialize_scripts 000000018006e930 f   sfc_debug:sfdb_breakpoints.obj
 0001:0006dfc0       sf_debug_bm_terminate      000000018006efc0 f   sfc_debug:sfdb_breakpoints.obj
 0001:0006e2a0       sf_debug_bm_remove_all_breakpoints_in_machine 000000018006f2a0 f   sfc_debug:sfdb_breakpoints.obj
 0001:0006e300       sf_debug_bm_remove_all_breakpoints_in_chart 000000018006f300 f   sfc_debug:sfdb_breakpoints.obj
 0001:0006e450       sf_debug_bm_initialize_global_breakpoints 000000018006f450 f   sfc_debug:sfdb_breakpoints.obj
 0001:0006e5d0       sf_debug_bm_set_breakpoint 000000018006f5d0 f   sfc_debug:sfdb_breakpoints.obj
 0001:0006eb90       sf_debug_bm_set_eml_breakpoint 000000018006fb90 f   sfc_debug:sfdb_breakpoints.obj
 0001:0006ec20       sf_debug_bm_initialize_machine_breakpoint_map 000000018006fc20 f   sfc_debug:sfdb_breakpoints.obj
 0001:0006f040       sf_debug_bm_is_a_breakpoint 0000000180070040 f   sfc_debug:sfdb_breakpoints.obj
 0001:0006f560       sf_debug_bm_get_all_breakpoints_in_machine 0000000180070560 f   sfc_debug:sfdb_breakpoints.obj
 0001:0006f860       sf_debug_bm_get_all_breakpoints_in_chart 0000000180070860 f   sfc_debug:sfdb_breakpoints.obj
 0001:000703f0       sf_debug_bm_initialize_machine 00000001800713f0 f   sfc_debug:sfdb_breakpoints.obj
 0001:000704c0       sf_debug_bm_initialize_chart 00000001800714c0 f   sfc_debug:sfdb_breakpoints.obj
 0001:000708b0       sf_debug_sc_terminate      00000001800718b0 f   sfc_debug:sfdb_state_consistency.obj
 0001:00070bd0       sf_debug_sc_is_chart_consistent 0000000180071bd0 f   sfc_debug:sfdb_state_consistency.obj
 0001:00070e80       sf_debug_sc_get_consistency_error_info 0000000180071e80 f   sfc_debug:sfdb_state_consistency.obj
 0001:00071290       sf_debug_tm_terminate      0000000180072290 f   sfc_debug:sfdb_call_stack.obj
 0001:00071340       sf_debug_tm_push_chart_instance 0000000180072340 f   sfc_debug:sfdb_call_stack.obj
 0001:00071480       sf_debug_tm_pop_chart_instance 0000000180072480 f   sfc_debug:sfdb_call_stack.obj
 0001:000714e0       sf_debug_tm_push_trace_node 00000001800724e0 f   sfc_debug:sfdb_call_stack.obj
 0001:00071660       sf_debug_tm_pop_trace_node 0000000180072660 f   sfc_debug:sfdb_call_stack.obj
 0001:000716e0       sf_debug_tm_get_current_global_trace_index 00000001800726e0 f   sfc_debug:sfdb_call_stack.obj
 0001:000716f0       sf_debug_tm_get_current_local_trace_index 00000001800726f0 f   sfc_debug:sfdb_call_stack.obj
 0001:00071720       sf_debug_tm_set_cycle_detected_flag 0000000180072720 f   sfc_debug:sfdb_call_stack.obj
 0001:00071760       sf_debug_tm_set_cycle_started_flag 0000000180072760 f   sfc_debug:sfdb_call_stack.obj
 0001:000717a0       sf_debug_tm_get_chart_number_from_stack 00000001800727a0 f   sfc_debug:sfdb_call_stack.obj
 0001:000719a0       sf_debug_tm_browse_trace   00000001800729a0 f   sfc_debug:sfdb_call_stack.obj
 0001:00071cb0       sf_debug_cd_initialize_instance 0000000180072cb0 f   sfc_debug:sfdb_cycle_detection.obj
 0001:00071f60       sf_debug_cd_mark_processed_transition_in_instance 0000000180072f60 f   sfc_debug:sfdb_cycle_detection.obj
 0001:00072000       sf_debug_cd_checksum_push  0000000180073000 f   sfc_debug:sfdb_cycle_detection.obj
 0001:000722b0       sf_debug_cd_checksum_pop   00000001800732b0 f   sfc_debug:sfdb_cycle_detection.obj
 0001:00072320       sf_debug_cd_turn_off_cycle_detection 0000000180073320 f   sfc_debug:sfdb_cycle_detection.obj
 0001:00072370       sf_debug_cd_terminate      0000000180073370 f   sfc_debug:sfdb_cycle_detection.obj
 0001:000725a0       md5_initialize_state       00000001800735a0 f   sfc_debug:ckmd5.obj
 0001:00073030       md5_update_state           0000000180074030 f   sfc_debug:ckmd5.obj
 0001:00073050       md5_get_hash               0000000180074050 f   sfc_debug:ckmd5.obj
 0001:00073080       md5_get_hash_for_a_single_string 0000000180074080 f   sfc_debug:ckmd5.obj
 0001:000730e0       mxGetPr                    00000001800740e0 f   libmx:libmx.dll
 0001:000730e6       mxSetField_730             00000001800740e6 f   libmx:libmx.dll
 0001:000730ec       mxDestroyArray             00000001800740ec f   libmx:libmx.dll
 0001:000730f2       mxCreateDoubleMatrix_730   00000001800740f2 f   libmx:libmx.dll
 0001:000730f8       mxCreateDoubleScalar       00000001800740f8 f   libmx:libmx.dll
 0001:000730fe       mxCreateString             00000001800740fe f   libmx:libmx.dll
 0001:00073104       mxCreateCellMatrix_730     0000000180074104 f   libmx:libmx.dll
 0001:0007310a       mxCreateStructMatrix_730   000000018007410a f   libmx:libmx.dll
 0001:00073110       mxDuplicateArray           0000000180074110 f   libmx:libmx.dll
 0001:00073116       mxIsEmpty                  0000000180074116 f   libmx:libmx.dll
 0001:0007311c       mxCalloc                   000000018007411c f   libmx:libmx.dll
 0001:00073122       mxGetClassID               0000000180074122 f   libmx:libmx.dll
 0001:00073128       mxIsNumeric                0000000180074128 f   libmx:libmx.dll
 0001:0007312e       mxIsChar                   000000018007412e f   libmx:libmx.dll
 0001:00073134       mxIsComplex                0000000180074134 f   libmx:libmx.dll
 0001:0007313a       mxGetM                     000000018007413a f   libmx:libmx.dll
 0001:00073140       mxGetN                     0000000180074140 f   libmx:libmx.dll
 0001:00073146       mxGetString_730            0000000180074146 f   libmx:libmx.dll
 0001:0007314c       mxGetScalar                000000018007414c f   libmx:libmx.dll
 0001:00073152       mxGetString_700            0000000180074152 f   libmx:libmx.dll
 0001:00073158       mxFree                     0000000180074158 f   libmx:libmx.dll
 0001:0007315e       mxArrayToString            000000018007415e f   libmx:libmx.dll
 0001:00073164       mxGetNumberOfElements      0000000180074164 f   libmx:libmx.dll
 0001:0007316a       mxGetField_700             000000018007416a f   libmx:libmx.dll
 0001:00073170       mxSetFieldByNumber_700     0000000180074170 f   libmx:libmx.dll
 0001:00073176       mxCreateStructArray_700    0000000180074176 f   libmx:libmx.dll
 0001:0007317c       mxGetData                  000000018007417c f   libmx:libmx.dll
 0001:00073182       mxCreateNumericArray_700   0000000180074182 f   libmx:libmx.dll
 0001:00073188       mxIsLogical                0000000180074188 f   libmx:libmx.dll
 0001:0007318e       mxCreateDoubleMatrix_700   000000018007418e f   libmx:libmx.dll
 0001:00073194       mxCreateCellMatrix_700     0000000180074194 f   libmx:libmx.dll
 0001:0007319a       mxSetCell_700              000000018007419a f   libmx:libmx.dll
 0001:000731a0       mxGetCell_700              00000001800741a0 f   libmx:libmx.dll
 0001:000731a6       mxGetClassName             00000001800741a6 f   libmx:libmx.dll
 0001:000731ac       mxSetField_700             00000001800741ac f   libmx:libmx.dll
 0001:000731b2       mxAddField                 00000001800741b2 f   libmx:libmx.dll
 0001:000731b8       mxIsStruct                 00000001800741b8 f   libmx:libmx.dll
 0001:000731be       mxIsA                      00000001800741be f   libmx:libmx.dll
 0001:000731c4       mxIsClass                  00000001800741c4 f   libmx:libmx.dll
 0001:000731ca       mxGetLogicals              00000001800741ca f   libmx:libmx.dll
 0001:000731d0       mxIsSparse                 00000001800741d0 f   libmx:libmx.dll
 0001:000731d6       mxGetFieldByNumber_700     00000001800741d6 f   libmx:libmx.dll
 0001:000731dc       mxGetFieldNameByNumber     00000001800741dc f   libmx:libmx.dll
 0001:000731e2       mxGetNumberOfFields        00000001800741e2 f   libmx:libmx.dll
 0001:000731e8       mxCreateStructMatrix_700   00000001800741e8 f   libmx:libmx.dll
 0001:000731ee       mxGetFieldNumber           00000001800741ee f   libmx:libmx.dll
 0001:000731f4       mxIsNaN                    00000001800741f4 f   libmx:libmx.dll
 0001:000731fa       mxGetImagData              00000001800741fa f   libmx:libmx.dll
 0001:00073200       mxArrayClassIDName         0000000180074200 f   libmx:libmx.dll
 0001:00073206       mxCreateNumericMatrix_700  0000000180074206 f   libmx:libmx.dll
 0001:0007320c       mxCalcSingleSubscript_700  000000018007420c f   libmx:libmx.dll
 0001:00073212       mxGetDimensions_700        0000000180074212 f   libmx:libmx.dll
 0001:00073218       mxGetNumberOfDimensions_700 0000000180074218 f   libmx:libmx.dll
 0001:0007321e       mxGetElementSize           000000018007421e f   libmx:libmx.dll
 0001:00073224       mxCreateStringFromNChars_700 0000000180074224 f   libmx:libmx.dll
 0001:0007322a       mxIsLogicalScalarTrue      000000018007422a f   libmx:libmx.dll
 0001:00073230       mxCreateLogicalScalar      0000000180074230 f   libmx:libmx.dll
 0001:00073236       mexErrMsgTxt               0000000180074236 f   libmex:libmex.dll
 0001:0007323c       mexWarnMsgTxt              000000018007423c f   libmex:libmex.dll
 0001:00073242       mexCallMATLAB              0000000180074242 f   libmex:libmex.dll
 0001:00073248       mexUnlock                  0000000180074248 f   libmex:libmex.dll
 0001:0007324e       mexIsLocked                000000018007424e f   libmex:libmex.dll
 0001:00073254       mexMakeArrayPersistent     0000000180074254 f   libmex:libmex.dll
 0001:0007325a       mexLock                    000000018007425a f   libmex:libmex.dll
 0001:00073260       mexMakeMemoryPersistent    0000000180074260 f   libmex:libmex.dll
 0001:00073266       mexSetTrapFlag             0000000180074266 f   libmex:libmex.dll
 0001:0007326c       mexPutVariable             000000018007426c f   libmex:libmex.dll
 0001:00073272       mexGetVariable             0000000180074272 f   libmex:libmex.dll
 0001:00073278       mexFunctionName            0000000180074278 f   libmex:libmex.dll
 0001:0007327e       ssRegisterDataTypeFxpFSlopeFixExpBias 000000018007427e f   libfixedpoint:libfixedpoint.dll
 0001:00073284       ssRegisterDataTypeFxpScaledDouble 0000000180074284 f   libfixedpoint:libfixedpoint.dll
 0001:0007328a       utMalloc                   000000018007428a f   libut:libut.dll
 0001:00073290       utFree                     0000000180074290 f   libut:libut.dll
 0001:00073296       utCPUtime                  0000000180074296 f   libut:libut.dll
 0001:0007329c       utVSNprintf                000000018007429c f   libut:libut.dll
 0001:000732a2       utCalloc                   00000001800742a2 f   libut:libut.dll
 0001:000732a8       utRealloc                  00000001800742a8 f   libut:libut.dll
 0001:000732ae       muDoubleScalarAbs          00000001800742ae f   libmwmathutil:libmwmathutil.dll
 0001:000732b4       muDoubleScalarCos          00000001800742b4 f   libmwmathutil:libmwmathutil.dll
 0001:000732ba       muDoubleScalarSin          00000001800742ba f   libmwmathutil:libmwmathutil.dll
 0001:000732c0       muDoubleScalarAtan         00000001800742c0 f   libmwmathutil:libmwmathutil.dll
 0001:000732c6       muDoubleScalarAtan2        00000001800742c6 f   libmwmathutil:libmwmathutil.dll
 0001:000732cc       muDoubleScalarSqrt         00000001800742cc f   libmwmathutil:libmwmathutil.dll
 0001:000732d2       emlrtCreateRootTLS         00000001800742d2 f   libemlrt:libemlrt.dll
 0001:000732d8       emlrtDestroyRootTLS        00000001800742d8 f   libemlrt:libemlrt.dll
 0001:000732de       emlrtCheckBuiltInR2012b    00000001800742de f   libemlrt:libemlrt.dll
 0001:000732e4       emlrtCheckVsBuiltInR2012b  00000001800742e4 f   libemlrt:libemlrt.dll
 0001:000732ea       emlrtCheckEnumR2012b       00000001800742ea f   libemlrt:libemlrt.dll
 0001:000732f0       emlrtCreateEnumR2012b      00000001800742f0 f   libemlrt:libemlrt.dll
 0001:000732f6       emlrtGetEnumElementR2009a  00000001800742f6 f   libemlrt:libemlrt.dll
 0001:000732fc       emlrtCreateReference       00000001800742fc f   libemlrt:libemlrt.dll
 0001:00073302       emlrtImportVsFiArrayR2009b 0000000180074302 f   libemlrt:libemlrt.dll
 0001:00073308       emlrtNameCapturePostProcessR2012a 0000000180074308 f   libemlrt:libemlrt.dll
 0001:0007330e       emlrtExtractMessageId      000000018007430e f   libemlrt:libemlrt.dll
 0001:00073314       emlrtTranslateMessageIDtoLCPstring 0000000180074314 f   libemlrt:libemlrt.dll
 0001:0007331a       emlrtForLoopVectorIsValidR2011b 000000018007431a f   libemlrt:libemlrt.dll
 0001:00073320       emlrtTranslateUTF16MessagetoLCPstring 0000000180074320 f   libemlrt:libemlrt.dll
 0001:00073326       emlrtGetEnumUnderlyingArrayR2009a 0000000180074326 f   libemlrt:libemlrt.dll
 0001:0007332c       emlrtIsEnumR2009a          000000018007432c f   libemlrt:libemlrt.dll
 0001:00073332       memset                     0000000180074332 f   MSVCRT:MSVCR110.dll
 0001:00073338       strlen                     0000000180074338 f   MSVCRT:MSVCR110.dll
 0001:00073340       __GSHandlerCheck           0000000180074340 f   MSVCRT:gshandler.obj
 0001:00073360       __GSHandlerCheckCommon     0000000180074360 f   MSVCRT:gshandler.obj
 0001:000733e0       __chkstk                   00000001800743e0 f   MSVCRT:chkstk.obj
 0001:000733e0       _alloca_probe              00000001800743e0     MSVCRT:chkstk.obj
 0001:00073440       __security_check_cookie    0000000180074440 f   MSVCRT:amdsecgs.obj
 0001:00073460       __raise_securityfailure    0000000180074460 f   MSVCRT:gs_report.obj
 0001:000734ac       __report_gsfailure         00000001800744ac f   MSVCRT:gs_report.obj
 0001:00073580       __report_rangecheckfailure 0000000180074580 f   MSVCRT:gs_report.obj
 0001:00073594       __report_securityfailure   0000000180074594 f   MSVCRT:gs_report.obj
 0001:00073630       __report_securityfailureEx 0000000180074630 f   MSVCRT:gs_report.obj
 0001:0007373e       memcpy                     000000018007473e f   MSVCRT:MSVCR110.dll
 0001:00073744       strcat                     0000000180074744 f   MSVCRT:MSVCR110.dll
 0001:0007374a       strcmp                     000000018007474a f   MSVCRT:MSVCR110.dll
 0001:00073750       sprintf                    0000000180074750 f   MSVCRT:MSVCR110.dll
 0001:00073756       free                       0000000180074756 f   MSVCRT:MSVCR110.dll
 0001:0007375c       malloc                     000000018007475c f   MSVCRT:MSVCR110.dll
 0001:000737c4       NtCurrentTeb               00000001800747c4 f i MSVCRT:crtdll.obj
 0001:000737d0       _CRT_INIT                  00000001800747d0 f   MSVCRT:crtdll.obj
 0001:00073a1c       _DllMainCRTStartup         0000000180074a1c f   MSVCRT:crtdll.obj
 0001:00073b92       _setjmp                    0000000180074b92 f   MSVCRT:MSVCR110.dll
 0001:00073b98       strncpy                    0000000180074b98 f   MSVCRT:MSVCR110.dll
 0001:00073b9e       longjmp                    0000000180074b9e f   MSVCRT:MSVCR110.dll
 0001:00073ba4       strncmp                    0000000180074ba4 f   MSVCRT:MSVCR110.dll
 0001:00073baa       ceil                       0000000180074baa f   MSVCRT:MSVCR110.dll
 0001:00073bb0       strrchr                    0000000180074bb0 f   MSVCRT:MSVCR110.dll
 0001:00073bb6       ldexp                      0000000180074bb6 f   MSVCRT:MSVCR110.dll
 0001:00073bbc       __crt_debugger_hook        0000000180074bbc f   MSVCRT:MSVCR110.dll
 0001:00073bc2       __crtUnhandledException    0000000180074bc2 f   MSVCRT:MSVCR110.dll
 0001:00073bc8       __crtTerminateProcess      0000000180074bc8 f   MSVCRT:MSVCR110.dll
 0001:00073bce       __crtCaptureCurrentContext 0000000180074bce f   MSVCRT:MSVCR110.dll
 0001:00073bd4       __crtCapturePreviousContext 0000000180074bd4 f   MSVCRT:MSVCR110.dll
 0001:00073bda       __CppXcptFilter            0000000180074bda f   MSVCRT:MSVCR110.dll
 0001:00073be0       _amsg_exit                 0000000180074be0 f   MSVCRT:MSVCR110.dll
 0001:00073bf0       _FindPESection             0000000180074bf0 f   MSVCRT:pesect.obj
 0001:00073c40       _IsNonwritableInCurrentImage 0000000180074c40 f   MSVCRT:pesect.obj
 0001:00073c90       _ValidateImageBase         0000000180074c90 f   MSVCRT:pesect.obj
 0001:00073cc0       __atonexitinit             0000000180074cc0 f   MSVCRT:atonexit.obj
 0001:00073d10       _onexit                    0000000180074d10 f   MSVCRT:atonexit.obj
 0001:00073dc0       atexit                     0000000180074dc0 f   MSVCRT:atonexit.obj
 0001:00073dd8       __security_init_cookie     0000000180074dd8 f   MSVCRT:gs_support.obj
 0001:00073e90       DllMain                    0000000180074e90 f   MSVCRT:dllmain.obj
 0001:00073eb4       _malloc_crt                0000000180074eb4 f   MSVCRT:MSVCR110.dll
 0001:00073ebc       _RTC_Initialize            0000000180074ebc f   MSVCRT:initsect.obj
 0001:00073ef4       _RTC_Terminate             0000000180074ef4 f   MSVCRT:initsect.obj
 0001:00073f2c       _initterm                  0000000180074f2c f   MSVCRT:MSVCR110.dll
 0001:00073f32       _initterm_e                0000000180074f32 f   MSVCRT:MSVCR110.dll
 0001:00073f38       __clean_type_info_names    0000000180074f38 f   MSVCRT:tncleanup.obj
 0001:00073f44       __C_specific_handler       0000000180074f44 f   MSVCRT:MSVCR110.dll
 0001:00073f4a       _lock                      0000000180074f4a f   MSVCRT:MSVCR110.dll
 0001:00073f50       _unlock                    0000000180074f50 f   MSVCRT:MSVCR110.dll
 0001:00073f56       _calloc_crt                0000000180074f56 f   MSVCRT:MSVCR110.dll
 0001:00073f5c       __dllonexit                0000000180074f5c f   MSVCRT:MSVCR110.dll
 0001:00073f62       __clean_type_info_names_internal 0000000180074f62 f   MSVCRT:MSVCR110.dll
 0001:00073f68       IsDebuggerPresent          0000000180074f68 f   kernel32:KERNEL32.dll
 0001:00073f6e       IsProcessorFeaturePresent  0000000180074f6e f   kernel32:KERNEL32.dll
 0001:00073f74       EncodePointer              0000000180074f74 f   kernel32:KERNEL32.dll
 0001:00073f7a       DecodePointer              0000000180074f7a f   kernel32:KERNEL32.dll
 0001:00073f80       QueryPerformanceCounter    0000000180074f80 f   kernel32:KERNEL32.dll
 0001:00073f86       GetCurrentThreadId         0000000180074f86 f   kernel32:KERNEL32.dll
 0001:00073f8c       GetSystemTimeAsFileTime    0000000180074f8c f   kernel32:KERNEL32.dll
 0001:00073f92       GetTickCount64             0000000180074f92 f   kernel32:KERNEL32.dll
 0001:00073f98       DisableThreadLibraryCalls  0000000180074f98 f   kernel32:KERNEL32.dll
 0002:00000000       __imp_IsProcessorFeaturePresent 0000000180076000     kernel32:KERNEL32.dll
 0002:00000008       __imp_IsDebuggerPresent    0000000180076008     kernel32:KERNEL32.dll
 0002:00000010       __imp_DecodePointer        0000000180076010     kernel32:KERNEL32.dll
 0002:00000018       __imp_QueryPerformanceCounter 0000000180076018     kernel32:KERNEL32.dll
 0002:00000020       __imp_GetCurrentThreadId   0000000180076020     kernel32:KERNEL32.dll
 0002:00000028       __imp_GetSystemTimeAsFileTime 0000000180076028     kernel32:KERNEL32.dll
 0002:00000030       __imp_GetTickCount64       0000000180076030     kernel32:KERNEL32.dll
 0002:00000038       __imp_DisableThreadLibraryCalls 0000000180076038     kernel32:KERNEL32.dll
 0002:00000040       __imp_EncodePointer        0000000180076040     kernel32:KERNEL32.dll
 0002:00000048       \177KERNEL32_NULL_THUNK_DATA 0000000180076048     kernel32:KERNEL32.dll
 0002:00000050       __imp___clean_type_info_names_internal 0000000180076050     MSVCRT:MSVCR110.dll
 0002:00000058       __imp__onexit              0000000180076058     MSVCRT:MSVCR110.dll
 0002:00000060       __imp___dllonexit          0000000180076060     MSVCRT:MSVCR110.dll
 0002:00000068       __imp__calloc_crt          0000000180076068     MSVCRT:MSVCR110.dll
 0002:00000070       __imp__unlock              0000000180076070     MSVCRT:MSVCR110.dll
 0002:00000078       __imp__lock                0000000180076078     MSVCRT:MSVCR110.dll
 0002:00000080       __imp___C_specific_handler 0000000180076080     MSVCRT:MSVCR110.dll
 0002:00000088       __imp__initterm_e          0000000180076088     MSVCRT:MSVCR110.dll
 0002:00000090       __imp__initterm            0000000180076090     MSVCRT:MSVCR110.dll
 0002:00000098       __imp__malloc_crt          0000000180076098     MSVCRT:MSVCR110.dll
 0002:000000a0       __imp__amsg_exit           00000001800760a0     MSVCRT:MSVCR110.dll
 0002:000000a8       __imp___CppXcptFilter      00000001800760a8     MSVCRT:MSVCR110.dll
 0002:000000b0       __imp___crtCapturePreviousContext 00000001800760b0     MSVCRT:MSVCR110.dll
 0002:000000b8       __imp___crtCaptureCurrentContext 00000001800760b8     MSVCRT:MSVCR110.dll
 0002:000000c0       __imp___crtTerminateProcess 00000001800760c0     MSVCRT:MSVCR110.dll
 0002:000000c8       __imp___crtUnhandledException 00000001800760c8     MSVCRT:MSVCR110.dll
 0002:000000d0       __imp___crt_debugger_hook  00000001800760d0     MSVCRT:MSVCR110.dll
 0002:000000d8       __imp_ldexp                00000001800760d8     MSVCRT:MSVCR110.dll
 0002:000000e0       __imp_strrchr              00000001800760e0     MSVCRT:MSVCR110.dll
 0002:000000e8       __imp_ceil                 00000001800760e8     MSVCRT:MSVCR110.dll
 0002:000000f0       __imp_strncmp              00000001800760f0     MSVCRT:MSVCR110.dll
 0002:000000f8       __imp_longjmp              00000001800760f8     MSVCRT:MSVCR110.dll
 0002:00000100       __imp_strncpy              0000000180076100     MSVCRT:MSVCR110.dll
 0002:00000108       __imp__setjmp              0000000180076108     MSVCRT:MSVCR110.dll
 0002:00000110       __imp_malloc               0000000180076110     MSVCRT:MSVCR110.dll
 0002:00000118       __imp_free                 0000000180076118     MSVCRT:MSVCR110.dll
 0002:00000120       __imp_sprintf              0000000180076120     MSVCRT:MSVCR110.dll
 0002:00000128       __imp_strcmp               0000000180076128     MSVCRT:MSVCR110.dll
 0002:00000130       __imp_strcat               0000000180076130     MSVCRT:MSVCR110.dll
 0002:00000138       __imp_memcpy               0000000180076138     MSVCRT:MSVCR110.dll
 0002:00000140       __imp_strlen               0000000180076140     MSVCRT:MSVCR110.dll
 0002:00000148       __imp_memset               0000000180076148     MSVCRT:MSVCR110.dll
 0002:00000150       \177MSVCR110_NULL_THUNK_DATA 0000000180076150     MSVCRT:MSVCR110.dll
[...]
 0004:000033d8       $pdata$get_data_info_helper 00000001800993d8     sfc_debug:sfdb_symbol_scope.obj
 0004:000033e4       $pdata$1$get_data_info_helper 00000001800993e4     sfc_debug:sfdb_symbol_scope.obj
 0004:000033f0       $pdata$2$get_data_info_helper 00000001800993f0     sfc_debug:sfdb_symbol_scope.obj
 0004:000033fc       $pdata$3$get_data_info_helper 00000001800993fc     sfc_debug:sfdb_symbol_scope.obj
 0004:00003408       $pdata$4$get_data_info_helper 0000000180099408     sfc_debug:sfdb_symbol_scope.obj
 0004:00003414       $pdata$5$get_data_info_helper 0000000180099414     sfc_debug:sfdb_symbol_scope.obj
 0004:00003420       $pdata$6$get_data_info_helper 0000000180099420     sfc_debug:sfdb_symbol_scope.obj
 0004:0000342c       $pdata$sf_debug_ss_get_data_info 000000018009942c     sfc_debug:sfdb_symbol_scope.obj
 0004:00003438       $pdata$sf_debug_ss_set_data_value_try 0000000180099438     sfc_debug:sfdb_symbol_scope.obj
 0004:00003444       $pdata$sf_debug_ss_set_data_value 0000000180099444     sfc_debug:sfdb_symbol_scope.obj
 0004:00003450       $pdata$sf_debug_ss_get_data_value 0000000180099450     sfc_debug:sfdb_symbol_scope.obj
 0004:0000345c       $pdata$getInstanceNumber   000000018009945c     sfc_debug:sfdb_symbol_scope.obj
 0004:00003468       $pdata$sf_debug_ss_watch_data 0000000180099468     sfc_debug:sfdb_symbol_scope.obj
 0004:00003474       $pdata$0$sf_debug_ss_watch_data 0000000180099474     sfc_debug:sfdb_symbol_scope.obj
 0004:00003480       $pdata$1$sf_debug_ss_watch_data 0000000180099480     sfc_debug:sfdb_symbol_scope.obj
 0004:0000348c       $pdata$2$sf_debug_ss_watch_data 000000018009948c     sfc_debug:sfdb_symbol_scope.obj
 0004:00003498       $pdata$sf_debug_ss_assign_data 0000000180099498     sfc_debug:sfdb_symbol_scope.obj
 0004:000034a4       $pdata$sf_debug_ss_data_bytes_string 00000001800994a4     sfc_debug:sfdb_symbol_scope.obj
 0004:000034b0       $pdata$sf_debug_ss_data_class_string 00000001800994b0     sfc_debug:sfdb_symbol_scope.obj
 0004:000034bc       $pdata$1$sf_debug_ss_data_class_string 00000001800994bc     sfc_debug:sfdb_symbol_scope.obj
 0004:000034c8       $pdata$2$sf_debug_ss_data_class_string 00000001800994c8     sfc_debug:sfdb_symbol_scope.obj
 0004:000034d4       $pdata$3$sf_debug_ss_data_class_string 00000001800994d4     sfc_debug:sfdb_symbol_scope.obj
 0004:000034e0       $pdata$4$sf_debug_ss_data_class_string 00000001800994e0     sfc_debug:sfdb_symbol_scope.obj
 0004:000034ec       $pdata$sf_debug_ss_data_size_string 00000001800994ec     sfc_debug:sfdb_symbol_scope.obj
 0004:000034f8       $pdata$0$sf_debug_ss_data_size_string 00000001800994f8     sfc_debug:sfdb_symbol_scope.obj
 0004:00003504       $pdata$1$sf_debug_ss_data_size_string 0000000180099504     sfc_debug:sfdb_symbol_scope.obj
 0004:00003510       $pdata$sf_debug_ss_data_create_data_info_struct 0000000180099510     sfc_debug:sfdb_symbol_scope.obj
 0004:0000351c       $pdata$1$sf_debug_ss_data_create_data_info_struct 000000018009951c     sfc_debug:sfdb_symbol_scope.obj
 0004:00003528       $pdata$2$sf_debug_ss_data_create_data_info_struct 0000000180099528     sfc_debug:sfdb_symbol_scope.obj
 0004:00003534       $pdata$sf_debug_ss_data_create_name_value_pair 0000000180099534     sfc_debug:sfdb_symbol_scope.obj
 0004:00003540       $pdata$same_named_data_in_data_array 0000000180099540     sfc_debug:sfdb_symbol_scope.obj
 0004:0000354c       $pdata$sf_debug_ss_whos    000000018009954c     sfc_debug:sfdb_symbol_scope.obj
 0004:00003558       $pdata$sf_debug_cc_initialize_chart 0000000180099558     sfc_debug:sfdb_coverage.obj
 0004:00003564       $pdata$1$sf_debug_cc_initialize_chart 0000000180099564     sfc_debug:sfdb_coverage.obj
 0004:00003570       $pdata$2$sf_debug_cc_initialize_chart 0000000180099570     sfc_debug:sfdb_coverage.obj
 0004:0000357c       $pdata$sf_debug_cc_initialize_instance 000000018009957c     sfc_debug:sfdb_coverage.obj
 0004:00003588       $pdata$2$sf_debug_cc_initialize_instance 0000000180099588     sfc_debug:sfdb_coverage.obj
 0004:00003594       $pdata$3$sf_debug_cc_initialize_instance 0000000180099594     sfc_debug:sfdb_coverage.obj
 0004:000035a0       $pdata$4$sf_debug_cc_initialize_instance 00000001800995a0     sfc_debug:sfdb_coverage.obj
 0004:000035ac       $pdata$sf_debug_cc_terminate_chart 00000001800995ac     sfc_debug:sfdb_coverage.obj
 0004:000035b8       $pdata$0$sf_debug_cc_terminate_chart 00000001800995b8     sfc_debug:sfdb_coverage.obj
 0004:000035c4       $pdata$2$sf_debug_cc_terminate_chart 00000001800995c4     sfc_debug:sfdb_coverage.obj
 0004:000035d0       $pdata$3$sf_debug_cc_terminate_chart 00000001800995d0     sfc_debug:sfdb_coverage.obj
 0004:000035dc       $pdata$4$sf_debug_cc_terminate_chart 00000001800995dc     sfc_debug:sfdb_coverage.obj
 0004:000035e8       $pdata$sf_debug_cc_terminate_instance 00000001800995e8     sfc_debug:sfdb_coverage.obj
 0004:000035f4       $pdata$sf_debug_cc_terminate 00000001800995f4     sfc_debug:sfdb_coverage.obj
 0004:00003600       $pdata$5$sf_debug_cc_terminate 0000000180099600     sfc_debug:sfdb_coverage.obj
 0004:0000360c       $pdata$6$sf_debug_cc_terminate 000000018009960c     sfc_debug:sfdb_coverage.obj
 0004:00003618       $pdata$sf_debug_cc_set_transition_maps 0000000180099618     sfc_debug:sfdb_coverage.obj
 0004:00003624       $pdata$sf_debug_cc_set_transition_weights 0000000180099624     sfc_debug:sfdb_coverage.obj
 0004:00003630       $pdata$sf_debug_cc_set_state_weights 0000000180099630     sfc_debug:sfdb_coverage.obj
 0004:0000363c       $pdata$sf_debug_cc_mark_object_if_needed 000000018009963c     sfc_debug:sfdb_coverage.obj
 0004:00003648       $pdata$sf_debug_cc_mark_transition_guard 0000000180099648     sfc_debug:sfdb_coverage.obj
 0004:00003654       $pdata$sf_debug_cc_mark_transition_trigger 0000000180099654     sfc_debug:sfdb_coverage.obj
 0004:00003660       $pdata$sf_debug_cc_mark_transition_decision 0000000180099660     sfc_debug:sfdb_coverage.obj
 0004:0000366c       $pdata$sf_debug_bm_clear_script_breakpoints 000000018009966c     sfc_debug:sfdb_breakpoints.obj
 0004:00003678       $pdata$sf_debug_bm_set_script_breakpoint 0000000180099678     sfc_debug:sfdb_breakpoints.obj
 0004:00003684       $pdata$sf_debug_bm_clear_single_script_breakpoint 0000000180099684     sfc_debug:sfdb_breakpoints.obj
 0004:00003690       $pdata$sf_debug_bm_query_script_breakpoint 0000000180099690     sfc_debug:sfdb_breakpoints.obj
 0004:0000369c       $pdata$sf_debug_bm_initialize_scripts 000000018009969c     sfc_debug:sfdb_breakpoints.obj
 0004:000036a8       $pdata$0$sf_debug_bm_initialize_scripts 00000001800996a8     sfc_debug:sfdb_breakpoints.obj
 0004:000036b4       $pdata$2$sf_debug_bm_initialize_scripts 00000001800996b4     sfc_debug:sfdb_breakpoints.obj
 0004:000036c0       $pdata$3$sf_debug_bm_initialize_scripts 00000001800996c0     sfc_debug:sfdb_breakpoints.obj
 0004:000036cc       $pdata$4$sf_debug_bm_initialize_scripts 00000001800996cc     sfc_debug:sfdb_breakpoints.obj
 0004:000036d8       $pdata$sf_debug_bm_initialize_eml 00000001800996d8     sfc_debug:sfdb_breakpoints.obj
 0004:000036e4       $pdata$0$sf_debug_bm_initialize_eml 00000001800996e4     sfc_debug:sfdb_breakpoints.obj
 0004:000036f0       $pdata$1$sf_debug_bm_initialize_eml 00000001800996f0     sfc_debug:sfdb_breakpoints.obj
 0004:000036fc       $pdata$sf_debug_bm_terminate 00000001800996fc     sfc_debug:sfdb_breakpoints.obj
 0004:00003708       $pdata$2$sf_debug_bm_terminate 0000000180099708     sfc_debug:sfdb_breakpoints.obj
 0004:00003714       $pdata$6$sf_debug_bm_terminate 0000000180099714     sfc_debug:sfdb_breakpoints.obj
 0004:00003720       $pdata$7$sf_debug_bm_terminate 0000000180099720     sfc_debug:sfdb_breakpoints.obj
 0004:0000372c       $pdata$8$sf_debug_bm_terminate 000000018009972c     sfc_debug:sfdb_breakpoints.obj
 0004:00003738       $pdata$sf_debug_bm_remove_all_breakpoints_in_machine 0000000180099738     sfc_debug:sfdb_breakpoints.obj
 0004:00003744       $pdata$sf_debug_bm_remove_all_breakpoints_in_chart 0000000180099744     sfc_debug:sfdb_breakpoints.obj
 0004:00003750       $pdata$sf_debug_bm_initialize_global_breakpoints 0000000180099750     sfc_debug:sfdb_breakpoints.obj
 0004:0000375c       $pdata$sf_debug_bm_set_breakpoint 000000018009975c     sfc_debug:sfdb_breakpoints.obj
 0004:00003768       $pdata$0$sf_debug_bm_set_breakpoint 0000000180099768     sfc_debug:sfdb_breakpoints.obj
 0004:00003774       $pdata$1$sf_debug_bm_set_breakpoint 0000000180099774     sfc_debug:sfdb_breakpoints.obj
 0004:00003780       $pdata$2$sf_debug_bm_set_breakpoint 0000000180099780     sfc_debug:sfdb_breakpoints.obj
 0004:0000378c       $pdata$3$sf_debug_bm_set_breakpoint 000000018009978c     sfc_debug:sfdb_breakpoints.obj
 0004:00003798       $pdata$sf_debug_bm_set_eml_breakpoint 0000000180099798     sfc_debug:sfdb_breakpoints.obj
 0004:000037a4       $pdata$sf_debug_bm_map_debug_tag_to_breakpoint_tag 00000001800997a4     sfc_debug:sfdb_breakpoints.obj
 0004:000037b0       $pdata$sf_debug_bm_is_a_eml_breakpoint_impl 00000001800997b0     sfc_debug:sfdb_breakpoints.obj
 0004:000037bc       $pdata$sf_debug_bm_is_a_breakpoint 00000001800997bc     sfc_debug:sfdb_breakpoints.obj
 0004:000037c8       $pdata$1$sf_debug_bm_is_a_breakpoint 00000001800997c8     sfc_debug:sfdb_breakpoints.obj
 0004:000037d4       $pdata$2$sf_debug_bm_is_a_breakpoint 00000001800997d4     sfc_debug:sfdb_breakpoints.obj
 0004:000037e0       $pdata$3$sf_debug_bm_is_a_breakpoint 00000001800997e0     sfc_debug:sfdb_breakpoints.obj
 0004:000037ec       $pdata$4$sf_debug_bm_is_a_breakpoint 00000001800997ec     sfc_debug:sfdb_breakpoints.obj
 0004:000037f8       $pdata$5$sf_debug_bm_is_a_breakpoint 00000001800997f8     sfc_debug:sfdb_breakpoints.obj
 0004:00003804       $pdata$sf_debug_bm_get_all_breakpoints_in_machine 0000000180099804     sfc_debug:sfdb_breakpoints.obj
 0004:00003810       $pdata$0$sf_debug_bm_get_all_breakpoints_in_machine 0000000180099810     sfc_debug:sfdb_breakpoints.obj
 0004:0000381c       $pdata$1$sf_debug_bm_get_all_breakpoints_in_machine 000000018009981c     sfc_debug:sfdb_breakpoints.obj
 0004:00003828       $pdata$2$sf_debug_bm_get_all_breakpoints_in_machine 0000000180099828     sfc_debug:sfdb_breakpoints.obj
 0004:00003834       $pdata$3$sf_debug_bm_get_all_breakpoints_in_machine 0000000180099834     sfc_debug:sfdb_breakpoints.obj
 0004:00003840       $pdata$sf_debug_bm_get_all_breakpoints_in_chart 0000000180099840     sfc_debug:sfdb_breakpoints.obj
 0004:0000384c       $pdata$4$sf_debug_bm_get_all_breakpoints_in_chart 000000018009984c     sfc_debug:sfdb_breakpoints.obj
 0004:00003858       $pdata$5$sf_debug_bm_get_all_breakpoints_in_chart 0000000180099858     sfc_debug:sfdb_breakpoints.obj
 0004:00003864       $pdata$6$sf_debug_bm_get_all_breakpoints_in_chart 0000000180099864     sfc_debug:sfdb_breakpoints.obj
 0004:00003870       $pdata$7$sf_debug_bm_get_all_breakpoints_in_chart 0000000180099870     sfc_debug:sfdb_breakpoints.obj
 0004:0000387c       $pdata$8$sf_debug_bm_get_all_breakpoints_in_chart 000000018009987c     sfc_debug:sfdb_breakpoints.obj
 0004:00003888       $pdata$sf_debug_bm_initialize_machine 0000000180099888     sfc_debug:sfdb_breakpoints.obj
 0004:00003894       $pdata$sf_debug_bm_initialize_chart 0000000180099894     sfc_debug:sfdb_breakpoints.obj
 0004:000038a0       $pdata$sf_debug_sc_push_on_error_stack 00000001800998a0     sfc_debug:sfdb_state_consistency.obj
 0004:000038ac       $pdata$sf_debug_sc_terminate 00000001800998ac     sfc_debug:sfdb_state_consistency.obj
 0004:000038b8       $pdata$6$sf_debug_sc_terminate 00000001800998b8     sfc_debug:sfdb_state_consistency.obj
 0004:000038c4       $pdata$7$sf_debug_sc_terminate 00000001800998c4     sfc_debug:sfdb_state_consistency.obj
 0004:000038d0       $pdata$sf_debug_sc_is_state_inconsistent 00000001800998d0     sfc_debug:sfdb_state_consistency.obj
 0004:000038dc       $pdata$0$sf_debug_sc_is_state_inconsistent 00000001800998dc     sfc_debug:sfdb_state_consistency.obj
 0004:000038e8       $pdata$1$sf_debug_sc_is_state_inconsistent 00000001800998e8     sfc_debug:sfdb_state_consistency.obj
 0004:000038f4       $pdata$sf_debug_sc_is_chart_consistent 00000001800998f4     sfc_debug:sfdb_state_consistency.obj
 0004:00003900       $pdata$sf_debug_sc_fill_consistency_info 0000000180099900     sfc_debug:sfdb_state_consistency.obj
 0004:0000390c       $pdata$1$sf_debug_sc_fill_consistency_info 000000018009990c     sfc_debug:sfdb_state_consistency.obj
 0004:00003918       $pdata$2$sf_debug_sc_fill_consistency_info 0000000180099918     sfc_debug:sfdb_state_consistency.obj
 0004:00003924       $pdata$sf_debug_sc_get_consistency_error_info 0000000180099924     sfc_debug:sfdb_state_consistency.obj
 0004:00003930       $pdata$3$sf_debug_sc_get_consistency_error_info 0000000180099930     sfc_debug:sfdb_state_consistency.obj
 0004:0000393c       $pdata$4$sf_debug_sc_get_consistency_error_info 000000018009993c     sfc_debug:sfdb_state_consistency.obj
 0004:00003948       $pdata$sf_debug_tm_terminate 0000000180099948     sfc_debug:sfdb_call_stack.obj
 0004:00003954       $pdata$0$sf_debug_tm_terminate 0000000180099954     sfc_debug:sfdb_call_stack.obj
 0004:00003960       $pdata$1$sf_debug_tm_terminate 0000000180099960     sfc_debug:sfdb_call_stack.obj
 0004:0000396c       $pdata$2$sf_debug_tm_terminate 000000018009996c     sfc_debug:sfdb_call_stack.obj
 0004:00003978       $pdata$3$sf_debug_tm_terminate 0000000180099978     sfc_debug:sfdb_call_stack.obj
 0004:00003984       $pdata$sf_debug_tm_push_chart_instance 0000000180099984     sfc_debug:sfdb_call_stack.obj
 0004:00003990       $pdata$1$sf_debug_tm_push_chart_instance 0000000180099990     sfc_debug:sfdb_call_stack.obj
 0004:0000399c       $pdata$2$sf_debug_tm_push_chart_instance 000000018009999c     sfc_debug:sfdb_call_stack.obj
 0004:000039a8       $pdata$sf_debug_tm_push_trace_node 00000001800999a8     sfc_debug:sfdb_call_stack.obj
 0004:000039b4       $pdata$0$sf_debug_tm_push_trace_node 00000001800999b4     sfc_debug:sfdb_call_stack.obj
 0004:000039c0       $pdata$7$sf_debug_tm_push_trace_node 00000001800999c0     sfc_debug:sfdb_call_stack.obj
 0004:000039cc       $pdata$8$sf_debug_tm_push_trace_node 00000001800999cc     sfc_debug:sfdb_call_stack.obj
 0004:000039d8       $pdata$sf_debug_tm_fill_local_trace 00000001800999d8     sfc_debug:sfdb_call_stack.obj
 0004:000039e4       $pdata$1$sf_debug_tm_fill_local_trace 00000001800999e4     sfc_debug:sfdb_call_stack.obj
 0004:000039f0       $pdata$2$sf_debug_tm_fill_local_trace 00000001800999f0     sfc_debug:sfdb_call_stack.obj
 0004:000039fc       $pdata$sf_debug_tm_browse_trace 00000001800999fc     sfc_debug:sfdb_call_stack.obj
 0004:00003a08       $pdata$4$sf_debug_tm_browse_trace 0000000180099a08     sfc_debug:sfdb_call_stack.obj
 0004:00003a14       $pdata$5$sf_debug_tm_browse_trace 0000000180099a14     sfc_debug:sfdb_call_stack.obj
 0004:00003a20       $pdata$sf_debug_cd_initialize_instance 0000000180099a20     sfc_debug:sfdb_cycle_detection.obj
 0004:00003a2c       $pdata$sf_debug_cd_terminate_instance 0000000180099a2c     sfc_debug:sfdb_cycle_detection.obj
 0004:00003a38       $pdata$sf_debug_cd_free_checksum_stack 0000000180099a38     sfc_debug:sfdb_cycle_detection.obj
 0004:00003a44       $pdata$0$sf_debug_cd_free_checksum_stack 0000000180099a44     sfc_debug:sfdb_cycle_detection.obj
 0004:00003a50       $pdata$1$sf_debug_cd_free_checksum_stack 0000000180099a50     sfc_debug:sfdb_cycle_detection.obj
 0004:00003a5c       $pdata$sf_debug_cd_reset_pack_strings 0000000180099a5c     sfc_debug:sfdb_cycle_detection.obj
 0004:00003a68       $pdata$6$sf_debug_cd_reset_pack_strings 0000000180099a68     sfc_debug:sfdb_cycle_detection.obj
 0004:00003a74       $pdata$7$sf_debug_cd_reset_pack_strings 0000000180099a74     sfc_debug:sfdb_cycle_detection.obj
 0004:00003a80       $pdata$sf_debug_cd_mark_processed_transition_in_instance 0000000180099a80     sfc_debug:sfdb_cycle_detection.obj
 0004:00003a8c       $pdata$sf_debug_cd_checksum_push 0000000180099a8c     sfc_debug:sfdb_cycle_detection.obj
 0004:00003a98       $pdata$4$sf_debug_cd_checksum_push 0000000180099a98     sfc_debug:sfdb_cycle_detection.obj
 0004:00003aa4       $pdata$5$sf_debug_cd_checksum_push 0000000180099aa4     sfc_debug:sfdb_cycle_detection.obj
 0004:00003ab0       $pdata$sf_debug_cd_checksum_pop 0000000180099ab0     sfc_debug:sfdb_cycle_detection.obj
 0004:00003abc       $pdata$0$sf_debug_cd_checksum_pop 0000000180099abc     sfc_debug:sfdb_cycle_detection.obj
 0004:00003ac8       $pdata$1$sf_debug_cd_checksum_pop 0000000180099ac8     sfc_debug:sfdb_cycle_detection.obj
 0004:00003ad4       $pdata$sf_debug_cd_turn_off_cycle_detection 0000000180099ad4     sfc_debug:sfdb_cycle_detection.obj
 0004:00003ae0       $pdata$0$sf_debug_cd_turn_off_cycle_detection 0000000180099ae0     sfc_debug:sfdb_cycle_detection.obj
 0004:00003aec       $pdata$1$sf_debug_cd_turn_off_cycle_detection 0000000180099aec     sfc_debug:sfdb_cycle_detection.obj
 0004:00003af8       $pdata$sf_debug_cd_terminate 0000000180099af8     sfc_debug:sfdb_cycle_detection.obj
 0004:00003b04       $pdata$5$sf_debug_cd_terminate 0000000180099b04     sfc_debug:sfdb_cycle_detection.obj
 0004:00003b10       $pdata$6$sf_debug_cd_terminate 0000000180099b10     sfc_debug:sfdb_cycle_detection.obj
 0004:00003b1c       $pdata$MD5Transform        0000000180099b1c     sfc_debug:ckmd5.obj
 0004:00003b28       $pdata$md5file_addn        0000000180099b28     sfc_debug:ckmd5.obj
 0004:00003b34       $pdata$md5file_hash        0000000180099b34     sfc_debug:ckmd5.obj
 0004:00003b40       $pdata$md5_get_hash        0000000180099b40     sfc_debug:ckmd5.obj
 0004:00003b4c       $pdata$md5_get_hash_for_a_single_string 0000000180099b4c     sfc_debug:ckmd5.obj
 0004:00003b58       $pdata$__GSHandlerCheck    0000000180099b58     MSVCRT:gshandler.obj
 0004:00003b64       $pdata$__GSHandlerCheckCommon 0000000180099b64     MSVCRT:gshandler.obj
 0004:00003b88       $pdata$__raise_securityfailure 0000000180099b88     MSVCRT:gs_report.obj
 0004:00003b94       $pdata$__report_gsfailure  0000000180099b94     MSVCRT:gs_report.obj
 0004:00003ba0       $pdata$__report_rangecheckfailure 0000000180099ba0     MSVCRT:gs_report.obj
 0004:00003bac       $pdata$__report_securityfailure 0000000180099bac     MSVCRT:gs_report.obj
 0004:00003bb8       $pdata$__report_securityfailureEx 0000000180099bb8     MSVCRT:gs_report.obj
 0004:00003bc4       $pdata$pre_c_init          0000000180099bc4     MSVCRT:crtdll.obj
 0004:00003bd0       $pdata$_CRT_INIT           0000000180099bd0     MSVCRT:crtdll.obj
 0004:00003bdc       $pdata$_DllMainCRTStartup  0000000180099bdc     MSVCRT:crtdll.obj
 0004:00003be8       $pdata$__DllMainCRTStartup 0000000180099be8     MSVCRT:crtdll.obj
 0004:00003bf4       $pdata$_IsNonwritableInCurrentImage 0000000180099bf4     MSVCRT:pesect.obj
 0004:00003c00       $pdata$__atonexitinit      0000000180099c00     MSVCRT:atonexit.obj
 0004:00003c0c       $pdata$_onexit             0000000180099c0c     MSVCRT:atonexit.obj
 0004:00003c18       $pdata$atexit              0000000180099c18     MSVCRT:atonexit.obj
 0004:00003c24       $pdata$__security_init_cookie 0000000180099c24     MSVCRT:gs_support.obj
 0004:00003c30       $pdata$DllMain             0000000180099c30     MSVCRT:dllmain.obj
 0004:00003c3c       $pdata$_RTC_Initialize     0000000180099c3c     MSVCRT:initsect.obj
 0004:00003c48       $pdata$_RTC_Terminate      0000000180099c48     MSVCRT:initsect.obj
 0004:00003c54       $pdata$__DllMainCRTStartup$filt$0 0000000180099c54     MSVCRT:crtdll.obj
 0004:00003c60       $pdata$__DllMainCRTStartup$fin$1 0000000180099c60     MSVCRT:crtdll.obj
 0004:00003c6c       $pdata$_IsNonwritableInCurrentImage$filt$0 0000000180099c6c     MSVCRT:pesect.obj
 0004:00003c78       $pdata$_onexit$fin$0       0000000180099c78     MSVCRT:atonexit.obj
