 test_sfun

 Timestamp is 537b81f4 (Tue May 20 18:25:24 2014)

 Preferred load address is 0000000180000000

 Start         Length     Name                   Class
 0001:00000000 0007924eH .text                   CODE
 0001:00079250 0000007bH .text$x                 CODE
 0002:00000000 000004a0H .idata$5                DATA
 0002:000004a0 00000008H .CRT$XCA                DATA
 0002:000004a8 00000008H .CRT$XCZ                DATA
 0002:000004b0 00000008H .CRT$XIA                DATA
 0002:000004b8 00000008H .CRT$XIAA               DATA
 0002:000004c0 00000008H .CRT$XIC                DATA
 0002:000004c8 00000008H .CRT$XIZ                DATA
 0002:000004d0 00004cb0H .rdata                  DATA
 0002:00005180 00000008H .rtc$IAA                DATA
 0002:00005188 00000008H .rtc$IZZ                DATA
 0002:00005190 00000008H .rtc$TAA                DATA
 0002:00005198 00000008H .rtc$TZZ                DATA
 0002:000051a0 00004c14H .xdata                  DATA
 0002:00009db4 000000a0H .idata$2                DATA
 0002:00009e54 00000014H .idata$3                DATA
 0002:00009e68 000004a0H .idata$4                DATA
 0002:0000a308 00000af6H .idata$6                DATA
 0002:0000ae00 0000004fH .edata                  DATA
 0003:00000000 000132b8H .data                   DATA
 0003:000132c0 00002558H .bss                    DATA
 0004:00000000 00003d50H .pdata                  DATA

  Address         Publics by Value              Rva+Base               Lib:Object

 0000:00000000       ___safe_se_handler_count   0000000000000000     <absolute>
 0000:00000000       ___safe_se_handler_table   0000000000000000     <absolute>
 0000:00000000       __ImageBase                0000000180000000     <linker-defined>
 0001:00000000       sf_c1_test_get_eml_resolved_functions_info 0000000180001000 f   c1_test.obj
 0001:00000440       sf_c1_test_get_check_sum   0000000180001440 f   c1_test.obj
 0001:00000510       c1_test_method_dispatcher  0000000180001510 f   c1_test.obj
 0001:0000c350       sf_c1_test_get_autoinheritance_info 000000018000d350 f   c1_test.obj
 0001:0000cb60       sf_c1_test_third_party_uses_info 000000018000db60 f   c1_test.obj
 0001:0000d980       sf_internal_get_sim_state_c1_test 000000018000e980 f   c1_test.obj
 0001:0000dad0       sf_internal_set_sim_state_c1_test 000000018000ead0 f   c1_test.obj
 0001:0000e630       sf_c2_test_get_eml_resolved_functions_info 000000018000f630 f   c2_test.obj
 0001:0000ea80       sf_c2_test_get_check_sum   000000018000fa80 f   c2_test.obj
 0001:0000eb50       c2_test_method_dispatcher  000000018000fb50 f   c2_test.obj
 0001:000202a0       sf_c2_test_get_autoinheritance_info 00000001800212a0 f   c2_test.obj
 0001:00021400       sf_c2_test_third_party_uses_info 0000000180022400 f   c2_test.obj
 0001:00022e10       sf_internal_get_sim_state_c2_test 0000000180023e10 f   c2_test.obj
 0001:00022f60       sf_internal_set_sim_state_c2_test 0000000180023f60 f   c2_test.obj
 0001:00023c70       sf_c3_test_get_eml_resolved_functions_info 0000000180024c70 f   c3_test.obj
 0001:000240a0       sf_c3_test_get_check_sum   00000001800250a0 f   c3_test.obj
 0001:00024170       c3_test_method_dispatcher  0000000180025170 f   c3_test.obj
 0001:00029200       sf_c3_test_get_autoinheritance_info 000000018002a200 f   c3_test.obj
 0001:00029760       sf_c3_test_third_party_uses_info 000000018002a760 f   c3_test.obj
 0001:0002a510       sf_internal_get_sim_state_c3_test 000000018002b510 f   c3_test.obj
 0001:0002a660       sf_internal_set_sim_state_c3_test 000000018002b660 f   c3_test.obj
 0001:0002b140       sf_c4_test_get_eml_resolved_functions_info 000000018002c140 f   c4_test.obj
 0001:0002b570       sf_c4_test_get_check_sum   000000018002c570 f   c4_test.obj
 0001:0002b640       c4_test_method_dispatcher  000000018002c640 f   c4_test.obj
 0001:0002fda0       sf_c4_test_get_autoinheritance_info 0000000180030da0 f   c4_test.obj
 0001:00030f00       sf_c4_test_third_party_uses_info 0000000180031f00 f   c4_test.obj
 0001:00032820       sf_internal_get_sim_state_c4_test 0000000180033820 f   c4_test.obj
 0001:00032970       sf_internal_set_sim_state_c4_test 0000000180033970 f   c4_test.obj
 0001:00033640       sf_c5_test_get_eml_resolved_functions_info 0000000180034640 f   c5_test.obj
 0001:00033a70       sf_c5_test_get_check_sum   0000000180034a70 f   c5_test.obj
 0001:00033b40       c5_test_method_dispatcher  0000000180034b40 f   c5_test.obj
 0001:0003bab0       sf_c5_test_get_autoinheritance_info 000000018003cab0 f   c5_test.obj
 0001:0003c560       sf_c5_test_third_party_uses_info 000000018003d560 f   c5_test.obj
 0001:0003d960       sf_internal_get_sim_state_c5_test 000000018003e960 f   c5_test.obj
 0001:0003dab0       sf_internal_set_sim_state_c5_test 000000018003eab0 f   c5_test.obj
 0001:0003e590       sf_c6_test_get_eml_resolved_functions_info 000000018003f590 f   c6_test.obj
 0001:0003f2c0       sf_c6_test_get_check_sum   00000001800402c0 f   c6_test.obj
 0001:0003f390       c6_test_method_dispatcher  0000000180040390 f   c6_test.obj
 0001:00043480       sf_c6_test_get_autoinheritance_info 0000000180044480 f   c6_test.obj
 0001:00044080       sf_c6_test_third_party_uses_info 0000000180045080 f   c6_test.obj
 0001:000456a0       sf_internal_get_sim_state_c6_test 00000001800466a0 f   c6_test.obj
 0001:000457f0       sf_internal_set_sim_state_c6_test 00000001800467f0 f   c6_test.obj
 0001:000463d0       mexFunction                00000001800473d0 f   test_sfun_registry.obj
 0001:00047570       _ssSetInputPortDirectFeedThroughFcn 0000000180048570 f   test_sfun_registry.obj
 0001:000476d0       _ssGetInputPortSignalPtrsFcn 00000001800486d0 f   test_sfun_registry.obj
 0001:000478f0       _ssGetInputPortSignalFcn   00000001800488f0 f   test_sfun_registry.obj
 0001:00047b10       _ssSetInputPortReusableFcn 0000000180048b10 f   test_sfun_registry.obj
 0001:00047bf0       _ssSetOutputPortReusableFcn 0000000180048bf0 f   test_sfun_registry.obj
 0001:00047cd0       ssGetIsZeroCrossControlDisabled 0000000180048cd0 f   test_sfun_registry.obj
 0001:00047d40       ssSetIsInputPortUsedForContZcSignal 0000000180048d40 f   test_sfun_registry.obj
 0001:00047db0       ssSetZcSignalIsZcElementDisc 0000000180048db0 f   test_sfun_registry.obj
 0001:00047e60       ssSetZcSignalName          0000000180048e60 f   test_sfun_registry.obj
 0001:00047ed0       ssSetZcSignalWidth         0000000180048ed0 f   test_sfun_registry.obj
 0001:00047f40       ssSetZcSignalZcEventType   0000000180048f40 f   test_sfun_registry.obj
 0001:00047fb0       ssSetZcSignalType          0000000180048fb0 f   test_sfun_registry.obj
 0001:00048020       ssSetZcSignalZcTol         0000000180049020 f   test_sfun_registry.obj
 0001:00048090       ssSetZcSignalNeedsEventNotification 0000000180049090 f   test_sfun_registry.obj
 0001:00048100       ssCreateAndAddZcSignalInfo 0000000180049100 f   test_sfun_registry.obj
 0001:00048170       ssCloneAndAddZcSignalInfo  0000000180049170 f   test_sfun_registry.obj
 0001:000481e0       ssGetNumZcSignals          00000001800491e0 f   test_sfun_registry.obj
 0001:00048250       ssGetZcSignalVector        0000000180049250 f   test_sfun_registry.obj
 0001:000482c0       ssGetZcSignalName          00000001800492c0 f   test_sfun_registry.obj
 0001:00048330       ssGetZcSignalWidth         0000000180049330 f   test_sfun_registry.obj
 0001:000483a0       ssGetZcSignalZcEventType   00000001800493a0 f   test_sfun_registry.obj
 0001:00048410       ssGetZcSignalZcEvents      0000000180049410 f   test_sfun_registry.obj
 0001:00048480       ssGetZcSignalType          0000000180049480 f   test_sfun_registry.obj
 0001:000484f0       ssGetZcSignalZcTol         00000001800494f0 f   test_sfun_registry.obj
 0001:00048570       ssGetZcSignalNeedsEventNotification 0000000180049570 f   test_sfun_registry.obj
 0001:000485e0       ssGetZcSignalIsZcElementDisc 00000001800495e0 f   test_sfun_registry.obj
 0001:00048680       ssGetIsInputPortElementContinuous 0000000180049680 f   test_sfun_registry.obj
 0001:00048720       ssGetDTypeIdFromMxArray    0000000180049720 f   test_sfun_registry.obj
 0001:00048840       ssWriteRTWStr              0000000180049840 f   test_sfun_registry.obj
 0001:000488a0       ssWriteRTWNameValuePair    00000001800498a0 f   test_sfun_registry.obj
 0001:00048da0       ssWriteRTWParamSettings    0000000180049da0 f   test_sfun_registry.obj
 0001:00049490       ssWriteRTWParameters       000000018004a490 f   test_sfun_registry.obj
 0001:00049a60       ssWriteRTWWorkVect         000000018004aa60 f   test_sfun_registry.obj
 0001:00049f50       ssWriteRTWMxVectParam      000000018004af50 f   test_sfun_registry.obj
 0001:00049fd0       ssWriteRTWMx2dMatParam     000000018004afd0 f   test_sfun_registry.obj
 0001:0004a060       _ssSetInputPortMatrixDimensions 000000018004b060 f   test_sfun_registry.obj
 0001:0004a160       _ssSetOutputPortMatrixDimensions 000000018004b160 f   test_sfun_registry.obj
 0001:0004a260       _ssSetInputPortVectorDimension 000000018004b260 f   test_sfun_registry.obj
 0001:0004a310       _ssSetOutputPortVectorDimension 000000018004b310 f   test_sfun_registry.obj
 0001:0004a3c0       ssIsRunTimeParamTunable    000000018004b3c0 f   test_sfun_registry.obj
 0001:0004a430       ssGetSFuncBlockHandle      000000018004b430 f   test_sfun_registry.obj
 0001:0004a4a0       _ssGetCurrentInputPortWidth 000000018004b4a0 f   test_sfun_registry.obj
 0001:0004a5c0       _ssGetCurrentOutputPortWidth 000000018004b5c0 f   test_sfun_registry.obj
 0001:0004a6e0       _ssGetCallSystemNumFcnCallDestinations 000000018004b6e0 f   test_sfun_registry.obj
 0001:0004a750       ssWarning                  000000018004b750 f   test_sfun_registry.obj
 0001:0004a840       _ssGetAbsTol               000000018004b840 f   test_sfun_registry.obj
 0001:0004a8b0       _ssSetStateAbsTol          000000018004b8b0 f   test_sfun_registry.obj
 0001:0004a990       sf_process_check_sum_call  000000018004b990 f   test_sfun_registry.obj
 0001:0004a9e0       sf_process_autoinheritance_call 000000018004b9e0 f   test_sfun_registry.obj
 0001:0004ac10       sf_process_get_third_party_uses_info_call 000000018004bc10 f   test_sfun_registry.obj
 0001:0004ae40       sf_process_get_eml_resolved_functions_info_call 000000018004be40 f   test_sfun_registry.obj
 0001:0004b040       sf_mex_unlock_call         000000018004c040 f   test_sfun_registry.obj
 0001:0004b290       sf_machine_global_initializer_called 000000018004c290 f   test_sfun_registry.obj
 0001:0004b2c0       sf_machine_global_method_dispatcher 000000018004c2c0 f   test_sfun_registry.obj
 0001:0004b320       sf_machine_global_terminator 000000018004c320 f   test_sfun_registry.obj
 0001:0004b370       sf_register_machine_exported_symbols 000000018004c370 f   test_sfun_registry.obj
 0001:0004b390       callCustomFcn              000000018004c390 f   test_sfun_registry.obj
 0001:0004b3a0       sf_machine_global_initializer 000000018004c3a0 f   test_sfun_registry.obj
 0001:0004b420       ProcessMexSfunctionEveryCall 000000018004c420 f   test_sfun_registry.obj
 0001:0004c090       test_initializer           000000018004d090 f   test_sfun.obj
 0001:0004c0a0       test_terminator            000000018004d0a0 f   test_sfun.obj
 0001:0004c0b0       load_test_optimization_info 000000018004d0b0 f   test_sfun.obj
 0001:0004c100       unload_test_optimization_info 000000018004d100 f   test_sfun.obj
 0001:0004c130       sf_test_method_dispatcher  000000018004d130 f   test_sfun.obj
 0001:0004c220       sf_test_process_check_sum_call 000000018004d220 f   test_sfun.obj
 0001:0004c930       sf_test_autoinheritance_info 000000018004d930 f   test_sfun.obj
 0001:0004cd20       sf_test_get_eml_resolved_functions_info 000000018004dd20 f   test_sfun.obj
 0001:0004cff0       sf_test_third_party_uses_info 000000018004dff0 f   test_sfun.obj
 0001:0004d300       test_debug_initialize      000000018004e300 f   test_sfun.obj
 0001:0004d380       test_register_exported_symbols 000000018004e380 f   test_sfun.obj
 0001:0004d390       sf_send_message_wrapper    000000018004e390 f   sfc_mex:sfc_sf.obj
 0001:0004d3c0       sf_receive_message_wrapper 000000018004e3c0 f   sfc_mex:sfc_sf.obj
 0001:0004d400       sf_check_out_message_wrapper 000000018004e400 f   sfc_mex:sfc_sf.obj
 0001:0004d440       sf_check_in_message_wrapper 000000018004e440 f   sfc_mex:sfc_sf.obj
 0001:0004d480       sf_no_message_wrapper      000000018004e480 f   sfc_mex:sfc_sf.obj
 0001:0004d810       sim_mode_is_rtw_gen        000000018004e810 f   sfc_mex:sfc_sf.obj
 0001:0004d840       sim_mode_is_external       000000018004e840 f   sfc_mex:sfc_sf.obj
 0001:0004d850       sim_mode_is_modelref_sim   000000018004e850 f   sfc_mex:sfc_sf.obj
 0001:0004d870       mdlInitializeSizes         000000018004e870 f   sfc_mex:sfc_sf.obj
 0001:0004d890       mdlInitializeSampleTimes   000000018004e890 f   sfc_mex:sfc_sf.obj
 0001:0004d8d0       mdlZeroCrossings           000000018004e8d0 f   sfc_mex:sfc_sf.obj
 0001:0004d9c0       mdlDerivatives             000000018004e9c0 f   sfc_mex:sfc_sf.obj
 0001:0004da80       mdl_initialize_conditions_processing 000000018004ea80 f   sfc_mex:sfc_sf.obj
 0001:0004dab0       mdlInitializeConditions    000000018004eab0 f   sfc_mex:sfc_sf.obj
 0001:0004db70       mdlGetSimState             000000018004eb70 f   sfc_mex:sfc_sf.obj
 0001:0004db80       mdlSetSimState             000000018004eb80 f   sfc_mex:sfc_sf.obj
 0001:0004db90       mdl_ext_mode_exec_processing 000000018004eb90 f   sfc_mex:sfc_sf.obj
 0001:0004dbb0       mdlExtModeExec             000000018004ebb0 f   sfc_mex:sfc_sf.obj
 0001:0004dd50       mdlTerminate               000000018004ed50 f   sfc_mex:sfc_sf.obj
 0001:0004ddc0       mdlRTW                     000000018004edc0 f   sfc_mex:sfc_sf.obj
 0001:0004ddf0       mdlSetWorkWidths           000000018004edf0 f   sfc_mex:sfc_sf.obj
 0001:0004de00       mdlProcessParameters       000000018004ee00 f   sfc_mex:sfc_sf.obj
 0001:0004de10       mdl_start_processing       000000018004ee10 f   sfc_mex:sfc_sf.obj
 0001:0004de70       mdlStart                   000000018004ee70 f   sfc_mex:sfc_sf.obj
 0001:0004df80       mdlEnable                  000000018004ef80 f   sfc_mex:sfc_sf.obj
 0001:0004e060       mdlDisable                 000000018004f060 f   sfc_mex:sfc_sf.obj
 0001:0004e120       sf_get_chart_instance_ptr  000000018004f120 f   sfc_mex:sfc_sf.obj
 0001:0004e140       sf_load_rtw_optimization_info 000000018004f140 f   sfc_mex:sfc_sf.obj
 0001:0004e210       sf_update_buildInfo        000000018004f210 f   sfc_mex:sfc_sf.obj
 0001:0004e310       sf_rtw_info_uint_prop      000000018004f310 f   sfc_mex:sfc_sf.obj
 0001:0004e450       sf_is_chart_inlinable      000000018004f450 f   sfc_mex:sfc_sf.obj
 0001:0004e470       sf_mark_output_events_with_multiple_callers 000000018004f470 f   sfc_mex:sfc_sf.obj
 0001:0004e600       sf_mark_chart_reusable_outputs 000000018004f600 f   sfc_mex:sfc_sf.obj
 0001:0004e860       sf_mark_chart_expressionable_inputs 000000018004f860 f   sfc_mex:sfc_sf.obj
 0001:0004eac0       sf_get_subchart_simstruct  000000018004fac0 f   sfc_mex:sfc_sf.obj
 0001:0004eb10       sf_get_fixpt_data_type_id  000000018004fb10 f   sfc_mex:sfc_sf.obj
 0001:0004eb50       sf_get_enum_data_type_id   000000018004fb50 f   sfc_mex:sfc_sf.obj
 0001:0004eb90       sf_get_param_data_type_id  000000018004fb90 f   sfc_mex:sfc_sf.obj
 0001:0004ebc0       sf_mex_listen_for_ctrl_c_force 000000018004fbc0 f   sfc_mex:sfc_sf.obj
 0001:0004ecd0       sf_mex_draw_now            000000018004fcd0 f   sfc_mex:sfc_sf.obj
 0001:0004ed10       sf_mex_set_debugger_sim_status_listener_fcn 000000018004fd10 f   sfc_mex:sfc_sf.obj
 0001:0004ed20       sf_mex_listen_for_ctrl_c   000000018004fd20 f   sfc_mex:sfc_sf.obj
 0001:0004edc0       sf_mex_get_sfun_param      000000018004fdc0 f   sfc_mex:sfc_sf.obj
 0001:0004ee10       sf_get_runtime_param_data  000000018004fe10 f   sfc_mex:sfc_sf.obj
 0001:0004ee50       sf_call_output_fcn_call    000000018004fe50 f   sfc_mex:sfc_sf.obj
 0001:0004ef90       sf_call_output_fcn_enable  000000018004ff90 f   sfc_mex:sfc_sf.obj
 0001:0004f020       sf_call_output_fcn_disable 0000000180050020 f   sfc_mex:sfc_sf.obj
 0001:0004f0b0       sf_clear_rtw_identifier    00000001800500b0 f   sfc_mex:sfc_sf.obj
 0001:0004f8d0       sf_set_encoded_dwork_info  00000001800508d0 f   sfc_mex:sfc_sf.obj
 0001:0004f920       sf_get_dwork_info_from_mat_file 0000000180050920 f   sfc_mex:sfc_sf.obj
 0001:0004fae0       sf_set_rtw_dwork_info      0000000180050ae0 f   sfc_mex:sfc_sf.obj
 0001:0004fc50       mdlOutputs                 0000000180050c50 f   sfc_mex:sfc_sf.obj
 0001:0004fe40       sf_mex_mx_is_numeric       0000000180050e40 f   sfc_mex:sfc_mex.obj
 0001:0004fe80       strcmp_ignore_ws           0000000180050e80 f   sfc_mex:sfc_mex.obj
 0001:0004ffc0       sf_mex_duplicatearraysafe  0000000180050fc0 f   sfc_mex:sfc_mex.obj
 0001:00050120       sf_set_error_debugger_context_message_fcn 0000000180051120 f   sfc_mex:sfc_mex.obj
 0001:00050130       sf_set_debugger_matlab_error_fcn 0000000180051130 f   sfc_mex:sfc_mex.obj
 0001:00050170       sf_set_error_prefix_string 0000000180051170 f   sfc_mex:sfc_mex.obj
 0001:000501a0       sf_get_error_prefix_string 00000001800511a0 f   sfc_mex:sfc_mex.obj
 0001:000501b0       sf_mex_enter_parallel_region 00000001800511b0 f   sfc_mex:sfc_mex.obj
 0001:000501c0       sf_mex_exit_parallel_region 00000001800511c0 f   sfc_mex:sfc_mex.obj
 0001:000501d0       sf_get_current_jmp_buf_ptr 00000001800511d0 f   sfc_mex:sfc_mex.obj
 0001:000501e0       sf_set_current_jmp_buf_ptr 00000001800511e0 f   sfc_mex:sfc_mex.obj
 0001:000501f0       sf_mex_set_halt_simulation 00000001800511f0 f   sfc_mex:sfc_mex.obj
 0001:00050200       sf_mex_get_halt_simulation 0000000180051200 f   sfc_mex:sfc_mex.obj
 0001:00050210       sf_mex_clear_error_message 0000000180051210 f   sfc_mex:sfc_mex.obj
 0001:00050230       sf_mex_get_error_message_for_read 0000000180051230 f   sfc_mex:sfc_mex.obj
 0001:00050240       sf_mex_get_error_message_buffer_length 0000000180051240 f   sfc_mex:sfc_mex.obj
 0001:00050320       sf_mex_warning_message     0000000180051320 f   sfc_mex:sfc_mex.obj
 0001:00050390       sf_mex_v_errbuf_createf    0000000180051390 f   sfc_mex:sfc_mex.obj
 0001:000503a0       sf_mex_errbuf_createf      00000001800513a0 f   sfc_mex:sfc_mex.obj
 0001:000503d0       sf_mex_v_errbuf_catf       00000001800513d0 f   sfc_mex:sfc_mex.obj
 0001:00050410       sf_mex_errbuf_catf         0000000180051410 f   sfc_mex:sfc_mex.obj
 0001:00050460       sf_mex_errbuf_copy         0000000180051460 f   sfc_mex:sfc_mex.obj
 0001:00050470       sf_mex_errbuf_clear        0000000180051470 f   sfc_mex:sfc_mex.obj
 0001:00050480       sf_mex_errbuf_isempty      0000000180051480 f   sfc_mex:sfc_mex.obj
 0001:00050580       sf_mex_set_error_status    0000000180051580 f   sfc_mex:sfc_mex.obj
 0001:000505d0       sf_mex_error_direct_call   00000001800515d0 f   sfc_mex:sfc_mex.obj
 0001:000505f0       sf_mex_error_message_no_long_jump 00000001800515f0 f   sfc_mex:sfc_mex.obj
 0001:00050610       sf_mex_long_jump_on_error  0000000180051610 f   sfc_mex:sfc_mex.obj
 0001:00050640       sf_mex_call_matlab         0000000180051640 f   sfc_mex:sfc_mex.obj
 0001:00050760       sf_mex_check_builtin       0000000180051760 f   sfc_mex:sfc_mex.obj
 0001:00050800       sf_mex_check_builtin_vs    0000000180051800 f   sfc_mex:sfc_mex.obj
 0001:000508c0       sf_mex_check_enum          00000001800518c0 f   sfc_mex:sfc_mex.obj
 0001:00050940       sf_mex_create_enum         0000000180051940 f   sfc_mex:sfc_mex.obj
 0001:000509b0       sf_mex_get_enum_element    00000001800519b0 f   sfc_mex:sfc_mex.obj
 0001:000509c0       sf_mex_createcellarray     00000001800519c0 f   sfc_mex:sfc_mex.obj
 0001:000509d0       sf_mex_setcell             00000001800519d0 f   sfc_mex:sfc_mex.obj
 0001:000509e0       sf_mex_getcell             00000001800519e0 f   sfc_mex:sfc_mex.obj
 0001:000509f0       sf_mex_dup                 00000001800519f0 f   sfc_mex:sfc_mex.obj
 0001:00050a10       sf_mex_assign              0000000180051a10 f   sfc_mex:sfc_mex.obj
 0001:00050a90       sf_mex_destroy             0000000180051a90 f   sfc_mex:sfc_mex.obj
 0001:00050ac0       mx_array_has_fi_type       0000000180051ac0 f   sfc_mex:sfc_mex.obj
 0001:00050af0       sf_mex_convert_from_fi     0000000180051af0 f   sfc_mex:sfc_mex.obj
 0001:00050c20       sf_mex_convert_to_double   0000000180051c20 f   sfc_mex:sfc_mex.obj
 0001:00050d40       sf_mex_import_fi_vs        0000000180051d40 f   sfc_mex:sfc_mex.obj
 0001:00050f70       sf_matrix_matrix_index_ok  0000000180051f70 f   sfc_mex:sfc_mex.obj
 0001:00051000       sf_vector_vector_index_ok  0000000180052000 f   sfc_mex:sfc_mex.obj
 0001:00051030       ssGetCurrentInputPortDimensions_wrapper 0000000180052030 f   sfc_mex:sfc_mex.obj
 0001:00051050       ssGetCurrentOutputPortDimensions_wrapper 0000000180052050 f   sfc_mex:sfc_mex.obj
 0001:00051070       sf_mex_emlrt_context_is_debug_mode 0000000180052070 f   sfc_mex:sfc_mex.obj
 0001:00051080       sf_mex_emlrt_context_set_debug_mode 0000000180052080 f   sfc_mex:sfc_mex.obj
 0001:00051090       sf_mex_emlrtNameCapturePostProcessR2012a 0000000180052090 f   sfc_mex:sfc_mex.obj
 0001:00051100       sf_clear_error_manager_info 0000000180052100 f   sfc_mex:sfc_mex.obj
 0001:00051160       sf_mex_stop_simulation_abruptly_wo_error 0000000180052160 f   sfc_mex:sfc_mex.obj
 0001:000511a0       sf_mex_error_message       00000001800521a0 f   sfc_mex:sfc_mex.obj
 0001:00051210       sf_react_to_error_in_matlab_call 0000000180052210 f   sfc_mex:sfc_mex.obj
 0001:00051240       sf_mex_addfield            0000000180052240 f   sfc_mex:sfc_mex.obj
 0001:000512e0       sf_mex_getfield            00000001800522e0 f   sfc_mex:sfc_mex.obj
 0001:000515e0       sf_mex_check_class         00000001800525e0 f   sfc_mex:sfc_mex.obj
 0001:00051680       sf_mex_is_real             0000000180052680 f   sfc_mex:sfc_mex.obj
 0001:00051af0       sf_mex_decode_encoded_mx_struct_array 0000000180052af0 f   sfc_mex:sfc_mex.obj
 0001:00051de0       sf_mex_lw_bounds_check     0000000180052de0 f   sfc_mex:sfc_mex.obj
 0001:00051e10       sf_mex_lw_size_eq_check_1d 0000000180052e10 f   sfc_mex:sfc_mex.obj
 0001:00051e30       sf_mex_lw_size_eq_check_nd 0000000180052e30 f   sfc_mex:sfc_mex.obj
 0001:00052010       sf_mex_lw_dim_size_eq_check 0000000180053010 f   sfc_mex:sfc_mex.obj
 0001:00052040       sf_mex_lw_dim_size_geq_check 0000000180053040 f   sfc_mex:sfc_mex.obj
 0001:00052070       sf_mex_lw_sub_assign_size_check_nd 0000000180053070 f   sfc_mex:sfc_mex.obj
 0001:00052240       sf_mex_lw_runtime_error_msgid 0000000180053240 f   sfc_mex:sfc_mex.obj
 0001:00052330       sf_mex_lw_matrix_matrix_index_check 0000000180053330 f   sfc_mex:sfc_mex.obj
 0001:00052350       sf_mex_lw_vector_vector_index_check 0000000180053350 f   sfc_mex:sfc_mex.obj
 0001:00052390       sf_mex_lw_for_loop_vector_check 0000000180053390 f   sfc_mex:sfc_mex.obj
 0001:00052420       sf_mex_lw_non_negative_check 0000000180053420 f   sfc_mex:sfc_mex.obj
 0001:00052460       sf_mex_overflow_error      0000000180053460 f   sfc_mex:sfc_mex.obj
 0001:00052470       sf_mex_dividebyzero_error  0000000180053470 f   sfc_mex:sfc_mex.obj
 0001:00052480       sf_mex_unsafe_enum_error   0000000180053480 f   sfc_mex:sfc_mex.obj
 0001:00052490       sf_emlrtErrHandler         0000000180053490 f   sfc_mex:sfc_mex.obj
 0001:00052570       sf_mex_size_one_check      0000000180053570 f   sfc_mex:sfc_mex.obj
 0001:00052590       sf_mex_printf              0000000180053590 f   sfc_mex:sfc_mex.obj
 0001:00052760       sf_mex_check_size          0000000180053760 f   sfc_mex:sfc_mex.obj
 0001:00052a00       sf_mex_check_struct        0000000180053a00 f   sfc_mex:sfc_mex.obj
 0001:00052c60       sf_mex_check_struct_vs     0000000180053c60 f   sfc_mex:sfc_mex.obj
 0001:00052cf0       sf_mex_check_fi            0000000180053cf0 f   sfc_mex:sfc_mex.obj
 0001:00052df0       sf_mex_check_fi_vs         0000000180053df0 f   sfc_mex:sfc_mex.obj
 0001:00052e90       sf_echo_expression         0000000180053e90 f   sfc_mex:sfc_mex.obj
 0001:00052ef0       sf_assertion_failed        0000000180053ef0 f   sfc_mex:sfc_mex.obj
 0001:000531d0       sf_mex_evalin              00000001800541d0 f   sfc_mex:sfc_mex.obj
 0001:00053440       sf_mex_export              0000000180054440 f   sfc_mex:sfc_mex.obj
 0001:00053500       sf_mex_get_ml_var_no_error 0000000180054500 f   sfc_mex:sfc_mex.obj
 0001:000536a0       sf_mex_get_ml_var          00000001800546a0 f   sfc_mex:sfc_mex.obj
 0001:00053b30       ml_set_element_value_in_array 0000000180054b30 f   sfc_mex:sfc_mex.obj
 0001:00054bf0       sf_mex_call_impl           0000000180055bf0 f   sfc_mex:sfc_mex.obj
 0001:00055010       sf_mex_call_debug          0000000180056010 f   sfc_mex:sfc_mex.obj
 0001:00055040       sf_mex_call                0000000180056040 f   sfc_mex:sfc_mex.obj
 0001:00055690       sf_mex_createstruct        0000000180056690 f   sfc_mex:sfc_mex.obj
 0001:000557a0       sf_mex_createstructarray   00000001800567a0 f   sfc_mex:sfc_mex.obj
 0001:00055820       sf_mex_get_mx_datatype_from_sf_datatype 0000000180056820 f   sfc_mex:sfc_mex.obj
 0001:00055b30       sf_mex_ml_var_sub          0000000180056b30 f   sfc_mex:sfc_mex.obj
 0001:00055d10       sf_mex_ml_var_subsasgn     0000000180056d10 f   sfc_mex:sfc_mex.obj
 0001:00056110       sf_mex_sub                 0000000180057110 f   sfc_mex:sfc_mex.obj
 0001:00056320       sf_mex_subsasgn            0000000180057320 f   sfc_mex:sfc_mex.obj
 0001:00056830       sf_mex_create              0000000180057830 f   sfc_mex:sfc_mex.obj
 0001:000571d0       sf_mex_import_named        00000001800581d0 f   sfc_mex:sfc_mex.obj
 0001:00057230       sf_mex_import              0000000180058230 f   sfc_mex:sfc_mex.obj
 0001:00057280       sf_mex_import_vs           0000000180058280 f   sfc_mex:sfc_mex.obj
 0001:00057390       sf_mex_lower_fixpt_mx_array 0000000180058390 f   sfc_mex:sfc_mex.obj
 0001:000576b0       sf_debug_chart_instance_initialized_quick 00000001800586b0 f   sfc_debug:sfcdebug.obj
 0001:00057730       sf_debug_disp              0000000180058730 f   sfc_debug:sfcdebug.obj
 0001:00057a00       sf_debug_data_runtime_size_mismatch_error_check 0000000180058a00 f   sfc_debug:sfcdebug.obj
 0001:00057ab0       sf_debug_try_loading_machine 0000000180058ab0 f   sfc_debug:sfcdebug.obj
 0001:00057bb0       sf_debug_reset_current_state_configuration 0000000180058bb0 f   sfc_debug:sfcdebug.obj
 0001:00057c30       sf_debug_store_current_state_configuration 0000000180058c30 f   sfc_debug:sfcdebug.obj
 0001:00057cb0       sf_debug_restore_previous_state_configuration 0000000180058cb0 f   sfc_debug:sfcdebug.obj
 0001:00057d30       sf_debug_restore_previous_state_configuration2 0000000180058d30 f   sfc_debug:sfcdebug.obj
 0001:00057db0       sf_debug_get_event_scope   0000000180058db0 f   sfc_debug:sfcdebug.obj
 0001:00057f20       use_debugger_step_animation 0000000180058f20 f   sfc_debug:sfcdebug.obj
 0001:00057f40       sf_debug_get_script_id     0000000180058f40 f   sfc_debug:sfcdebug.obj
 0001:00057fd0       sf_debug_set_script_translation 0000000180058fd0 f   sfc_debug:sfcdebug.obj
 0001:00058150       sf_debug_extract_message_post_receive_info 0000000180059150 f   sfc_debug:sfcdebug.obj
 0001:00058310       sf_debug_get_current_machine_id 0000000180059310 f   sfc_debug:sfcdebug.obj
 0001:00058330       sf_debug_get_current_optional_integer 0000000180059330 f   sfc_debug:sfcdebug.obj
 0001:00058340       sf_debug_get_current_machine_number 0000000180059340 f   sfc_debug:sfcdebug.obj
 0001:00058360       sf_debug_get_current_machine_name 0000000180059360 f   sfc_debug:sfcdebug.obj
 0001:00058380       sf_debug_get_current_chart_id 0000000180059380 f   sfc_debug:sfcdebug.obj
 0001:000583c0       sf_debug_get_current_chart_number 00000001800593c0 f   sfc_debug:sfcdebug.obj
 0001:000583d0       sf_debug_get_current_instance_number 00000001800593d0 f   sfc_debug:sfcdebug.obj
 0001:000583e0       sf_debug_get_current_is_minor_time_step 00000001800593e0 f   sfc_debug:sfcdebug.obj
 0001:00058460       sf_debug_get_current_object_type 0000000180059460 f   sfc_debug:sfcdebug.obj
 0001:00058470       sf_debug_get_current_instance_handle 0000000180059470 f   sfc_debug:sfcdebug.obj
 0001:000584d0       sf_debug_get_current_event_type 00000001800594d0 f   sfc_debug:sfcdebug.obj
 0001:000584e0       sf_debug_get_current_object_id 00000001800594e0 f   sfc_debug:sfcdebug.obj
 0001:00058520       sf_debug_get_current_active_event_type 0000000180059520 f   sfc_debug:sfcdebug.obj
 0001:00058530       sf_debug_get_current_active_event_id 0000000180059530 f   sfc_debug:sfcdebug.obj
 0001:00058570       sf_debug_get_current_tag_type 0000000180059570 f   sfc_debug:sfcdebug.obj
 0001:00058580       sf_debug_get_current_simulation_time 0000000180059580 f   sfc_debug:sfcdebug.obj
 0001:00058590       sf_debug_get_current_coverage_percentage 0000000180059590 f   sfc_debug:sfcdebug.obj
 0001:000585a0       sf_debug_current_statement_context 00000001800595a0 f   sfc_debug:sfcdebug.obj
 0001:00058620       sf_debug_get_current_statement_info 0000000180059620 f   sfc_debug:sfcdebug.obj
 0001:000587c0       sf_debug_terminate_instance 00000001800597c0 f   sfc_debug:sfcdebug.obj
 0001:00058ae0       sf_debug_assertion_failed  0000000180059ae0 f   sfc_debug:sfcdebug.obj
 0001:00058cb0       sf_debug_create_debug_instance_struct 0000000180059cb0 f   sfc_debug:sfcdebug.obj
 0001:00058d00       sf_debug_set_number_of_data_with_change_event_for_machine 0000000180059d00 f   sfc_debug:sfcdebug.obj
 0001:00058d50       sf_debug_set_machine_event_thresholds 0000000180059d50 f   sfc_debug:sfcdebug.obj
 0001:00058d70       sf_debug_set_machine_event_scope 0000000180059d70 f   sfc_debug:sfcdebug.obj
 0001:00058dc0       sf_debug_set_machine_data_thresholds 0000000180059dc0 f   sfc_debug:sfcdebug.obj
 0001:00058e10       sf_debug_set_machine_data_scope 0000000180059e10 f   sfc_debug:sfcdebug.obj
 0001:00058eb0       sf_debug_set_machine_data_name 0000000180059eb0 f   sfc_debug:sfcdebug.obj
 0001:00058f60       sf_debug_set_machine_data_size 0000000180059f60 f   sfc_debug:sfcdebug.obj
 0001:000590b0       sf_debug_set_machine_data_type 000000018005a0b0 f   sfc_debug:sfcdebug.obj
 0001:00059220       sf_debug_get_chart_data_number 000000018005a220 f   sfc_debug:sfcdebug.obj
 0001:00059240       sf_debug_get_chart_event_number 000000018005a240 f   sfc_debug:sfcdebug.obj
 0001:00059260       sf_debug_set_chart_state_info 000000018005a260 f   sfc_debug:sfcdebug.obj
 0001:000592f0       sf_debug_set_chart_decomposition 000000018005a2f0 f   sfc_debug:sfcdebug.obj
 0001:00059360       sf_debug_set_chart_substate_count 000000018005a360 f   sfc_debug:sfcdebug.obj
 0001:00059440       sf_debug_set_chart_substate_index 000000018005a440 f   sfc_debug:sfcdebug.obj
 0001:000594c0       sf_debug_set_chart_state_substate_count 000000018005a4c0 f   sfc_debug:sfcdebug.obj
 0001:000595e0       sf_debug_set_chart_state_substate_index 000000018005a5e0 f   sfc_debug:sfcdebug.obj
 0001:00059670       sf_debug_set_number_of_data_with_change_event_for_chart 000000018005a670 f   sfc_debug:sfcdebug.obj
 0001:00059700       sf_debug_set_number_of_states_with_entry_event_for_chart 000000018005a700 f   sfc_debug:sfcdebug.obj
 0001:00059780       sf_debug_set_number_of_states_with_exit_event_for_chart 000000018005a780 f   sfc_debug:sfcdebug.obj
 0001:00059800       sf_debug_set_chart_disable_implicit_casting 000000018005a800 f   sfc_debug:sfcdebug.obj
 0001:00059870       sf_debug_set_chart_event_thresholds 000000018005a870 f   sfc_debug:sfcdebug.obj
 0001:000598f0       sf_debug_set_chart_data_compiled_props 000000018005a8f0 f   sfc_debug:sfcdebug.obj
 0001:00059c30       sf_debug_set_chart_data_props 000000018005ac30 f   sfc_debug:sfcdebug.obj
 0001:00059f50       sf_debug_check_fi_license  000000018005af50 f   sfc_debug:sfcdebug.obj
 0001:0005a110       sf_debug_symbol_scope_push 000000018005b110 f   sfc_debug:sfcdebug.obj
 0001:0005a150       sf_debug_symbol_scope_push_eml 000000018005b150 f   sfc_debug:sfcdebug.obj
 0001:0005a1a0       sf_debug_symbol_scope_pop  000000018005b1a0 f   sfc_debug:sfcdebug.obj
 0001:0005a1e0       sf_debug_symbol_scope_add_importable 000000018005b1e0 f   sfc_debug:sfcdebug.obj
 0001:0005a260       sf_debug_symbol_scope_add  000000018005b260 f   sfc_debug:sfcdebug.obj
 0001:0005a2e0       sf_debug_symbol_scope_add_dyn_importable 000000018005b2e0 f   sfc_debug:sfcdebug.obj
 0001:0005a3a0       sf_debug_symbol_scope_add_dyn 000000018005b3a0 f   sfc_debug:sfcdebug.obj
 0001:0005a3e0       sf_debug_symbol_scope_add_eml_importable 000000018005b3e0 f   sfc_debug:sfcdebug.obj
 0001:0005a420       sf_debug_symbol_scope_add_eml 000000018005b420 f   sfc_debug:sfcdebug.obj
 0001:0005a460       sf_debug_symbol_scope_add_eml_dyn_importable 000000018005b460 f   sfc_debug:sfcdebug.obj
 0001:0005a4c0       sf_debug_symbol_scope_add_eml_dyn 000000018005b4c0 f   sfc_debug:sfcdebug.obj
 0001:0005a520       sf_debug_symbol_switch     000000018005b520 f   sfc_debug:sfcdebug.obj
 0001:0005a540       sf_debug_symbol_scope_add_verbose 000000018005b540 f   sfc_debug:sfcdebug.obj
 0001:0005a610       sf_debug_set_machine_data_value_ptr 000000018005b610 f   sfc_debug:sfcdebug.obj
 0001:0005a650       sf_debug_set_instance_data_value_ptr 000000018005b650 f   sfc_debug:sfcdebug.obj
 0001:0005a720       sf_debug_unset_instance_data_value_ptr 000000018005b720 f   sfc_debug:sfcdebug.obj
 0001:0005a7d0       sf_debug_set_chart_event_scope 000000018005b7d0 f   sfc_debug:sfcdebug.obj
 0001:0005a850       sf_debug_set_chart_transition_coverage_maps 000000018005b850 f   sfc_debug:sfcdebug.obj
 0001:0005a950       sf_debug_set_chart_state_coverage_maps 000000018005b950 f   sfc_debug:sfcdebug.obj
 0001:0005aa20       sf_debug_set_instance_transition_coverage_weights 000000018005ba20 f   sfc_debug:sfcdebug.obj
 0001:0005aab0       sf_debug_set_instance_state_coverage_weights 000000018005bab0 f   sfc_debug:sfcdebug.obj
 0001:0005ad00       sf_debug_unload_machine    000000018005bd00 f   sfc_debug:sfcdebug.obj
 0001:0005ad50       sf_debug_load_machine      000000018005bd50 f   sfc_debug:sfcdebug.obj
 0001:0005ae60       sf_debug_set_active_instance_in_data_dictionary 000000018005be60 f   sfc_debug:sfcdebug.obj
 0001:0005b040       sf_debug_set_active_instance 000000018005c040 f   sfc_debug:sfcdebug.obj
 0001:0005b1a0       sf_debug_chart_visiblity_change 000000018005c1a0 f   sfc_debug:sfcdebug.obj
 0001:0005b290       sf_debug_select_chart      000000018005c290 f   sfc_debug:sfcdebug.obj
 0001:0005b3f0       sf_debug_set_instance_cv_ids 000000018005c3f0 f   sfc_debug:sfcdebug.obj
 0001:0005b720       sf_debug_select_charts     000000018005c720 f   sfc_debug:sfcdebug.obj
 0001:0005b8d0       sf_debug_initialized       000000018005c8d0 f   sfc_debug:sfcdebug.obj
 0001:0005b8f0       sf_debug_is_uninterruptible 000000018005c8f0 f   sfc_debug:sfcdebug.obj
 0001:0005b920       sf_debug_initialize_debugger_gui 000000018005c920 f   sfc_debug:sfcdebug.obj
 0001:0005bd00       sf_debug_resume            000000018005cd00 f   sfc_debug:sfcdebug.obj
 0001:0005bd20       sf_debug_go                000000018005cd20 f   sfc_debug:sfcdebug.obj
 0001:0005bd30       sf_debug_break             000000018005cd30 f   sfc_debug:sfcdebug.obj
 0001:0005bd40       sf_debug_step_over         000000018005cd40 f   sfc_debug:sfcdebug.obj
 0001:0005bd50       sf_debug_step_out          000000018005cd50 f   sfc_debug:sfcdebug.obj
 0001:0005bd60       sf_debug_set_disable_all_breakpoints 000000018005cd60 f   sfc_debug:sfcdebug.obj
 0001:0005bd70       sf_debug_disable_all_breakpoints_and_go 000000018005cd70 f   sfc_debug:sfcdebug.obj
 0001:0005bd80       sf_debug_break_on_chart_entry 000000018005cd80 f   sfc_debug:sfcdebug.obj
 0001:0005bd90       sf_debug_break_on_event_broadcast 000000018005cd90 f   sfc_debug:sfcdebug.obj
 0001:0005bda0       sf_debug_break_on_state_entry 000000018005cda0 f   sfc_debug:sfcdebug.obj
 0001:0005bdb0       sf_debug_break_between_times 000000018005cdb0 f   sfc_debug:sfcdebug.obj
 0001:0005bdd0       sf_debug_browse_data       000000018005cdd0 f   sfc_debug:sfcdebug.obj
 0001:0005bde0       sf_debug_watch_data        000000018005cde0 f   sfc_debug:sfcdebug.obj
 0001:0005be10       sf_debug_assign_data       000000018005ce10 f   sfc_debug:sfcdebug.obj
 0001:0005be20       sf_debug_whos              000000018005ce20 f   sfc_debug:sfcdebug.obj
 0001:0005be40       sf_debug_get_consistency_info 000000018005ce40 f   sfc_debug:sfcdebug.obj
 0001:0005be50       sf_debug_browse_trace      000000018005ce50 f   sfc_debug:sfcdebug.obj
 0001:0005be60       sf_debug_set_breakpoints   000000018005ce60 f   sfc_debug:sfcdebug.obj
 0001:0005bfd0       sf_debug_set_eml_breakpoints 000000018005cfd0 f   sfc_debug:sfcdebug.obj
 0001:0005c130       sf_debug_set_script_breakpoints 000000018005d130 f   sfc_debug:sfcdebug.obj
 0001:0005c1b0       sf_debug_add_script_breakpoints 000000018005d1b0 f   sfc_debug:sfcdebug.obj
 0001:0005c220       sf_debug_clear_script_breakpoints 000000018005d220 f   sfc_debug:sfcdebug.obj
 0001:0005c290       sf_debug_query_script_breakpoints 000000018005d290 f   sfc_debug:sfcdebug.obj
 0001:0005c340       sf_debug_get_eml_script_id 000000018005d340 f   sfc_debug:sfcdebug.obj
 0001:0005c390       sf_debug_set_watch         000000018005d390 f   sfc_debug:sfcdebug.obj
 0001:0005c5b0       sf_debug_get_instance_handle 000000018005d5b0 f   sfc_debug:sfcdebug.obj
 0001:0005c640       sf_debug_get_active_states 000000018005d640 f   sfc_debug:sfcdebug.obj
 0001:0005c650       sf_debug_set_honor_breakpoints 000000018005d650 f   sfc_debug:sfcdebug.obj
 0001:0005c660       sf_debug_get_animation     000000018005d660 f   sfc_debug:sfcdebug.obj
 0001:0005c670       sf_debug_set_animation     000000018005d670 f   sfc_debug:sfcdebug.obj
 0001:0005c680       sf_debug_animate           000000018005d680 f   sfc_debug:sfcdebug.obj
 0001:0005c6a0       sf_debug_cycle_detection_check 000000018005d6a0 f   sfc_debug:sfcdebug.obj
 0001:0005c6b0       sf_debug_data_range_check  000000018005d6b0 f   sfc_debug:sfcdebug.obj
 0001:0005c6c0       sf_debug_transition_conflict_check 000000018005d6c0 f   sfc_debug:sfcdebug.obj
 0001:0005c6d0       sf_debug_state_consistency_check 000000018005d6d0 f   sfc_debug:sfcdebug.obj
 0001:0005c6e0       sf_debug_data_range_check_enabled 000000018005d6e0 f   sfc_debug:sfcdebug.obj
 0001:0005c700       sf_debug_transition_conflict_check_enabled 000000018005d700 f   sfc_debug:sfcdebug.obj
 0001:0005c720       sf_debug_transition_conflict_check_begin 000000018005d720 f   sfc_debug:sfcdebug.obj
 0001:0005c740       sf_debug_transition_conflict_check_end 000000018005d740 f   sfc_debug:sfcdebug.obj
 0001:0005c760       sf_debug_stop_debugging    000000018005d760 f   sfc_debug:sfcdebug.obj
 0001:0005c790       sf_debug_is_cycle_detected 000000018005d790 f   sfc_debug:sfcdebug.obj
 0001:0005c7a0       sf_debug_is_array_bounds_detected 000000018005d7a0 f   sfc_debug:sfcdebug.obj
 0001:0005c7b0       sf_debug_get_state_vectors_data_size 000000018005d7b0 f   sfc_debug:sfcdebug.obj
 0001:0005c7f0       sf_debug_get_state_vectors_data 000000018005d7f0 f   sfc_debug:sfcdebug.obj
 0001:0005c900       sf_debug_set_state_vectors_data 000000018005d900 f   sfc_debug:sfcdebug.obj
 0001:0005cb90       sf_debug_get_script_index  000000018005db90 f   sfc_debug:sfcdebug.obj
 0001:0005cd20       sf_debug_add_script        000000018005dd20 f   sfc_debug:sfcdebug.obj
 0001:0005ceb0       cv_eval_point              000000018005deb0 f   sfc_debug:sfcdebug.obj
 0001:0005d020       cv_eval_testobjective      000000018005e020 f   sfc_debug:sfcdebug.obj
 0001:0005d130       sf_debug_cv_init_state     000000018005e130 f   sfc_debug:sfcdebug.obj
 0001:0005d260       sf_debug_cv_init_chart     000000018005e260 f   sfc_debug:sfcdebug.obj
 0001:0005d350       sf_debug_cv_init_trans     000000018005e350 f   sfc_debug:sfcdebug.obj
 0001:0005d460       sf_debug_cv_init_saturation 000000018005e460 f   sfc_debug:sfcdebug.obj
 0001:0005d560       sf_debug_cv_init_testobjectives 000000018005e560 f   sfc_debug:sfcdebug.obj
 0001:0005d740       cv_eml_init_script         000000018005e740 f   sfc_debug:sfcdebug.obj
 0001:0005d860       cv_eml_init_fcn            000000018005e860 f   sfc_debug:sfcdebug.obj
 0001:0005d970       cv_eml_init_testobjective  000000018005e970 f   sfc_debug:sfcdebug.obj
 0001:0005da50       cv_eml_init_saturation     000000018005ea50 f   sfc_debug:sfcdebug.obj
 0001:0005db20       cv_eml_init_if             000000018005eb20 f   sfc_debug:sfcdebug.obj
 0001:0005dc00       cv_eml_init_for            000000018005ec00 f   sfc_debug:sfcdebug.obj
 0001:0005dcd0       cv_eml_init_while          000000018005ecd0 f   sfc_debug:sfcdebug.obj
 0001:0005dda0       cv_eml_init_mcdc           000000018005eda0 f   sfc_debug:sfcdebug.obj
 0001:0005dec0       cv_eml_init_switch         000000018005eec0 f   sfc_debug:sfcdebug.obj
 0001:0005dfc0       cv_eml_eval                000000018005efc0 f   sfc_debug:sfcdebug.obj
 0001:0005e0b0       sf_debug_bm_is_a_eml_breakpoint 000000018005f0b0 f   sfc_debug:sfcdebug.obj
 0001:0005e200       sf_debug_temporal_threshold 000000018005f200 f   sfc_debug:sfcdebug.obj
 0001:0005e570       sf_debug_transition_conflict_error 000000018005f570 f   sfc_debug:sfcdebug.obj
 0001:0005e8d0       sf_debug_state_inconsistency_error 000000018005f8d0 f   sfc_debug:sfcdebug.obj
 0001:0005e9f0       sf_debug_check_for_state_inconsistency 000000018005f9f0 f   sfc_debug:sfcdebug.obj
 0001:0005ea30       sf_debug_cycle_detecton_error 000000018005fa30 f   sfc_debug:sfcdebug.obj
 0001:0005f180       sf_debug_size_eq_check_1d  0000000180060180 f   sfc_debug:sfcdebug.obj
 0001:0005f1a0       sf_debug_size_eq_check_nd  00000001800601a0 f   sfc_debug:sfcdebug.obj
 0001:0005f3a0       sf_debug_dim_size_eq_check 00000001800603a0 f   sfc_debug:sfcdebug.obj
 0001:0005f3d0       sf_debug_dim_size_geq_check 00000001800603d0 f   sfc_debug:sfcdebug.obj
 0001:0005f400       sf_debug_sub_assign_size_check_nd 0000000180060400 f   sfc_debug:sfcdebug.obj
 0001:0005f5e0       sf_debug_matrix_matrix_index_check 00000001800605e0 f   sfc_debug:sfcdebug.obj
 0001:0005f630       sf_debug_vector_vector_index_check 0000000180060630 f   sfc_debug:sfcdebug.obj
 0001:0005f680       sf_debug_for_loop_vector_check 0000000180060680 f   sfc_debug:sfcdebug.obj
 0001:0005f720       sf_debug_runtime_error_msgid 0000000180060720 f   sfc_debug:sfcdebug.obj
 0001:0005f7c0       sf_debug_data_array_bounds_error_check 00000001800607c0 f   sfc_debug:sfcdebug.obj
 0001:0005f8d0       sf_debug_eml_data_array_bounds_error_check 00000001800608d0 f   sfc_debug:sfcdebug.obj
 0001:0005fd90       sf_debug_integer_check     0000000180060d90 f   sfc_debug:sfcdebug.obj
 0001:0005fe80       sf_debug_not_nan_check     0000000180060e80 f   sfc_debug:sfcdebug.obj
 0001:0005ff50       sf_debug_non_negative_check 0000000180060f50 f   sfc_debug:sfcdebug.obj
 0001:00060020       sf_debug_overflow_detection 0000000180061020 f   sfc_debug:sfcdebug.obj
 0001:00060680       sf_debug_cast_to_real32_T  0000000180061680 f   sfc_debug:sfcdebug.obj
 0001:00060750       sf_debug_cast_to_int8_T    0000000180061750 f   sfc_debug:sfcdebug.obj
 0001:00060820       sf_debug_cast_to_uint8_T   0000000180061820 f   sfc_debug:sfcdebug.obj
 0001:000608f0       sf_debug_cast_to_int16_T   00000001800618f0 f   sfc_debug:sfcdebug.obj
 0001:000609c0       sf_debug_cast_to_uint16_T  00000001800619c0 f   sfc_debug:sfcdebug.obj
 0001:00060a90       sf_debug_cast_to_int32_T   0000000180061a90 f   sfc_debug:sfcdebug.obj
 0001:00060b60       sf_debug_cast_to_uint32_T  0000000180061b60 f   sfc_debug:sfcdebug.obj
 0001:00060c30       sf_debug_data_range_error  0000000180061c30 f   sfc_debug:sfcdebug.obj
 0001:00060f40       sf_debug_read_before_write_check 0000000180061f40 f   sfc_debug:sfcdebug.obj
 0001:00061370       sf_debug_data_range_error_wrapper_min_max 0000000180062370 f   sfc_debug:sfcdebug.obj
 0001:00061490       sf_debug_data_range_error_wrapper_min 0000000180062490 f   sfc_debug:sfcdebug.obj
 0001:000615a0       sf_debug_data_range_error_wrapper_max 00000001800625a0 f   sfc_debug:sfcdebug.obj
 0001:000616b0       sf_debug_data_range_wrapper 00000001800626b0 f   sfc_debug:sfcdebug.obj
 0001:00061770       sf_debug_set_current_status_info 0000000180062770 f   sfc_debug:sfcdebug.obj
 0001:00061b10       sf_debug_register_message_post_receive_info 0000000180062b10 f   sfc_debug:sfcdebug.obj
 0001:00061d60       sf_debug_call              0000000180062d60 f   sfc_debug:sfcdebug.obj
 0001:000626c0       sf_debug_initialize_machine 00000001800636c0 f   sfc_debug:sfcdebug.obj
 0001:00062970       sf_debug_initialize_chart  0000000180063970 f   sfc_debug:sfcdebug.obj
 0001:00062dc0       sf_debug_ensure_script     0000000180063dc0 f   sfc_debug:sfcdebug.obj
 0001:00062e70       cv_eval_saturation         0000000180063e70 f   sfc_debug:sfcdebug.obj
 0001:00062ff0       cv_saturation_accum        0000000180063ff0 f   sfc_debug:sfcdebug.obj
 0001:00063130       cv_script_init_script      0000000180064130 f   sfc_debug:sfcdebug.obj
 0001:00063220       cv_script_init_fcn         0000000180064220 f   sfc_debug:sfcdebug.obj
 0001:000632e0       cv_script_init_testobjective 00000001800642e0 f   sfc_debug:sfcdebug.obj
 0001:000633a0       cv_script_init_saturation  00000001800643a0 f   sfc_debug:sfcdebug.obj
 0001:00063450       cv_script_init_if          0000000180064450 f   sfc_debug:sfcdebug.obj
 0001:00063510       cv_script_init_for         0000000180064510 f   sfc_debug:sfcdebug.obj
 0001:000635c0       cv_script_init_while       00000001800645c0 f   sfc_debug:sfcdebug.obj
 0001:00063670       cv_script_init_mcdc        0000000180064670 f   sfc_debug:sfcdebug.obj
 0001:00063770       cv_script_init_switch      0000000180064770 f   sfc_debug:sfcdebug.obj
 0001:00063850       cv_script_eval             0000000180064850 f   sfc_debug:sfcdebug.obj
 0001:00063920       eml_debug_line_call        0000000180064920 f   sfc_debug:sfcdebug.obj
 0001:00063af0       sf_debug_terminate         0000000180064af0 f   sfc_debug:sfcdebug.obj
 0001:00063d00       sf_debug_set_script_cv_ids 0000000180064d00 f   sfc_debug:sfcdebug.obj
 0001:00063e30       sf_debug_api               0000000180064e30 f   sfc_debug:sfc_api.obj
 0001:00065720       sf_debug_sm_terminate      0000000180066720 f   sfc_debug:sfdb_animation.obj
 0001:000658d0       sf_debug_reset_path_objects 00000001800668d0 f   sfc_debug:sfdb_animation.obj
 0001:00065950       sf_debug_sm_reset_object_selection_status 0000000180066950 f   sfc_debug:sfdb_animation.obj
 0001:000659f0       sf_debug_sm_reset_state_buffer 00000001800669f0 f   sfc_debug:sfdb_animation.obj
 0001:00065ac0       sf_debug_sm_store_state_buffer 0000000180066ac0 f   sfc_debug:sfdb_animation.obj
 0001:00065b40       sf_debug_sm_restore_state_buffer1 0000000180066b40 f   sfc_debug:sfdb_animation.obj
 0001:00065bb0       sf_debug_sm_restore_state_buffer2 0000000180066bb0 f   sfc_debug:sfdb_animation.obj
 0001:00065c20       sf_debug_sm_chart_active   0000000180066c20 f   sfc_debug:sfdb_animation.obj
 0001:00065c70       sf_debug_sm_select_active_objects 0000000180066c70 f   sfc_debug:sfdb_animation.obj
 0001:00066140       sf_debug_sm_is_chart_active 0000000180067140 f   sfc_debug:sfdb_animation.obj
 0001:00066180       sf_debug_sm_is_state_active 0000000180067180 f   sfc_debug:sfdb_animation.obj
 0001:000663c0       sf_debug_sm_get_active_states 00000001800673c0 f   sfc_debug:sfdb_animation.obj
 0001:00066970       sf_debug_sm_initialize_instance 0000000180067970 f   sfc_debug:sfdb_animation.obj
 0001:00066b80       sf_debug_sm_change_object_selection_status 0000000180067b80 f   sfc_debug:sfdb_animation.obj
 0001:00066e50       cv_create_interface        0000000180067e50 f   sfc_debug:cv_sfinterface.obj
 0001:00067160       cv_init_trans              0000000180068160 f   sfc_debug:cv_sfinterface.obj
 0001:000671b0       cv_init_saturation         00000001800681b0 f   sfc_debug:cv_sfinterface.obj
 0001:000671f0       cv_init_testobjective      00000001800681f0 f   sfc_debug:cv_sfinterface.obj
 0001:00067230       cv_init_state              0000000180068230 f   sfc_debug:cv_sfinterface.obj
 0001:000672a0       cv_init_chart              00000001800682a0 f   sfc_debug:cv_sfinterface.obj
 0001:000672f0       cv_dec_update_call         00000001800682f0 f   sfc_debug:cv_sfinterface.obj
 0001:00067330       cv_cond_update_call        0000000180068330 f   sfc_debug:cv_sfinterface.obj
 0001:00067370       cv_saturation_update_call  0000000180068370 f   sfc_debug:cv_sfinterface.obj
 0001:000673b0       cv_saturation_update_accum 00000001800683b0 f   sfc_debug:cv_sfinterface.obj
 0001:000673f0       cv_testobjective_update_call 00000001800683f0 f   sfc_debug:cv_sfinterface.obj
 0001:00067430       cv_sigrange_update         0000000180068430 f   sfc_debug:cv_sfinterface.obj
 0001:00067470       cvsf_eml_eval              0000000180068470 f   sfc_debug:cv_sfinterface.obj
 0001:00067550       cvsf_eml_init_script       0000000180068550 f   sfc_debug:cv_sfinterface.obj
 0001:000675e0       cvsf_eml_init_fcn          00000001800685e0 f   sfc_debug:cv_sfinterface.obj
 0001:00067640       cvsf_eml_init_testobjective 0000000180068640 f   sfc_debug:cv_sfinterface.obj
 0001:000676a0       cvsf_eml_init_saturation   00000001800686a0 f   sfc_debug:cv_sfinterface.obj
 0001:000676f0       cvsf_eml_init_if           00000001800686f0 f   sfc_debug:cv_sfinterface.obj
 0001:00067750       cvsf_eml_init_for          0000000180068750 f   sfc_debug:cv_sfinterface.obj
 0001:000677a0       cvsf_eml_init_while        00000001800687a0 f   sfc_debug:cv_sfinterface.obj
 0001:000677f0       cvsf_eml_init_mcdc         00000001800687f0 f   sfc_debug:cv_sfinterface.obj
 0001:00067880       cvsf_eml_init_switch       0000000180068880 f   sfc_debug:cv_sfinterface.obj
 0001:000678f0       cvsf_script_eval           00000001800688f0 f   sfc_debug:cv_sfinterface.obj
 0001:000679d0       cvsf_script_init_script    00000001800689d0 f   sfc_debug:cv_sfinterface.obj
 0001:00067a60       cvsf_script_init_fcn       0000000180068a60 f   sfc_debug:cv_sfinterface.obj
 0001:00067ac0       cvsf_script_init_testobjective 0000000180068ac0 f   sfc_debug:cv_sfinterface.obj
 0001:00067b20       cvsf_script_init_saturation 0000000180068b20 f   sfc_debug:cv_sfinterface.obj
 0001:00067b70       cvsf_script_init_if        0000000180068b70 f   sfc_debug:cv_sfinterface.obj
 0001:00067bd0       cvsf_script_init_for       0000000180068bd0 f   sfc_debug:cv_sfinterface.obj
 0001:00067c20       cvsf_script_init_while     0000000180068c20 f   sfc_debug:cv_sfinterface.obj
 0001:00067c70       cvsf_script_init_mcdc      0000000180068c70 f   sfc_debug:cv_sfinterface.obj
 0001:00067d00       cvsf_script_init_switch    0000000180068d00 f   sfc_debug:cv_sfinterface.obj
 0001:00067d70       cv_destroy_interface       0000000180068d70 f   sfc_debug:cv_sfinterface.obj
 0001:00067d90       cv_create_instance_objects 0000000180068d90 f   sfc_debug:cv_sfinterface.obj
 0001:00068200       cv_is_enabled              0000000180069200 f   sfc_debug:cv_sfinterface.obj
 0001:00068210       sf_debug_cv_initialize_script 0000000180069210 f   sfc_debug:cv_sfinterface.obj
 0001:000683a0       sf_debug_cv_initialize_instance 00000001800693a0 f   sfc_debug:cv_sfinterface.obj
 0001:00068730       sf_debug_cv_terminate_chart 0000000180069730 f   sfc_debug:cv_sfinterface.obj
 0001:00068850       cv_call_trans_test         0000000180069850 f   sfc_debug:cv_sfinterface.obj
 0001:00068860       cv_call_sub_cond_test      0000000180069860 f   sfc_debug:cv_sfinterface.obj
 0001:000688a0       sf_debug_st_initialize_machine 00000001800698a0 f   sfc_debug:sfdb_data_browse.obj
 0001:00068950       sf_debug_st_initialize_instance 0000000180069950 f   sfc_debug:sfdb_data_browse.obj
 0001:00068b60       sf_debug_st_terminate      0000000180069b60 f   sfc_debug:sfdb_data_browse.obj
 0001:00068f00       sf_debug_st_set_data_value_ptr_in_machine 0000000180069f00 f   sfc_debug:sfdb_data_browse.obj
 0001:00068f90       sf_debug_st_set_data_value_ptr_in_instance 0000000180069f90 f   sfc_debug:sfdb_data_browse.obj
 0001:00069070       sf_debug_st_unset_data_value_ptr_in_machine 000000018006a070 f   sfc_debug:sfdb_data_browse.obj
 0001:000690e0       sf_debug_st_unset_data_value_ptr_in_instance 000000018006a0e0 f   sfc_debug:sfdb_data_browse.obj
 0001:000693a0       sf_debug_mx_value          000000018006a3a0 f   sfc_debug:sfdb_data_browse.obj
 0001:00069400       sf_debug_mx_packed_vector  000000018006a400 f   sfc_debug:sfdb_data_browse.obj
 0001:000694e0       sf_debug_mx_uint_vector    000000018006a4e0 f   sfc_debug:sfdb_data_browse.obj
 0001:00069590       sf_debug_st_get_double_value_from_void_ptr_vector 000000018006a590 f   sfc_debug:sfdb_data_browse.obj
 0001:0006a070       sf_debug_st_browse_data    000000018006b070 f   sfc_debug:sfdb_data_browse.obj
 0001:0006a8b0       sf_debug_hm_initialize_instance 000000018006b8b0 f   sfc_debug:sfdb_handle_management.obj
 0001:0006ad90       sf_debug_hm_get_object_id  000000018006bd90 f   sfc_debug:sfdb_handle_management.obj
 0001:0006b940       sf_debug_hm_update_chart_visibility 000000018006c940 f   sfc_debug:sfdb_handle_management.obj
 0001:0006cb30       sf_debug_object_is_eml_function 000000018006db30 f   sfc_debug:sfdb_handle_management.obj
 0001:0006cba0       sf_debug_hm_initialize_ids_in_machine 000000018006dba0 f   sfc_debug:sfdb_handle_management.obj
 0001:0006cd10       sf_debug_hm_initialize_ids_in_chart 000000018006dd10 f   sfc_debug:sfdb_handle_management.obj
 0001:0006ce10       sf_debug_hm_initialize_chart 000000018006de10 f   sfc_debug:sfdb_handle_management.obj
 0001:0006d510       sf_debug_hm_terminate      000000018006e510 f   sfc_debug:sfdb_handle_management.obj
 0001:0006d570       sf_debug_hm_initialize_machine 000000018006e570 f   sfc_debug:sfdb_handle_management.obj
 0001:0006dc90       sf_debug_ss_initialize     000000018006ec90 f   sfc_debug:sfdb_symbol_scope.obj
 0001:0006dcb0       sf_debug_ss_terminate      000000018006ecb0 f   sfc_debug:sfdb_symbol_scope.obj
 0001:0006dd40       sf_debug_ss_push_symbol_scope 000000018006ed40 f   sfc_debug:sfdb_symbol_scope.obj
 0001:0006de40       sf_debug_ss_push_symbol_scope_eml 000000018006ee40 f   sfc_debug:sfdb_symbol_scope.obj
 0001:0006dea0       sf_debug_ss_pop_symbol_scope 000000018006eea0 f   sfc_debug:sfdb_symbol_scope.obj
 0001:0006df50       sf_debug_ss_add_symbol     000000018006ef50 f   sfc_debug:sfdb_symbol_scope.obj
 0001:0006e0c0       sf_debug_ss_add_symbol_eml 000000018006f0c0 f   sfc_debug:sfdb_symbol_scope.obj
 0001:0006efc0       sf_debug_ss_set_data_value 000000018006ffc0 f   sfc_debug:sfdb_symbol_scope.obj
 0001:0006f410       getInstanceNumber          0000000180070410 f   sfc_debug:sfdb_symbol_scope.obj
 0001:0006f4e0       sf_debug_ss_watch_data     00000001800704e0 f   sfc_debug:sfdb_symbol_scope.obj
 0001:0006f6d0       sf_debug_ss_assign_data    00000001800706d0 f   sfc_debug:sfdb_symbol_scope.obj
 0001:000700e0       get_data_entry_name        00000001800710e0 f   sfc_debug:sfdb_symbol_scope.obj
 0001:00070130       sf_debug_ss_whos           0000000180071130 f   sfc_debug:sfdb_symbol_scope.obj
 0001:00070780       sf_debug_cc_initialize_chart 0000000180071780 f   sfc_debug:sfdb_coverage.obj
 0001:00071170       sf_debug_cc_initialize_instance 0000000180072170 f   sfc_debug:sfdb_coverage.obj
 0001:00071eb0       sf_debug_cc_terminate      0000000180072eb0 f   sfc_debug:sfdb_coverage.obj
 0001:00071fa0       sf_debug_cc_set_transition_maps 0000000180072fa0 f   sfc_debug:sfdb_coverage.obj
 0001:000720d0       sf_debug_cc_set_state_maps 00000001800730d0 f   sfc_debug:sfdb_coverage.obj
 0001:000721b0       sf_debug_cc_set_transition_weights 00000001800731b0 f   sfc_debug:sfdb_coverage.obj
 0001:00072470       sf_debug_cc_set_state_weights 0000000180073470 f   sfc_debug:sfdb_coverage.obj
 0001:00072740       sf_debug_cc_mark_transition_guard 0000000180073740 f   sfc_debug:sfdb_coverage.obj
 0001:000727d0       sf_debug_cc_mark_transition_trigger 00000001800737d0 f   sfc_debug:sfdb_coverage.obj
 0001:00072860       sf_debug_cc_mark_transition_decision 0000000180073860 f   sfc_debug:sfdb_coverage.obj
 0001:000728d0       sf_debug_cc_mark_transition_condition_action 00000001800738d0 f   sfc_debug:sfdb_coverage.obj
 0001:00072920       sf_debug_cc_mark_transition_transition_action 0000000180073920 f   sfc_debug:sfdb_coverage.obj
 0001:00072970       sf_debug_cc_mark_state_entry 0000000180073970 f   sfc_debug:sfdb_coverage.obj
 0001:000729c0       sf_debug_cc_mark_state_during 00000001800739c0 f   sfc_debug:sfdb_coverage.obj
 0001:00072a10       sf_debug_cc_mark_state_exit 0000000180073a10 f   sfc_debug:sfdb_coverage.obj
 0001:00072a60       sf_debug_bm_clear_script_breakpoints 0000000180073a60 f   sfc_debug:sfdb_breakpoints.obj
 0001:00072a90       sf_debug_bm_set_script_breakpoint 0000000180073a90 f   sfc_debug:sfdb_breakpoints.obj
 0001:00072b10       sf_debug_bm_clear_single_script_breakpoint 0000000180073b10 f   sfc_debug:sfdb_breakpoints.obj
 0001:00072b90       sf_debug_bm_query_script_breakpoint 0000000180073b90 f   sfc_debug:sfdb_breakpoints.obj
 0001:00072be0       sf_debug_bm_initialize_scripts 0000000180073be0 f   sfc_debug:sfdb_breakpoints.obj
 0001:00073270       sf_debug_bm_terminate      0000000180074270 f   sfc_debug:sfdb_breakpoints.obj
 0001:00073550       sf_debug_bm_remove_all_breakpoints_in_machine 0000000180074550 f   sfc_debug:sfdb_breakpoints.obj
 0001:000735b0       sf_debug_bm_remove_all_breakpoints_in_chart 00000001800745b0 f   sfc_debug:sfdb_breakpoints.obj
 0001:00073700       sf_debug_bm_initialize_global_breakpoints 0000000180074700 f   sfc_debug:sfdb_breakpoints.obj
 0001:00073880       sf_debug_bm_set_breakpoint 0000000180074880 f   sfc_debug:sfdb_breakpoints.obj
 0001:00073e40       sf_debug_bm_set_eml_breakpoint 0000000180074e40 f   sfc_debug:sfdb_breakpoints.obj
 0001:00073ed0       sf_debug_bm_initialize_machine_breakpoint_map 0000000180074ed0 f   sfc_debug:sfdb_breakpoints.obj
 0001:000742f0       sf_debug_bm_is_a_breakpoint 00000001800752f0 f   sfc_debug:sfdb_breakpoints.obj
 0001:00074810       sf_debug_bm_get_all_breakpoints_in_machine 0000000180075810 f   sfc_debug:sfdb_breakpoints.obj
 0001:00074b10       sf_debug_bm_get_all_breakpoints_in_chart 0000000180075b10 f   sfc_debug:sfdb_breakpoints.obj
 0001:000756a0       sf_debug_bm_initialize_machine 00000001800766a0 f   sfc_debug:sfdb_breakpoints.obj
 0001:00075770       sf_debug_bm_initialize_chart 0000000180076770 f   sfc_debug:sfdb_breakpoints.obj
 0001:00075b60       sf_debug_sc_terminate      0000000180076b60 f   sfc_debug:sfdb_state_consistency.obj
 0001:00075e80       sf_debug_sc_is_chart_consistent 0000000180076e80 f   sfc_debug:sfdb_state_consistency.obj
 0001:00076130       sf_debug_sc_get_consistency_error_info 0000000180077130 f   sfc_debug:sfdb_state_consistency.obj
 0001:00076540       sf_debug_tm_terminate      0000000180077540 f   sfc_debug:sfdb_call_stack.obj
 0001:000765f0       sf_debug_tm_push_chart_instance 00000001800775f0 f   sfc_debug:sfdb_call_stack.obj
 0001:00076730       sf_debug_tm_pop_chart_instance 0000000180077730 f   sfc_debug:sfdb_call_stack.obj
 0001:00076790       sf_debug_tm_push_trace_node 0000000180077790 f   sfc_debug:sfdb_call_stack.obj
 0001:00076910       sf_debug_tm_pop_trace_node 0000000180077910 f   sfc_debug:sfdb_call_stack.obj
 0001:00076990       sf_debug_tm_get_current_global_trace_index 0000000180077990 f   sfc_debug:sfdb_call_stack.obj
 0001:000769a0       sf_debug_tm_get_current_local_trace_index 00000001800779a0 f   sfc_debug:sfdb_call_stack.obj
 0001:000769d0       sf_debug_tm_set_cycle_detected_flag 00000001800779d0 f   sfc_debug:sfdb_call_stack.obj
 0001:00076a10       sf_debug_tm_set_cycle_started_flag 0000000180077a10 f   sfc_debug:sfdb_call_stack.obj
 0001:00076a50       sf_debug_tm_get_chart_number_from_stack 0000000180077a50 f   sfc_debug:sfdb_call_stack.obj
 0001:00076c50       sf_debug_tm_browse_trace   0000000180077c50 f   sfc_debug:sfdb_call_stack.obj
 0001:00076f60       sf_debug_cd_initialize_instance 0000000180077f60 f   sfc_debug:sfdb_cycle_detection.obj
 0001:00077210       sf_debug_cd_mark_processed_transition_in_instance 0000000180078210 f   sfc_debug:sfdb_cycle_detection.obj
 0001:000772b0       sf_debug_cd_checksum_push  00000001800782b0 f   sfc_debug:sfdb_cycle_detection.obj
 0001:00077560       sf_debug_cd_checksum_pop   0000000180078560 f   sfc_debug:sfdb_cycle_detection.obj
 0001:000775d0       sf_debug_cd_turn_off_cycle_detection 00000001800785d0 f   sfc_debug:sfdb_cycle_detection.obj
 0001:00077620       sf_debug_cd_terminate      0000000180078620 f   sfc_debug:sfdb_cycle_detection.obj
 0001:00077850       md5_initialize_state       0000000180078850 f   sfc_debug:ckmd5.obj
 0001:000782e0       md5_update_state           00000001800792e0 f   sfc_debug:ckmd5.obj
 0001:00078300       md5_get_hash               0000000180079300 f   sfc_debug:ckmd5.obj
 0001:00078330       md5_get_hash_for_a_single_string 0000000180079330 f   sfc_debug:ckmd5.obj
 0001:00078390       mxGetPr                    0000000180079390 f   libmx:libmx.dll
 0001:00078396       mxSetField_730             0000000180079396 f   libmx:libmx.dll
 0001:0007839c       mxDestroyArray             000000018007939c f   libmx:libmx.dll
 0001:000783a2       mxCreateDoubleMatrix_730   00000001800793a2 f   libmx:libmx.dll
 0001:000783a8       mxCreateDoubleScalar       00000001800793a8 f   libmx:libmx.dll
 0001:000783ae       mxCreateString             00000001800793ae f   libmx:libmx.dll
 0001:000783b4       mxCreateCellMatrix_730     00000001800793b4 f   libmx:libmx.dll
 0001:000783ba       mxCreateStructMatrix_730   00000001800793ba f   libmx:libmx.dll
 0001:000783c0       mxDuplicateArray           00000001800793c0 f   libmx:libmx.dll
 0001:000783c6       mxIsEmpty                  00000001800793c6 f   libmx:libmx.dll
 0001:000783cc       mxCalloc                   00000001800793cc f   libmx:libmx.dll
 0001:000783d2       mxGetClassID               00000001800793d2 f   libmx:libmx.dll
 0001:000783d8       mxIsNumeric                00000001800793d8 f   libmx:libmx.dll
 0001:000783de       mxIsChar                   00000001800793de f   libmx:libmx.dll
 0001:000783e4       mxIsComplex                00000001800793e4 f   libmx:libmx.dll
 0001:000783ea       mxGetM                     00000001800793ea f   libmx:libmx.dll
 0001:000783f0       mxGetN                     00000001800793f0 f   libmx:libmx.dll
 0001:000783f6       mxGetString_730            00000001800793f6 f   libmx:libmx.dll
 0001:000783fc       mxGetScalar                00000001800793fc f   libmx:libmx.dll
 0001:00078402       mxGetString_700            0000000180079402 f   libmx:libmx.dll
 0001:00078408       mxFree                     0000000180079408 f   libmx:libmx.dll
 0001:0007840e       mxArrayToString            000000018007940e f   libmx:libmx.dll
 0001:00078414       mxGetNumberOfElements      0000000180079414 f   libmx:libmx.dll
 0001:0007841a       mxGetField_700             000000018007941a f   libmx:libmx.dll
 0001:00078420       mxSetFieldByNumber_700     0000000180079420 f   libmx:libmx.dll
 0001:00078426       mxCreateStructArray_700    0000000180079426 f   libmx:libmx.dll
 0001:0007842c       mxGetData                  000000018007942c f   libmx:libmx.dll
 0001:00078432       mxCreateNumericArray_700   0000000180079432 f   libmx:libmx.dll
 0001:00078438       mxIsLogical                0000000180079438 f   libmx:libmx.dll
 0001:0007843e       mxCreateDoubleMatrix_700   000000018007943e f   libmx:libmx.dll
 0001:00078444       mxCreateCellMatrix_700     0000000180079444 f   libmx:libmx.dll
 0001:0007844a       mxSetCell_700              000000018007944a f   libmx:libmx.dll
 0001:00078450       mxGetCell_700              0000000180079450 f   libmx:libmx.dll
 0001:00078456       mxGetClassName             0000000180079456 f   libmx:libmx.dll
 0001:0007845c       mxSetField_700             000000018007945c f   libmx:libmx.dll
 0001:00078462       mxAddField                 0000000180079462 f   libmx:libmx.dll
 0001:00078468       mxIsStruct                 0000000180079468 f   libmx:libmx.dll
 0001:0007846e       mxIsA                      000000018007946e f   libmx:libmx.dll
 0001:00078474       mxIsClass                  0000000180079474 f   libmx:libmx.dll
 0001:0007847a       mxGetLogicals              000000018007947a f   libmx:libmx.dll
 0001:00078480       mxIsSparse                 0000000180079480 f   libmx:libmx.dll
 0001:00078486       mxGetFieldByNumber_700     0000000180079486 f   libmx:libmx.dll
 0001:0007848c       mxGetFieldNameByNumber     000000018007948c f   libmx:libmx.dll
 0001:00078492       mxGetNumberOfFields        0000000180079492 f   libmx:libmx.dll
 0001:00078498       mxCreateStructMatrix_700   0000000180079498 f   libmx:libmx.dll
 0001:0007849e       mxGetFieldNumber           000000018007949e f   libmx:libmx.dll
 0001:000784a4       mxIsNaN                    00000001800794a4 f   libmx:libmx.dll
 0001:000784aa       mxGetImagData              00000001800794aa f   libmx:libmx.dll
 0001:000784b0       mxArrayClassIDName         00000001800794b0 f   libmx:libmx.dll
 0001:000784b6       mxCreateNumericMatrix_700  00000001800794b6 f   libmx:libmx.dll
 0001:000784bc       mxCalcSingleSubscript_700  00000001800794bc f   libmx:libmx.dll
 0001:000784c2       mxGetDimensions_700        00000001800794c2 f   libmx:libmx.dll
 0001:000784c8       mxGetNumberOfDimensions_700 00000001800794c8 f   libmx:libmx.dll
 0001:000784ce       mxGetElementSize           00000001800794ce f   libmx:libmx.dll
 0001:000784d4       mxCreateStringFromNChars_700 00000001800794d4 f   libmx:libmx.dll
 0001:000784da       mxIsLogicalScalarTrue      00000001800794da f   libmx:libmx.dll
 0001:000784e0       mxCreateLogicalScalar      00000001800794e0 f   libmx:libmx.dll
 0001:000784e6       mexErrMsgTxt               00000001800794e6 f   libmex:libmex.dll
 0001:000784ec       mexWarnMsgTxt              00000001800794ec f   libmex:libmex.dll
 0001:000784f2       mexCallMATLAB              00000001800794f2 f   libmex:libmex.dll
 0001:000784f8       mexUnlock                  00000001800794f8 f   libmex:libmex.dll
 0001:000784fe       mexIsLocked                00000001800794fe f   libmex:libmex.dll
 0001:00078504       mexMakeArrayPersistent     0000000180079504 f   libmex:libmex.dll
 0001:0007850a       mexLock                    000000018007950a f   libmex:libmex.dll
 0001:00078510       mexMakeMemoryPersistent    0000000180079510 f   libmex:libmex.dll
 0001:00078516       mexSetTrapFlag             0000000180079516 f   libmex:libmex.dll
 0001:0007851c       mexPutVariable             000000018007951c f   libmex:libmex.dll
 0001:00078522       mexGetVariable             0000000180079522 f   libmex:libmex.dll
 0001:00078528       mexFunctionName            0000000180079528 f   libmex:libmex.dll
 0001:0007852e       ssRegisterDataTypeFxpFSlopeFixExpBias 000000018007952e f   libfixedpoint:libfixedpoint.dll
 0001:00078534       ssRegisterDataTypeFxpScaledDouble 0000000180079534 f   libfixedpoint:libfixedpoint.dll
 0001:0007853a       utMalloc                   000000018007953a f   libut:libut.dll
 0001:00078540       utFree                     0000000180079540 f   libut:libut.dll
 0001:00078546       utCPUtime                  0000000180079546 f   libut:libut.dll
 0001:0007854c       utVSNprintf                000000018007954c f   libut:libut.dll
 0001:00078552       utCalloc                   0000000180079552 f   libut:libut.dll
 0001:00078558       utRealloc                  0000000180079558 f   libut:libut.dll
 0001:0007855e       muDoubleScalarAbs          000000018007955e f   libmwmathutil:libmwmathutil.dll
 0001:00078564       muDoubleScalarCos          0000000180079564 f   libmwmathutil:libmwmathutil.dll
 0001:0007856a       muDoubleScalarSin          000000018007956a f   libmwmathutil:libmwmathutil.dll
 0001:00078570       muDoubleScalarAtan         0000000180079570 f   libmwmathutil:libmwmathutil.dll
 0001:00078576       muDoubleScalarAtan2        0000000180079576 f   libmwmathutil:libmwmathutil.dll
 0001:0007857c       muDoubleScalarSqrt         000000018007957c f   libmwmathutil:libmwmathutil.dll
 0001:00078582       emlrtCreateRootTLS         0000000180079582 f   libemlrt:libemlrt.dll
 0001:00078588       emlrtDestroyRootTLS        0000000180079588 f   libemlrt:libemlrt.dll
 0001:0007858e       emlrtCheckBuiltInR2012b    000000018007958e f   libemlrt:libemlrt.dll
 0001:00078594       emlrtCheckVsBuiltInR2012b  0000000180079594 f   libemlrt:libemlrt.dll
 0001:0007859a       emlrtCheckEnumR2012b       000000018007959a f   libemlrt:libemlrt.dll
 0001:000785a0       emlrtCreateEnumR2012b      00000001800795a0 f   libemlrt:libemlrt.dll
 0001:000785a6       emlrtGetEnumElementR2009a  00000001800795a6 f   libemlrt:libemlrt.dll
 0001:000785ac       emlrtCreateReference       00000001800795ac f   libemlrt:libemlrt.dll
 0001:000785b2       emlrtImportVsFiArrayR2009b 00000001800795b2 f   libemlrt:libemlrt.dll
 0001:000785b8       emlrtNameCapturePostProcessR2012a 00000001800795b8 f   libemlrt:libemlrt.dll
 0001:000785be       emlrtExtractMessageId      00000001800795be f   libemlrt:libemlrt.dll
 0001:000785c4       emlrtTranslateMessageIDtoLCPstring 00000001800795c4 f   libemlrt:libemlrt.dll
 0001:000785ca       emlrtForLoopVectorIsValidR2011b 00000001800795ca f   libemlrt:libemlrt.dll
 0001:000785d0       emlrtTranslateUTF16MessagetoLCPstring 00000001800795d0 f   libemlrt:libemlrt.dll
 0001:000785d6       emlrtGetEnumUnderlyingArrayR2009a 00000001800795d6 f   libemlrt:libemlrt.dll
 0001:000785dc       emlrtIsEnumR2009a          00000001800795dc f   libemlrt:libemlrt.dll
 0001:000785e2       memset                     00000001800795e2 f   MSVCRT:MSVCR110.dll
 0001:000785e8       strlen                     00000001800795e8 f   MSVCRT:MSVCR110.dll
 0001:000785f0       __GSHandlerCheck           00000001800795f0 f   MSVCRT:gshandler.obj
 0001:00078610       __GSHandlerCheckCommon     0000000180079610 f   MSVCRT:gshandler.obj
 0001:00078690       _alloca_probe              0000000180079690     MSVCRT:chkstk.obj
 0001:00078690       __chkstk                   0000000180079690 f   MSVCRT:chkstk.obj
 0001:000786f0       __security_check_cookie    00000001800796f0 f   MSVCRT:amdsecgs.obj
 0001:00078710       __raise_securityfailure    0000000180079710 f   MSVCRT:gs_report.obj
 0001:0007875c       __report_gsfailure         000000018007975c f   MSVCRT:gs_report.obj
 0001:00078830       __report_rangecheckfailure 0000000180079830 f   MSVCRT:gs_report.obj
 0001:00078844       __report_securityfailure   0000000180079844 f   MSVCRT:gs_report.obj
 0001:000788e0       __report_securityfailureEx 00000001800798e0 f   MSVCRT:gs_report.obj
 0001:000789ee       memcpy                     00000001800799ee f   MSVCRT:MSVCR110.dll
 0001:000789f4       strcat                     00000001800799f4 f   MSVCRT:MSVCR110.dll
 0001:000789fa       strcmp                     00000001800799fa f   MSVCRT:MSVCR110.dll
 0001:00078a00       sprintf                    0000000180079a00 f   MSVCRT:MSVCR110.dll
 0001:00078a06       free                       0000000180079a06 f   MSVCRT:MSVCR110.dll
 0001:00078a0c       malloc                     0000000180079a0c f   MSVCRT:MSVCR110.dll
 0001:00078a74       NtCurrentTeb               0000000180079a74 f i MSVCRT:crtdll.obj
 0001:00078a80       _CRT_INIT                  0000000180079a80 f   MSVCRT:crtdll.obj
 0001:00078ccc       _DllMainCRTStartup         0000000180079ccc f   MSVCRT:crtdll.obj
 0001:00078e42       _setjmp                    0000000180079e42 f   MSVCRT:MSVCR110.dll
 0001:00078e48       strncpy                    0000000180079e48 f   MSVCRT:MSVCR110.dll
 0001:00078e4e       longjmp                    0000000180079e4e f   MSVCRT:MSVCR110.dll
 0001:00078e54       strncmp                    0000000180079e54 f   MSVCRT:MSVCR110.dll
 0001:00078e5a       ceil                       0000000180079e5a f   MSVCRT:MSVCR110.dll
 0001:00078e60       strrchr                    0000000180079e60 f   MSVCRT:MSVCR110.dll
 0001:00078e66       ldexp                      0000000180079e66 f   MSVCRT:MSVCR110.dll
 0001:00078e6c       __crt_debugger_hook        0000000180079e6c f   MSVCRT:MSVCR110.dll
 0001:00078e72       __crtUnhandledException    0000000180079e72 f   MSVCRT:MSVCR110.dll
 0001:00078e78       __crtTerminateProcess      0000000180079e78 f   MSVCRT:MSVCR110.dll
 0001:00078e7e       __crtCaptureCurrentContext 0000000180079e7e f   MSVCRT:MSVCR110.dll
 0001:00078e84       __crtCapturePreviousContext 0000000180079e84 f   MSVCRT:MSVCR110.dll
 0001:00078e8a       __CppXcptFilter            0000000180079e8a f   MSVCRT:MSVCR110.dll
 0001:00078e90       _amsg_exit                 0000000180079e90 f   MSVCRT:MSVCR110.dll
 0001:00078ea0       _FindPESection             0000000180079ea0 f   MSVCRT:pesect.obj
 0001:00078ef0       _IsNonwritableInCurrentImage 0000000180079ef0 f   MSVCRT:pesect.obj
 0001:00078f40       _ValidateImageBase         0000000180079f40 f   MSVCRT:pesect.obj
 0001:00078f70       __atonexitinit             0000000180079f70 f   MSVCRT:atonexit.obj
 0001:00078fc0       _onexit                    0000000180079fc0 f   MSVCRT:atonexit.obj
 0001:00079070       atexit                     000000018007a070 f   MSVCRT:atonexit.obj
 0001:00079088       __security_init_cookie     000000018007a088 f   MSVCRT:gs_support.obj
 0001:00079140       DllMain                    000000018007a140 f   MSVCRT:dllmain.obj
 0001:00079164       _malloc_crt                000000018007a164 f   MSVCRT:MSVCR110.dll
 0001:0007916c       _RTC_Initialize            000000018007a16c f   MSVCRT:initsect.obj
 0001:000791a4       _RTC_Terminate             000000018007a1a4 f   MSVCRT:initsect.obj
 0001:000791dc       _initterm                  000000018007a1dc f   MSVCRT:MSVCR110.dll
 0001:000791e2       _initterm_e                000000018007a1e2 f   MSVCRT:MSVCR110.dll
 0001:000791e8       __clean_type_info_names    000000018007a1e8 f   MSVCRT:tncleanup.obj
 0001:000791f4       __C_specific_handler       000000018007a1f4 f   MSVCRT:MSVCR110.dll
 0001:000791fa       _lock                      000000018007a1fa f   MSVCRT:MSVCR110.dll
 0001:00079200       _unlock                    000000018007a200 f   MSVCRT:MSVCR110.dll
 0001:00079206       _calloc_crt                000000018007a206 f   MSVCRT:MSVCR110.dll
 0001:0007920c       __dllonexit                000000018007a20c f   MSVCRT:MSVCR110.dll
 0001:00079212       __clean_type_info_names_internal 000000018007a212 f   MSVCRT:MSVCR110.dll
 0001:00079218       IsDebuggerPresent          000000018007a218 f   kernel32:KERNEL32.dll
 0001:0007921e       IsProcessorFeaturePresent  000000018007a21e f   kernel32:KERNEL32.dll
 0001:00079224       EncodePointer              000000018007a224 f   kernel32:KERNEL32.dll
 0001:0007922a       DecodePointer              000000018007a22a f   kernel32:KERNEL32.dll
 0001:00079230       QueryPerformanceCounter    000000018007a230 f   kernel32:KERNEL32.dll
 0001:00079236       GetCurrentThreadId         000000018007a236 f   kernel32:KERNEL32.dll
 0001:0007923c       GetSystemTimeAsFileTime    000000018007a23c f   kernel32:KERNEL32.dll
 0001:00079242       GetTickCount64             000000018007a242 f   kernel32:KERNEL32.dll
 0001:00079248       DisableThreadLibraryCalls  000000018007a248 f   kernel32:KERNEL32.dll
 0002:00000000       __imp_IsProcessorFeaturePresent 000000018007b000     kernel32:KERNEL32.dll
 0002:00000008       __imp_IsDebuggerPresent    000000018007b008     kernel32:KERNEL32.dll
 0002:00000010       __imp_DecodePointer        000000018007b010     kernel32:KERNEL32.dll
 0002:00000018       __imp_QueryPerformanceCounter 000000018007b018     kernel32:KERNEL32.dll
 0002:00000020       __imp_GetCurrentThreadId   000000018007b020     kernel32:KERNEL32.dll
 0002:00000028       __imp_GetSystemTimeAsFileTime 000000018007b028     kernel32:KERNEL32.dll
 0002:00000030       __imp_GetTickCount64       000000018007b030     kernel32:KERNEL32.dll
 0002:00000038       __imp_DisableThreadLibraryCalls 000000018007b038     kernel32:KERNEL32.dll
 0002:00000040       __imp_EncodePointer        000000018007b040     kernel32:KERNEL32.dll
 0002:00000048       \177KERNEL32_NULL_THUNK_DATA 000000018007b048     kernel32:KERNEL32.dll
 0002:00000050       __imp___clean_type_info_names_internal 000000018007b050     MSVCRT:MSVCR110.dll
 0002:00000058       __imp__onexit              000000018007b058     MSVCRT:MSVCR110.dll
 0002:00000060       __imp___dllonexit          000000018007b060     MSVCRT:MSVCR110.dll
 0002:00000068       __imp__calloc_crt          000000018007b068     MSVCRT:MSVCR110.dll
 0002:00000070       __imp__unlock              000000018007b070     MSVCRT:MSVCR110.dll
 0002:00000078       __imp__lock                000000018007b078     MSVCRT:MSVCR110.dll
 0002:00000080       __imp___C_specific_handler 000000018007b080     MSVCRT:MSVCR110.dll
 0002:00000088       __imp__initterm_e          000000018007b088     MSVCRT:MSVCR110.dll
 0002:00000090       __imp__initterm            000000018007b090     MSVCRT:MSVCR110.dll
 0002:00000098       __imp__malloc_crt          000000018007b098     MSVCRT:MSVCR110.dll
 0002:000000a0       __imp__amsg_exit           000000018007b0a0     MSVCRT:MSVCR110.dll
 0002:000000a8       __imp___CppXcptFilter      000000018007b0a8     MSVCRT:MSVCR110.dll
 0002:000000b0       __imp___crtCapturePreviousContext 000000018007b0b0     MSVCRT:MSVCR110.dll
 0002:000000b8       __imp___crtCaptureCurrentContext 000000018007b0b8     MSVCRT:MSVCR110.dll
 0002:000000c0       __imp___crtTerminateProcess 000000018007b0c0     MSVCRT:MSVCR110.dll
 0002:000000c8       __imp___crtUnhandledException 000000018007b0c8     MSVCRT:MSVCR110.dll
 0002:000000d0       __imp___crt_debugger_hook  000000018007b0d0     MSVCRT:MSVCR110.dll
 0002:000000d8       __imp_ldexp                000000018007b0d8     MSVCRT:MSVCR110.dll
 0002:000000e0       __imp_strrchr              000000018007b0e0     MSVCRT:MSVCR110.dll
 0002:000000e8       __imp_ceil                 000000018007b0e8     MSVCRT:MSVCR110.dll
 0002:000000f0       __imp_strncmp              000000018007b0f0     MSVCRT:MSVCR110.dll
 0002:000000f8       __imp_longjmp              000000018007b0f8     MSVCRT:MSVCR110.dll
 0002:00000100       __imp_strncpy              000000018007b100     MSVCRT:MSVCR110.dll
 0002:00000108       __imp__setjmp              000000018007b108     MSVCRT:MSVCR110.dll
 0002:00000110       __imp_malloc               000000018007b110     MSVCRT:MSVCR110.dll
 0002:00000118       __imp_free                 000000018007b118     MSVCRT:MSVCR110.dll
 0002:00000120       __imp_sprintf              000000018007b120     MSVCRT:MSVCR110.dll
 0002:00000128       __imp_strcmp               000000018007b128     MSVCRT:MSVCR110.dll
 0002:00000130       __imp_strcat               000000018007b130     MSVCRT:MSVCR110.dll
 0002:00000138       __imp_memcpy               000000018007b138     MSVCRT:MSVCR110.dll
 0002:00000140       __imp_strlen               000000018007b140     MSVCRT:MSVCR110.dll
 0002:00000148       __imp_memset               000000018007b148     MSVCRT:MSVCR110.dll
 0002:00000150       \177MSVCR110_NULL_THUNK_DATA 000000018007b150     MSVCRT:MSVCR110.dll
[...]
 0004:000034a4       $pdata$get_data_info_helper 000000018009f4a4     sfc_debug:sfdb_symbol_scope.obj
 0004:000034b0       $pdata$1$get_data_info_helper 000000018009f4b0     sfc_debug:sfdb_symbol_scope.obj
 0004:000034bc       $pdata$2$get_data_info_helper 000000018009f4bc     sfc_debug:sfdb_symbol_scope.obj
 0004:000034c8       $pdata$3$get_data_info_helper 000000018009f4c8     sfc_debug:sfdb_symbol_scope.obj
 0004:000034d4       $pdata$4$get_data_info_helper 000000018009f4d4     sfc_debug:sfdb_symbol_scope.obj
 0004:000034e0       $pdata$5$get_data_info_helper 000000018009f4e0     sfc_debug:sfdb_symbol_scope.obj
 0004:000034ec       $pdata$6$get_data_info_helper 000000018009f4ec     sfc_debug:sfdb_symbol_scope.obj
 0004:000034f8       $pdata$sf_debug_ss_get_data_info 000000018009f4f8     sfc_debug:sfdb_symbol_scope.obj
 0004:00003504       $pdata$sf_debug_ss_set_data_value_try 000000018009f504     sfc_debug:sfdb_symbol_scope.obj
 0004:00003510       $pdata$sf_debug_ss_set_data_value 000000018009f510     sfc_debug:sfdb_symbol_scope.obj
 0004:0000351c       $pdata$sf_debug_ss_get_data_value 000000018009f51c     sfc_debug:sfdb_symbol_scope.obj
 0004:00003528       $pdata$getInstanceNumber   000000018009f528     sfc_debug:sfdb_symbol_scope.obj
 0004:00003534       $pdata$sf_debug_ss_watch_data 000000018009f534     sfc_debug:sfdb_symbol_scope.obj
 0004:00003540       $pdata$0$sf_debug_ss_watch_data 000000018009f540     sfc_debug:sfdb_symbol_scope.obj
 0004:0000354c       $pdata$1$sf_debug_ss_watch_data 000000018009f54c     sfc_debug:sfdb_symbol_scope.obj
 0004:00003558       $pdata$2$sf_debug_ss_watch_data 000000018009f558     sfc_debug:sfdb_symbol_scope.obj
 0004:00003564       $pdata$sf_debug_ss_assign_data 000000018009f564     sfc_debug:sfdb_symbol_scope.obj
 0004:00003570       $pdata$sf_debug_ss_data_bytes_string 000000018009f570     sfc_debug:sfdb_symbol_scope.obj
 0004:0000357c       $pdata$sf_debug_ss_data_class_string 000000018009f57c     sfc_debug:sfdb_symbol_scope.obj
 0004:00003588       $pdata$1$sf_debug_ss_data_class_string 000000018009f588     sfc_debug:sfdb_symbol_scope.obj
 0004:00003594       $pdata$2$sf_debug_ss_data_class_string 000000018009f594     sfc_debug:sfdb_symbol_scope.obj
 0004:000035a0       $pdata$3$sf_debug_ss_data_class_string 000000018009f5a0     sfc_debug:sfdb_symbol_scope.obj
 0004:000035ac       $pdata$4$sf_debug_ss_data_class_string 000000018009f5ac     sfc_debug:sfdb_symbol_scope.obj
 0004:000035b8       $pdata$sf_debug_ss_data_size_string 000000018009f5b8     sfc_debug:sfdb_symbol_scope.obj
 0004:000035c4       $pdata$0$sf_debug_ss_data_size_string 000000018009f5c4     sfc_debug:sfdb_symbol_scope.obj
 0004:000035d0       $pdata$1$sf_debug_ss_data_size_string 000000018009f5d0     sfc_debug:sfdb_symbol_scope.obj
 0004:000035dc       $pdata$sf_debug_ss_data_create_data_info_struct 000000018009f5dc     sfc_debug:sfdb_symbol_scope.obj
 0004:000035e8       $pdata$1$sf_debug_ss_data_create_data_info_struct 000000018009f5e8     sfc_debug:sfdb_symbol_scope.obj
 0004:000035f4       $pdata$2$sf_debug_ss_data_create_data_info_struct 000000018009f5f4     sfc_debug:sfdb_symbol_scope.obj
 0004:00003600       $pdata$sf_debug_ss_data_create_name_value_pair 000000018009f600     sfc_debug:sfdb_symbol_scope.obj
 0004:0000360c       $pdata$same_named_data_in_data_array 000000018009f60c     sfc_debug:sfdb_symbol_scope.obj
 0004:00003618       $pdata$sf_debug_ss_whos    000000018009f618     sfc_debug:sfdb_symbol_scope.obj
 0004:00003624       $pdata$sf_debug_cc_initialize_chart 000000018009f624     sfc_debug:sfdb_coverage.obj
 0004:00003630       $pdata$1$sf_debug_cc_initialize_chart 000000018009f630     sfc_debug:sfdb_coverage.obj
 0004:0000363c       $pdata$2$sf_debug_cc_initialize_chart 000000018009f63c     sfc_debug:sfdb_coverage.obj
 0004:00003648       $pdata$sf_debug_cc_initialize_instance 000000018009f648     sfc_debug:sfdb_coverage.obj
 0004:00003654       $pdata$2$sf_debug_cc_initialize_instance 000000018009f654     sfc_debug:sfdb_coverage.obj
 0004:00003660       $pdata$3$sf_debug_cc_initialize_instance 000000018009f660     sfc_debug:sfdb_coverage.obj
 0004:0000366c       $pdata$4$sf_debug_cc_initialize_instance 000000018009f66c     sfc_debug:sfdb_coverage.obj
 0004:00003678       $pdata$sf_debug_cc_terminate_chart 000000018009f678     sfc_debug:sfdb_coverage.obj
 0004:00003684       $pdata$0$sf_debug_cc_terminate_chart 000000018009f684     sfc_debug:sfdb_coverage.obj
 0004:00003690       $pdata$2$sf_debug_cc_terminate_chart 000000018009f690     sfc_debug:sfdb_coverage.obj
 0004:0000369c       $pdata$3$sf_debug_cc_terminate_chart 000000018009f69c     sfc_debug:sfdb_coverage.obj
 0004:000036a8       $pdata$4$sf_debug_cc_terminate_chart 000000018009f6a8     sfc_debug:sfdb_coverage.obj
 0004:000036b4       $pdata$sf_debug_cc_terminate_instance 000000018009f6b4     sfc_debug:sfdb_coverage.obj
 0004:000036c0       $pdata$sf_debug_cc_terminate 000000018009f6c0     sfc_debug:sfdb_coverage.obj
 0004:000036cc       $pdata$5$sf_debug_cc_terminate 000000018009f6cc     sfc_debug:sfdb_coverage.obj
 0004:000036d8       $pdata$6$sf_debug_cc_terminate 000000018009f6d8     sfc_debug:sfdb_coverage.obj
 0004:000036e4       $pdata$sf_debug_cc_set_transition_maps 000000018009f6e4     sfc_debug:sfdb_coverage.obj
 0004:000036f0       $pdata$sf_debug_cc_set_transition_weights 000000018009f6f0     sfc_debug:sfdb_coverage.obj
 0004:000036fc       $pdata$sf_debug_cc_set_state_weights 000000018009f6fc     sfc_debug:sfdb_coverage.obj
 0004:00003708       $pdata$sf_debug_cc_mark_object_if_needed 000000018009f708     sfc_debug:sfdb_coverage.obj
 0004:00003714       $pdata$sf_debug_cc_mark_transition_guard 000000018009f714     sfc_debug:sfdb_coverage.obj
 0004:00003720       $pdata$sf_debug_cc_mark_transition_trigger 000000018009f720     sfc_debug:sfdb_coverage.obj
 0004:0000372c       $pdata$sf_debug_cc_mark_transition_decision 000000018009f72c     sfc_debug:sfdb_coverage.obj
 0004:00003738       $pdata$sf_debug_bm_clear_script_breakpoints 000000018009f738     sfc_debug:sfdb_breakpoints.obj
 0004:00003744       $pdata$sf_debug_bm_set_script_breakpoint 000000018009f744     sfc_debug:sfdb_breakpoints.obj
 0004:00003750       $pdata$sf_debug_bm_clear_single_script_breakpoint 000000018009f750     sfc_debug:sfdb_breakpoints.obj
 0004:0000375c       $pdata$sf_debug_bm_query_script_breakpoint 000000018009f75c     sfc_debug:sfdb_breakpoints.obj
 0004:00003768       $pdata$sf_debug_bm_initialize_scripts 000000018009f768     sfc_debug:sfdb_breakpoints.obj
 0004:00003774       $pdata$0$sf_debug_bm_initialize_scripts 000000018009f774     sfc_debug:sfdb_breakpoints.obj
 0004:00003780       $pdata$2$sf_debug_bm_initialize_scripts 000000018009f780     sfc_debug:sfdb_breakpoints.obj
 0004:0000378c       $pdata$3$sf_debug_bm_initialize_scripts 000000018009f78c     sfc_debug:sfdb_breakpoints.obj
 0004:00003798       $pdata$4$sf_debug_bm_initialize_scripts 000000018009f798     sfc_debug:sfdb_breakpoints.obj
 0004:000037a4       $pdata$sf_debug_bm_initialize_eml 000000018009f7a4     sfc_debug:sfdb_breakpoints.obj
 0004:000037b0       $pdata$0$sf_debug_bm_initialize_eml 000000018009f7b0     sfc_debug:sfdb_breakpoints.obj
 0004:000037bc       $pdata$1$sf_debug_bm_initialize_eml 000000018009f7bc     sfc_debug:sfdb_breakpoints.obj
 0004:000037c8       $pdata$sf_debug_bm_terminate 000000018009f7c8     sfc_debug:sfdb_breakpoints.obj
 0004:000037d4       $pdata$2$sf_debug_bm_terminate 000000018009f7d4     sfc_debug:sfdb_breakpoints.obj
 0004:000037e0       $pdata$6$sf_debug_bm_terminate 000000018009f7e0     sfc_debug:sfdb_breakpoints.obj
 0004:000037ec       $pdata$7$sf_debug_bm_terminate 000000018009f7ec     sfc_debug:sfdb_breakpoints.obj
 0004:000037f8       $pdata$8$sf_debug_bm_terminate 000000018009f7f8     sfc_debug:sfdb_breakpoints.obj
 0004:00003804       $pdata$sf_debug_bm_remove_all_breakpoints_in_machine 000000018009f804     sfc_debug:sfdb_breakpoints.obj
 0004:00003810       $pdata$sf_debug_bm_remove_all_breakpoints_in_chart 000000018009f810     sfc_debug:sfdb_breakpoints.obj
 0004:0000381c       $pdata$sf_debug_bm_initialize_global_breakpoints 000000018009f81c     sfc_debug:sfdb_breakpoints.obj
 0004:00003828       $pdata$sf_debug_bm_set_breakpoint 000000018009f828     sfc_debug:sfdb_breakpoints.obj
 0004:00003834       $pdata$0$sf_debug_bm_set_breakpoint 000000018009f834     sfc_debug:sfdb_breakpoints.obj
 0004:00003840       $pdata$1$sf_debug_bm_set_breakpoint 000000018009f840     sfc_debug:sfdb_breakpoints.obj
 0004:0000384c       $pdata$2$sf_debug_bm_set_breakpoint 000000018009f84c     sfc_debug:sfdb_breakpoints.obj
 0004:00003858       $pdata$3$sf_debug_bm_set_breakpoint 000000018009f858     sfc_debug:sfdb_breakpoints.obj
 0004:00003864       $pdata$sf_debug_bm_set_eml_breakpoint 000000018009f864     sfc_debug:sfdb_breakpoints.obj
 0004:00003870       $pdata$sf_debug_bm_map_debug_tag_to_breakpoint_tag 000000018009f870     sfc_debug:sfdb_breakpoints.obj
 0004:0000387c       $pdata$sf_debug_bm_is_a_eml_breakpoint_impl 000000018009f87c     sfc_debug:sfdb_breakpoints.obj
 0004:00003888       $pdata$sf_debug_bm_is_a_breakpoint 000000018009f888     sfc_debug:sfdb_breakpoints.obj
 0004:00003894       $pdata$1$sf_debug_bm_is_a_breakpoint 000000018009f894     sfc_debug:sfdb_breakpoints.obj
 0004:000038a0       $pdata$2$sf_debug_bm_is_a_breakpoint 000000018009f8a0     sfc_debug:sfdb_breakpoints.obj
 0004:000038ac       $pdata$3$sf_debug_bm_is_a_breakpoint 000000018009f8ac     sfc_debug:sfdb_breakpoints.obj
 0004:000038b8       $pdata$4$sf_debug_bm_is_a_breakpoint 000000018009f8b8     sfc_debug:sfdb_breakpoints.obj
 0004:000038c4       $pdata$5$sf_debug_bm_is_a_breakpoint 000000018009f8c4     sfc_debug:sfdb_breakpoints.obj
 0004:000038d0       $pdata$sf_debug_bm_get_all_breakpoints_in_machine 000000018009f8d0     sfc_debug:sfdb_breakpoints.obj
 0004:000038dc       $pdata$0$sf_debug_bm_get_all_breakpoints_in_machine 000000018009f8dc     sfc_debug:sfdb_breakpoints.obj
 0004:000038e8       $pdata$1$sf_debug_bm_get_all_breakpoints_in_machine 000000018009f8e8     sfc_debug:sfdb_breakpoints.obj
 0004:000038f4       $pdata$2$sf_debug_bm_get_all_breakpoints_in_machine 000000018009f8f4     sfc_debug:sfdb_breakpoints.obj
 0004:00003900       $pdata$3$sf_debug_bm_get_all_breakpoints_in_machine 000000018009f900     sfc_debug:sfdb_breakpoints.obj
 0004:0000390c       $pdata$sf_debug_bm_get_all_breakpoints_in_chart 000000018009f90c     sfc_debug:sfdb_breakpoints.obj
 0004:00003918       $pdata$4$sf_debug_bm_get_all_breakpoints_in_chart 000000018009f918     sfc_debug:sfdb_breakpoints.obj
 0004:00003924       $pdata$5$sf_debug_bm_get_all_breakpoints_in_chart 000000018009f924     sfc_debug:sfdb_breakpoints.obj
 0004:00003930       $pdata$6$sf_debug_bm_get_all_breakpoints_in_chart 000000018009f930     sfc_debug:sfdb_breakpoints.obj
 0004:0000393c       $pdata$7$sf_debug_bm_get_all_breakpoints_in_chart 000000018009f93c     sfc_debug:sfdb_breakpoints.obj
 0004:00003948       $pdata$8$sf_debug_bm_get_all_breakpoints_in_chart 000000018009f948     sfc_debug:sfdb_breakpoints.obj
 0004:00003954       $pdata$sf_debug_bm_initialize_machine 000000018009f954     sfc_debug:sfdb_breakpoints.obj
 0004:00003960       $pdata$sf_debug_bm_initialize_chart 000000018009f960     sfc_debug:sfdb_breakpoints.obj
 0004:0000396c       $pdata$sf_debug_sc_push_on_error_stack 000000018009f96c     sfc_debug:sfdb_state_consistency.obj
 0004:00003978       $pdata$sf_debug_sc_terminate 000000018009f978     sfc_debug:sfdb_state_consistency.obj
 0004:00003984       $pdata$6$sf_debug_sc_terminate 000000018009f984     sfc_debug:sfdb_state_consistency.obj
 0004:00003990       $pdata$7$sf_debug_sc_terminate 000000018009f990     sfc_debug:sfdb_state_consistency.obj
 0004:0000399c       $pdata$sf_debug_sc_is_state_inconsistent 000000018009f99c     sfc_debug:sfdb_state_consistency.obj
 0004:000039a8       $pdata$0$sf_debug_sc_is_state_inconsistent 000000018009f9a8     sfc_debug:sfdb_state_consistency.obj
 0004:000039b4       $pdata$1$sf_debug_sc_is_state_inconsistent 000000018009f9b4     sfc_debug:sfdb_state_consistency.obj
 0004:000039c0       $pdata$sf_debug_sc_is_chart_consistent 000000018009f9c0     sfc_debug:sfdb_state_consistency.obj
 0004:000039cc       $pdata$sf_debug_sc_fill_consistency_info 000000018009f9cc     sfc_debug:sfdb_state_consistency.obj
 0004:000039d8       $pdata$1$sf_debug_sc_fill_consistency_info 000000018009f9d8     sfc_debug:sfdb_state_consistency.obj
 0004:000039e4       $pdata$2$sf_debug_sc_fill_consistency_info 000000018009f9e4     sfc_debug:sfdb_state_consistency.obj
 0004:000039f0       $pdata$sf_debug_sc_get_consistency_error_info 000000018009f9f0     sfc_debug:sfdb_state_consistency.obj
 0004:000039fc       $pdata$3$sf_debug_sc_get_consistency_error_info 000000018009f9fc     sfc_debug:sfdb_state_consistency.obj
 0004:00003a08       $pdata$4$sf_debug_sc_get_consistency_error_info 000000018009fa08     sfc_debug:sfdb_state_consistency.obj
 0004:00003a14       $pdata$sf_debug_tm_terminate 000000018009fa14     sfc_debug:sfdb_call_stack.obj
 0004:00003a20       $pdata$0$sf_debug_tm_terminate 000000018009fa20     sfc_debug:sfdb_call_stack.obj
 0004:00003a2c       $pdata$1$sf_debug_tm_terminate 000000018009fa2c     sfc_debug:sfdb_call_stack.obj
 0004:00003a38       $pdata$2$sf_debug_tm_terminate 000000018009fa38     sfc_debug:sfdb_call_stack.obj
 0004:00003a44       $pdata$3$sf_debug_tm_terminate 000000018009fa44     sfc_debug:sfdb_call_stack.obj
 0004:00003a50       $pdata$sf_debug_tm_push_chart_instance 000000018009fa50     sfc_debug:sfdb_call_stack.obj
 0004:00003a5c       $pdata$1$sf_debug_tm_push_chart_instance 000000018009fa5c     sfc_debug:sfdb_call_stack.obj
 0004:00003a68       $pdata$2$sf_debug_tm_push_chart_instance 000000018009fa68     sfc_debug:sfdb_call_stack.obj
 0004:00003a74       $pdata$sf_debug_tm_push_trace_node 000000018009fa74     sfc_debug:sfdb_call_stack.obj
 0004:00003a80       $pdata$0$sf_debug_tm_push_trace_node 000000018009fa80     sfc_debug:sfdb_call_stack.obj
 0004:00003a8c       $pdata$7$sf_debug_tm_push_trace_node 000000018009fa8c     sfc_debug:sfdb_call_stack.obj
 0004:00003a98       $pdata$8$sf_debug_tm_push_trace_node 000000018009fa98     sfc_debug:sfdb_call_stack.obj
 0004:00003aa4       $pdata$sf_debug_tm_fill_local_trace 000000018009faa4     sfc_debug:sfdb_call_stack.obj
 0004:00003ab0       $pdata$1$sf_debug_tm_fill_local_trace 000000018009fab0     sfc_debug:sfdb_call_stack.obj
 0004:00003abc       $pdata$2$sf_debug_tm_fill_local_trace 000000018009fabc     sfc_debug:sfdb_call_stack.obj
 0004:00003ac8       $pdata$sf_debug_tm_browse_trace 000000018009fac8     sfc_debug:sfdb_call_stack.obj
 0004:00003ad4       $pdata$4$sf_debug_tm_browse_trace 000000018009fad4     sfc_debug:sfdb_call_stack.obj
 0004:00003ae0       $pdata$5$sf_debug_tm_browse_trace 000000018009fae0     sfc_debug:sfdb_call_stack.obj
 0004:00003aec       $pdata$sf_debug_cd_initialize_instance 000000018009faec     sfc_debug:sfdb_cycle_detection.obj
 0004:00003af8       $pdata$sf_debug_cd_terminate_instance 000000018009faf8     sfc_debug:sfdb_cycle_detection.obj
 0004:00003b04       $pdata$sf_debug_cd_free_checksum_stack 000000018009fb04     sfc_debug:sfdb_cycle_detection.obj
 0004:00003b10       $pdata$0$sf_debug_cd_free_checksum_stack 000000018009fb10     sfc_debug:sfdb_cycle_detection.obj
 0004:00003b1c       $pdata$1$sf_debug_cd_free_checksum_stack 000000018009fb1c     sfc_debug:sfdb_cycle_detection.obj
 0004:00003b28       $pdata$sf_debug_cd_reset_pack_strings 000000018009fb28     sfc_debug:sfdb_cycle_detection.obj
 0004:00003b34       $pdata$6$sf_debug_cd_reset_pack_strings 000000018009fb34     sfc_debug:sfdb_cycle_detection.obj
 0004:00003b40       $pdata$7$sf_debug_cd_reset_pack_strings 000000018009fb40     sfc_debug:sfdb_cycle_detection.obj
 0004:00003b4c       $pdata$sf_debug_cd_mark_processed_transition_in_instance 000000018009fb4c     sfc_debug:sfdb_cycle_detection.obj
 0004:00003b58       $pdata$sf_debug_cd_checksum_push 000000018009fb58     sfc_debug:sfdb_cycle_detection.obj
 0004:00003b64       $pdata$4$sf_debug_cd_checksum_push 000000018009fb64     sfc_debug:sfdb_cycle_detection.obj
 0004:00003b70       $pdata$5$sf_debug_cd_checksum_push 000000018009fb70     sfc_debug:sfdb_cycle_detection.obj
 0004:00003b7c       $pdata$sf_debug_cd_checksum_pop 000000018009fb7c     sfc_debug:sfdb_cycle_detection.obj
 0004:00003b88       $pdata$0$sf_debug_cd_checksum_pop 000000018009fb88     sfc_debug:sfdb_cycle_detection.obj
 0004:00003b94       $pdata$1$sf_debug_cd_checksum_pop 000000018009fb94     sfc_debug:sfdb_cycle_detection.obj
 0004:00003ba0       $pdata$sf_debug_cd_turn_off_cycle_detection 000000018009fba0     sfc_debug:sfdb_cycle_detection.obj
 0004:00003bac       $pdata$0$sf_debug_cd_turn_off_cycle_detection 000000018009fbac     sfc_debug:sfdb_cycle_detection.obj
 0004:00003bb8       $pdata$1$sf_debug_cd_turn_off_cycle_detection 000000018009fbb8     sfc_debug:sfdb_cycle_detection.obj
 0004:00003bc4       $pdata$sf_debug_cd_terminate 000000018009fbc4     sfc_debug:sfdb_cycle_detection.obj
 0004:00003bd0       $pdata$5$sf_debug_cd_terminate 000000018009fbd0     sfc_debug:sfdb_cycle_detection.obj
 0004:00003bdc       $pdata$6$sf_debug_cd_terminate 000000018009fbdc     sfc_debug:sfdb_cycle_detection.obj
 0004:00003be8       $pdata$MD5Transform        000000018009fbe8     sfc_debug:ckmd5.obj
 0004:00003bf4       $pdata$md5file_addn        000000018009fbf4     sfc_debug:ckmd5.obj
 0004:00003c00       $pdata$md5file_hash        000000018009fc00     sfc_debug:ckmd5.obj
 0004:00003c0c       $pdata$md5_get_hash        000000018009fc0c     sfc_debug:ckmd5.obj
 0004:00003c18       $pdata$md5_get_hash_for_a_single_string 000000018009fc18     sfc_debug:ckmd5.obj
 0004:00003c24       $pdata$__GSHandlerCheck    000000018009fc24     MSVCRT:gshandler.obj
 0004:00003c30       $pdata$__GSHandlerCheckCommon 000000018009fc30     MSVCRT:gshandler.obj
 0004:00003c54       $pdata$__raise_securityfailure 000000018009fc54     MSVCRT:gs_report.obj
 0004:00003c60       $pdata$__report_gsfailure  000000018009fc60     MSVCRT:gs_report.obj
 0004:00003c6c       $pdata$__report_rangecheckfailure 000000018009fc6c     MSVCRT:gs_report.obj
 0004:00003c78       $pdata$__report_securityfailure 000000018009fc78     MSVCRT:gs_report.obj
 0004:00003c84       $pdata$__report_securityfailureEx 000000018009fc84     MSVCRT:gs_report.obj
 0004:00003c90       $pdata$pre_c_init          000000018009fc90     MSVCRT:crtdll.obj
 0004:00003c9c       $pdata$_CRT_INIT           000000018009fc9c     MSVCRT:crtdll.obj
 0004:00003ca8       $pdata$_DllMainCRTStartup  000000018009fca8     MSVCRT:crtdll.obj
 0004:00003cb4       $pdata$__DllMainCRTStartup 000000018009fcb4     MSVCRT:crtdll.obj
 0004:00003cc0       $pdata$_IsNonwritableInCurrentImage 000000018009fcc0     MSVCRT:pesect.obj
 0004:00003ccc       $pdata$__atonexitinit      000000018009fccc     MSVCRT:atonexit.obj
 0004:00003cd8       $pdata$_onexit             000000018009fcd8     MSVCRT:atonexit.obj
 0004:00003ce4       $pdata$atexit              000000018009fce4     MSVCRT:atonexit.obj
 0004:00003cf0       $pdata$__security_init_cookie 000000018009fcf0     MSVCRT:gs_support.obj
 0004:00003cfc       $pdata$DllMain             000000018009fcfc     MSVCRT:dllmain.obj
 0004:00003d08       $pdata$_RTC_Initialize     000000018009fd08     MSVCRT:initsect.obj
 0004:00003d14       $pdata$_RTC_Terminate      000000018009fd14     MSVCRT:initsect.obj
 0004:00003d20       $pdata$__DllMainCRTStartup$filt$0 000000018009fd20     MSVCRT:crtdll.obj
 0004:00003d2c       $pdata$__DllMainCRTStartup$fin$1 000000018009fd2c     MSVCRT:crtdll.obj
 0004:00003d38       $pdata$_IsNonwritableInCurrentImage$filt$0 000000018009fd38     MSVCRT:pesect.obj
 0004:00003d44       $pdata$_onexit$fin$0       000000018009fd44     MSVCRT:atonexit.obj
