 test_sfun

 Timestamp is 539ad2d9 (Fri Jun 13 12:30:49 2014)

 Preferred load address is 0000000180000000

 Start         Length     Name                   Class
 0001:00000000 0007978eH .text                   CODE
 0001:00079790 0000007bH .text$x                 CODE
 0002:00000000 000004a0H .idata$5                DATA
 0002:000004a0 00000008H .CRT$XCA                DATA
 0002:000004a8 00000008H .CRT$XCZ                DATA
 0002:000004b0 00000008H .CRT$XIA                DATA
 0002:000004b8 00000008H .CRT$XIAA               DATA
 0002:000004c0 00000008H .CRT$XIC                DATA
 0002:000004c8 00000008H .CRT$XIZ                DATA
 0002:000004d0 00004cb0H .rdata                  DATA
 0002:00005180 00000008H .rtc$IAA                DATA
 0002:00005188 00000008H .rtc$IZZ                DATA
 0002:00005190 00000008H .rtc$TAA                DATA
 0002:00005198 00000008H .rtc$TZZ                DATA
 0002:000051a0 00004c34H .xdata                  DATA
 0002:00009dd4 000000a0H .idata$2                DATA
 0002:00009e74 00000014H .idata$3                DATA
 0002:00009e88 000004a0H .idata$4                DATA
 0002:0000a328 00000af6H .idata$6                DATA
 0002:0000ae20 0000004fH .edata                  DATA
 0003:00000000 00013318H .data                   DATA
 0003:00013320 00002558H .bss                    DATA
 0004:00000000 00003d80H .pdata                  DATA

  Address         Publics by Value              Rva+Base               Lib:Object

 0000:00000000       ___safe_se_handler_table   0000000000000000     <absolute>
 0000:00000000       ___safe_se_handler_count   0000000000000000     <absolute>
 0000:00000000       __ImageBase                0000000180000000     <linker-defined>
 0001:00000000       sf_c1_test_get_eml_resolved_functions_info 0000000180001000 f   c1_test.obj
 0001:00000440       sf_c1_test_get_check_sum   0000000180001440 f   c1_test.obj
 0001:00000510       c1_test_method_dispatcher  0000000180001510 f   c1_test.obj
 0001:0000c350       sf_c1_test_get_autoinheritance_info 000000018000d350 f   c1_test.obj
 0001:0000cb60       sf_c1_test_third_party_uses_info 000000018000db60 f   c1_test.obj
 0001:0000d980       sf_internal_get_sim_state_c1_test 000000018000e980 f   c1_test.obj
 0001:0000dad0       sf_internal_set_sim_state_c1_test 000000018000ead0 f   c1_test.obj
 0001:0000e630       sf_c2_test_get_eml_resolved_functions_info 000000018000f630 f   c2_test.obj
 0001:0000ea80       sf_c2_test_get_check_sum   000000018000fa80 f   c2_test.obj
 0001:0000eb50       c2_test_method_dispatcher  000000018000fb50 f   c2_test.obj
 0001:00020200       sf_c2_test_get_autoinheritance_info 0000000180021200 f   c2_test.obj
 0001:00021200       sf_c2_test_third_party_uses_info 0000000180022200 f   c2_test.obj
 0001:00022ab0       sf_internal_get_sim_state_c2_test 0000000180023ab0 f   c2_test.obj
 0001:00022c00       sf_internal_set_sim_state_c2_test 0000000180023c00 f   c2_test.obj
 0001:000238d0       sf_c3_test_get_eml_resolved_functions_info 00000001800248d0 f   c3_test.obj
 0001:00023d00       sf_c3_test_get_check_sum   0000000180024d00 f   c3_test.obj
 0001:00023dd0       c3_test_method_dispatcher  0000000180024dd0 f   c3_test.obj
 0001:00028e60       sf_c3_test_get_autoinheritance_info 0000000180029e60 f   c3_test.obj
 0001:000293c0       sf_c3_test_third_party_uses_info 000000018002a3c0 f   c3_test.obj
 0001:0002a170       sf_internal_get_sim_state_c3_test 000000018002b170 f   c3_test.obj
 0001:0002a2c0       sf_internal_set_sim_state_c3_test 000000018002b2c0 f   c3_test.obj
 0001:0002ada0       sf_c4_test_get_eml_resolved_functions_info 000000018002bda0 f   c4_test.obj
 0001:0002b1d0       sf_c4_test_get_check_sum   000000018002c1d0 f   c4_test.obj
 0001:0002b2a0       c4_test_method_dispatcher  000000018002c2a0 f   c4_test.obj
 0001:0002fa00       sf_c4_test_get_autoinheritance_info 0000000180030a00 f   c4_test.obj
 0001:00030b60       sf_c4_test_third_party_uses_info 0000000180031b60 f   c4_test.obj
 0001:00032480       sf_internal_get_sim_state_c4_test 0000000180033480 f   c4_test.obj
 0001:000325d0       sf_internal_set_sim_state_c4_test 00000001800335d0 f   c4_test.obj
 0001:000332a0       sf_c5_test_get_eml_resolved_functions_info 00000001800342a0 f   c5_test.obj
 0001:000336d0       sf_c5_test_get_check_sum   00000001800346d0 f   c5_test.obj
 0001:000337a0       c5_test_method_dispatcher  00000001800347a0 f   c5_test.obj
 0001:0003b710       sf_c5_test_get_autoinheritance_info 000000018003c710 f   c5_test.obj
 0001:0003c1c0       sf_c5_test_third_party_uses_info 000000018003d1c0 f   c5_test.obj
 0001:0003d5c0       sf_internal_get_sim_state_c5_test 000000018003e5c0 f   c5_test.obj
 0001:0003d710       sf_internal_set_sim_state_c5_test 000000018003e710 f   c5_test.obj
 0001:0003e1f0       sf_c6_test_get_eml_resolved_functions_info 000000018003f1f0 f   c6_test.obj
 0001:0003ef20       sf_c6_test_get_check_sum   000000018003ff20 f   c6_test.obj
 0001:0003eff0       c6_test_method_dispatcher  000000018003fff0 f   c6_test.obj
 0001:000438f0       sf_c6_test_get_autoinheritance_info 00000001800448f0 f   c6_test.obj
 0001:000444f0       sf_c6_test_third_party_uses_info 00000001800454f0 f   c6_test.obj
 0001:00045be0       sf_internal_get_sim_state_c6_test 0000000180046be0 f   c6_test.obj
 0001:00045d30       sf_internal_set_sim_state_c6_test 0000000180046d30 f   c6_test.obj
 0001:00046910       mexFunction                0000000180047910 f   test_sfun_registry.obj
 0001:00047ab0       _ssSetInputPortDirectFeedThroughFcn 0000000180048ab0 f   test_sfun_registry.obj
 0001:00047c10       _ssGetInputPortSignalPtrsFcn 0000000180048c10 f   test_sfun_registry.obj
 0001:00047e30       _ssGetInputPortSignalFcn   0000000180048e30 f   test_sfun_registry.obj
 0001:00048050       _ssSetInputPortReusableFcn 0000000180049050 f   test_sfun_registry.obj
 0001:00048130       _ssSetOutputPortReusableFcn 0000000180049130 f   test_sfun_registry.obj
 0001:00048210       ssGetIsZeroCrossControlDisabled 0000000180049210 f   test_sfun_registry.obj
 0001:00048280       ssSetIsInputPortUsedForContZcSignal 0000000180049280 f   test_sfun_registry.obj
 0001:000482f0       ssSetZcSignalIsZcElementDisc 00000001800492f0 f   test_sfun_registry.obj
 0001:000483a0       ssSetZcSignalName          00000001800493a0 f   test_sfun_registry.obj
 0001:00048410       ssSetZcSignalWidth         0000000180049410 f   test_sfun_registry.obj
 0001:00048480       ssSetZcSignalZcEventType   0000000180049480 f   test_sfun_registry.obj
 0001:000484f0       ssSetZcSignalType          00000001800494f0 f   test_sfun_registry.obj
 0001:00048560       ssSetZcSignalZcTol         0000000180049560 f   test_sfun_registry.obj
 0001:000485d0       ssSetZcSignalNeedsEventNotification 00000001800495d0 f   test_sfun_registry.obj
 0001:00048640       ssCreateAndAddZcSignalInfo 0000000180049640 f   test_sfun_registry.obj
 0001:000486b0       ssCloneAndAddZcSignalInfo  00000001800496b0 f   test_sfun_registry.obj
 0001:00048720       ssGetNumZcSignals          0000000180049720 f   test_sfun_registry.obj
 0001:00048790       ssGetZcSignalVector        0000000180049790 f   test_sfun_registry.obj
 0001:00048800       ssGetZcSignalName          0000000180049800 f   test_sfun_registry.obj
 0001:00048870       ssGetZcSignalWidth         0000000180049870 f   test_sfun_registry.obj
 0001:000488e0       ssGetZcSignalZcEventType   00000001800498e0 f   test_sfun_registry.obj
 0001:00048950       ssGetZcSignalZcEvents      0000000180049950 f   test_sfun_registry.obj
 0001:000489c0       ssGetZcSignalType          00000001800499c0 f   test_sfun_registry.obj
 0001:00048a30       ssGetZcSignalZcTol         0000000180049a30 f   test_sfun_registry.obj
 0001:00048ab0       ssGetZcSignalNeedsEventNotification 0000000180049ab0 f   test_sfun_registry.obj
 0001:00048b20       ssGetZcSignalIsZcElementDisc 0000000180049b20 f   test_sfun_registry.obj
 0001:00048bc0       ssGetIsInputPortElementContinuous 0000000180049bc0 f   test_sfun_registry.obj
 0001:00048c60       ssGetDTypeIdFromMxArray    0000000180049c60 f   test_sfun_registry.obj
 0001:00048d80       ssWriteRTWStr              0000000180049d80 f   test_sfun_registry.obj
 0001:00048de0       ssWriteRTWNameValuePair    0000000180049de0 f   test_sfun_registry.obj
 0001:000492e0       ssWriteRTWParamSettings    000000018004a2e0 f   test_sfun_registry.obj
 0001:000499d0       ssWriteRTWParameters       000000018004a9d0 f   test_sfun_registry.obj
 0001:00049fa0       ssWriteRTWWorkVect         000000018004afa0 f   test_sfun_registry.obj
 0001:0004a490       ssWriteRTWMxVectParam      000000018004b490 f   test_sfun_registry.obj
 0001:0004a510       ssWriteRTWMx2dMatParam     000000018004b510 f   test_sfun_registry.obj
 0001:0004a5a0       _ssSetInputPortMatrixDimensions 000000018004b5a0 f   test_sfun_registry.obj
 0001:0004a6a0       _ssSetOutputPortMatrixDimensions 000000018004b6a0 f   test_sfun_registry.obj
 0001:0004a7a0       _ssSetInputPortVectorDimension 000000018004b7a0 f   test_sfun_registry.obj
 0001:0004a850       _ssSetOutputPortVectorDimension 000000018004b850 f   test_sfun_registry.obj
 0001:0004a900       ssIsRunTimeParamTunable    000000018004b900 f   test_sfun_registry.obj
 0001:0004a970       ssGetSFuncBlockHandle      000000018004b970 f   test_sfun_registry.obj
 0001:0004a9e0       _ssGetCurrentInputPortWidth 000000018004b9e0 f   test_sfun_registry.obj
 0001:0004ab00       _ssGetCurrentOutputPortWidth 000000018004bb00 f   test_sfun_registry.obj
 0001:0004ac20       _ssGetCallSystemNumFcnCallDestinations 000000018004bc20 f   test_sfun_registry.obj
 0001:0004ac90       ssWarning                  000000018004bc90 f   test_sfun_registry.obj
 0001:0004ad80       _ssGetAbsTol               000000018004bd80 f   test_sfun_registry.obj
 0001:0004adf0       _ssSetStateAbsTol          000000018004bdf0 f   test_sfun_registry.obj
 0001:0004aed0       sf_process_check_sum_call  000000018004bed0 f   test_sfun_registry.obj
 0001:0004af20       sf_process_autoinheritance_call 000000018004bf20 f   test_sfun_registry.obj
 0001:0004b150       sf_process_get_third_party_uses_info_call 000000018004c150 f   test_sfun_registry.obj
 0001:0004b380       sf_process_get_eml_resolved_functions_info_call 000000018004c380 f   test_sfun_registry.obj
 0001:0004b580       sf_mex_unlock_call         000000018004c580 f   test_sfun_registry.obj
 0001:0004b7d0       sf_machine_global_initializer_called 000000018004c7d0 f   test_sfun_registry.obj
 0001:0004b800       sf_machine_global_method_dispatcher 000000018004c800 f   test_sfun_registry.obj
 0001:0004b860       sf_machine_global_terminator 000000018004c860 f   test_sfun_registry.obj
 0001:0004b8b0       sf_register_machine_exported_symbols 000000018004c8b0 f   test_sfun_registry.obj
 0001:0004b8d0       callCustomFcn              000000018004c8d0 f   test_sfun_registry.obj
 0001:0004b8e0       sf_machine_global_initializer 000000018004c8e0 f   test_sfun_registry.obj
 0001:0004b960       ProcessMexSfunctionEveryCall 000000018004c960 f   test_sfun_registry.obj
 0001:0004c5d0       test_initializer           000000018004d5d0 f   test_sfun.obj
 0001:0004c5e0       test_terminator            000000018004d5e0 f   test_sfun.obj
 0001:0004c5f0       load_test_optimization_info 000000018004d5f0 f   test_sfun.obj
 0001:0004c640       unload_test_optimization_info 000000018004d640 f   test_sfun.obj
 0001:0004c670       sf_test_method_dispatcher  000000018004d670 f   test_sfun.obj
 0001:0004c760       sf_test_process_check_sum_call 000000018004d760 f   test_sfun.obj
 0001:0004ce70       sf_test_autoinheritance_info 000000018004de70 f   test_sfun.obj
 0001:0004d260       sf_test_get_eml_resolved_functions_info 000000018004e260 f   test_sfun.obj
 0001:0004d530       sf_test_third_party_uses_info 000000018004e530 f   test_sfun.obj
 0001:0004d840       test_debug_initialize      000000018004e840 f   test_sfun.obj
 0001:0004d8c0       test_register_exported_symbols 000000018004e8c0 f   test_sfun.obj
 0001:0004d8d0       sf_send_message_wrapper    000000018004e8d0 f   sfc_mex:sfc_sf.obj
 0001:0004d900       sf_receive_message_wrapper 000000018004e900 f   sfc_mex:sfc_sf.obj
 0001:0004d940       sf_check_out_message_wrapper 000000018004e940 f   sfc_mex:sfc_sf.obj
 0001:0004d980       sf_check_in_message_wrapper 000000018004e980 f   sfc_mex:sfc_sf.obj
 0001:0004d9c0       sf_no_message_wrapper      000000018004e9c0 f   sfc_mex:sfc_sf.obj
 0001:0004dd50       sim_mode_is_rtw_gen        000000018004ed50 f   sfc_mex:sfc_sf.obj
 0001:0004dd80       sim_mode_is_external       000000018004ed80 f   sfc_mex:sfc_sf.obj
 0001:0004dd90       sim_mode_is_modelref_sim   000000018004ed90 f   sfc_mex:sfc_sf.obj
 0001:0004ddb0       mdlInitializeSizes         000000018004edb0 f   sfc_mex:sfc_sf.obj
 0001:0004ddd0       mdlInitializeSampleTimes   000000018004edd0 f   sfc_mex:sfc_sf.obj
 0001:0004de10       mdlZeroCrossings           000000018004ee10 f   sfc_mex:sfc_sf.obj
 0001:0004df00       mdlDerivatives             000000018004ef00 f   sfc_mex:sfc_sf.obj
 0001:0004dfc0       mdl_initialize_conditions_processing 000000018004efc0 f   sfc_mex:sfc_sf.obj
 0001:0004dff0       mdlInitializeConditions    000000018004eff0 f   sfc_mex:sfc_sf.obj
 0001:0004e0b0       mdlGetSimState             000000018004f0b0 f   sfc_mex:sfc_sf.obj
 0001:0004e0c0       mdlSetSimState             000000018004f0c0 f   sfc_mex:sfc_sf.obj
 0001:0004e0d0       mdl_ext_mode_exec_processing 000000018004f0d0 f   sfc_mex:sfc_sf.obj
 0001:0004e0f0       mdlExtModeExec             000000018004f0f0 f   sfc_mex:sfc_sf.obj
 0001:0004e290       mdlTerminate               000000018004f290 f   sfc_mex:sfc_sf.obj
 0001:0004e300       mdlRTW                     000000018004f300 f   sfc_mex:sfc_sf.obj
 0001:0004e330       mdlSetWorkWidths           000000018004f330 f   sfc_mex:sfc_sf.obj
 0001:0004e340       mdlProcessParameters       000000018004f340 f   sfc_mex:sfc_sf.obj
 0001:0004e350       mdl_start_processing       000000018004f350 f   sfc_mex:sfc_sf.obj
 0001:0004e3b0       mdlStart                   000000018004f3b0 f   sfc_mex:sfc_sf.obj
 0001:0004e4c0       mdlEnable                  000000018004f4c0 f   sfc_mex:sfc_sf.obj
 0001:0004e5a0       mdlDisable                 000000018004f5a0 f   sfc_mex:sfc_sf.obj
 0001:0004e660       sf_get_chart_instance_ptr  000000018004f660 f   sfc_mex:sfc_sf.obj
 0001:0004e680       sf_load_rtw_optimization_info 000000018004f680 f   sfc_mex:sfc_sf.obj
 0001:0004e750       sf_update_buildInfo        000000018004f750 f   sfc_mex:sfc_sf.obj
 0001:0004e850       sf_rtw_info_uint_prop      000000018004f850 f   sfc_mex:sfc_sf.obj
 0001:0004e990       sf_is_chart_inlinable      000000018004f990 f   sfc_mex:sfc_sf.obj
 0001:0004e9b0       sf_mark_output_events_with_multiple_callers 000000018004f9b0 f   sfc_mex:sfc_sf.obj
 0001:0004eb40       sf_mark_chart_reusable_outputs 000000018004fb40 f   sfc_mex:sfc_sf.obj
 0001:0004eda0       sf_mark_chart_expressionable_inputs 000000018004fda0 f   sfc_mex:sfc_sf.obj
 0001:0004f000       sf_get_subchart_simstruct  0000000180050000 f   sfc_mex:sfc_sf.obj
 0001:0004f050       sf_get_fixpt_data_type_id  0000000180050050 f   sfc_mex:sfc_sf.obj
 0001:0004f090       sf_get_enum_data_type_id   0000000180050090 f   sfc_mex:sfc_sf.obj
 0001:0004f0d0       sf_get_param_data_type_id  00000001800500d0 f   sfc_mex:sfc_sf.obj
 0001:0004f100       sf_mex_listen_for_ctrl_c_force 0000000180050100 f   sfc_mex:sfc_sf.obj
 0001:0004f210       sf_mex_draw_now            0000000180050210 f   sfc_mex:sfc_sf.obj
 0001:0004f250       sf_mex_set_debugger_sim_status_listener_fcn 0000000180050250 f   sfc_mex:sfc_sf.obj
 0001:0004f260       sf_mex_listen_for_ctrl_c   0000000180050260 f   sfc_mex:sfc_sf.obj
 0001:0004f300       sf_mex_get_sfun_param      0000000180050300 f   sfc_mex:sfc_sf.obj
 0001:0004f350       sf_get_runtime_param_data  0000000180050350 f   sfc_mex:sfc_sf.obj
 0001:0004f390       sf_call_output_fcn_call    0000000180050390 f   sfc_mex:sfc_sf.obj
 0001:0004f4d0       sf_call_output_fcn_enable  00000001800504d0 f   sfc_mex:sfc_sf.obj
 0001:0004f560       sf_call_output_fcn_disable 0000000180050560 f   sfc_mex:sfc_sf.obj
 0001:0004f5f0       sf_clear_rtw_identifier    00000001800505f0 f   sfc_mex:sfc_sf.obj
 0001:0004fe10       sf_set_encoded_dwork_info  0000000180050e10 f   sfc_mex:sfc_sf.obj
 0001:0004fe60       sf_get_dwork_info_from_mat_file 0000000180050e60 f   sfc_mex:sfc_sf.obj
 0001:00050020       sf_set_rtw_dwork_info      0000000180051020 f   sfc_mex:sfc_sf.obj
 0001:00050190       mdlOutputs                 0000000180051190 f   sfc_mex:sfc_sf.obj
 0001:00050380       sf_mex_mx_is_numeric       0000000180051380 f   sfc_mex:sfc_mex.obj
 0001:000503c0       strcmp_ignore_ws           00000001800513c0 f   sfc_mex:sfc_mex.obj
 0001:00050500       sf_mex_duplicatearraysafe  0000000180051500 f   sfc_mex:sfc_mex.obj
 0001:00050660       sf_set_error_debugger_context_message_fcn 0000000180051660 f   sfc_mex:sfc_mex.obj
 0001:00050670       sf_set_debugger_matlab_error_fcn 0000000180051670 f   sfc_mex:sfc_mex.obj
 0001:000506b0       sf_set_error_prefix_string 00000001800516b0 f   sfc_mex:sfc_mex.obj
 0001:000506e0       sf_get_error_prefix_string 00000001800516e0 f   sfc_mex:sfc_mex.obj
 0001:000506f0       sf_mex_enter_parallel_region 00000001800516f0 f   sfc_mex:sfc_mex.obj
 0001:00050700       sf_mex_exit_parallel_region 0000000180051700 f   sfc_mex:sfc_mex.obj
 0001:00050710       sf_get_current_jmp_buf_ptr 0000000180051710 f   sfc_mex:sfc_mex.obj
 0001:00050720       sf_set_current_jmp_buf_ptr 0000000180051720 f   sfc_mex:sfc_mex.obj
 0001:00050730       sf_mex_set_halt_simulation 0000000180051730 f   sfc_mex:sfc_mex.obj
 0001:00050740       sf_mex_get_halt_simulation 0000000180051740 f   sfc_mex:sfc_mex.obj
 0001:00050750       sf_mex_clear_error_message 0000000180051750 f   sfc_mex:sfc_mex.obj
 0001:00050770       sf_mex_get_error_message_for_read 0000000180051770 f   sfc_mex:sfc_mex.obj
 0001:00050780       sf_mex_get_error_message_buffer_length 0000000180051780 f   sfc_mex:sfc_mex.obj
 0001:00050860       sf_mex_warning_message     0000000180051860 f   sfc_mex:sfc_mex.obj
 0001:000508d0       sf_mex_v_errbuf_createf    00000001800518d0 f   sfc_mex:sfc_mex.obj
 0001:000508e0       sf_mex_errbuf_createf      00000001800518e0 f   sfc_mex:sfc_mex.obj
 0001:00050910       sf_mex_v_errbuf_catf       0000000180051910 f   sfc_mex:sfc_mex.obj
 0001:00050950       sf_mex_errbuf_catf         0000000180051950 f   sfc_mex:sfc_mex.obj
 0001:000509a0       sf_mex_errbuf_copy         00000001800519a0 f   sfc_mex:sfc_mex.obj
 0001:000509b0       sf_mex_errbuf_clear        00000001800519b0 f   sfc_mex:sfc_mex.obj
 0001:000509c0       sf_mex_errbuf_isempty      00000001800519c0 f   sfc_mex:sfc_mex.obj
 0001:00050ac0       sf_mex_set_error_status    0000000180051ac0 f   sfc_mex:sfc_mex.obj
 0001:00050b10       sf_mex_error_direct_call   0000000180051b10 f   sfc_mex:sfc_mex.obj
 0001:00050b30       sf_mex_error_message_no_long_jump 0000000180051b30 f   sfc_mex:sfc_mex.obj
 0001:00050b50       sf_mex_long_jump_on_error  0000000180051b50 f   sfc_mex:sfc_mex.obj
 0001:00050b80       sf_mex_call_matlab         0000000180051b80 f   sfc_mex:sfc_mex.obj
 0001:00050ca0       sf_mex_check_builtin       0000000180051ca0 f   sfc_mex:sfc_mex.obj
 0001:00050d40       sf_mex_check_builtin_vs    0000000180051d40 f   sfc_mex:sfc_mex.obj
 0001:00050e00       sf_mex_check_enum          0000000180051e00 f   sfc_mex:sfc_mex.obj
 0001:00050e80       sf_mex_create_enum         0000000180051e80 f   sfc_mex:sfc_mex.obj
 0001:00050ef0       sf_mex_get_enum_element    0000000180051ef0 f   sfc_mex:sfc_mex.obj
 0001:00050f00       sf_mex_createcellarray     0000000180051f00 f   sfc_mex:sfc_mex.obj
 0001:00050f10       sf_mex_setcell             0000000180051f10 f   sfc_mex:sfc_mex.obj
 0001:00050f20       sf_mex_getcell             0000000180051f20 f   sfc_mex:sfc_mex.obj
 0001:00050f30       sf_mex_dup                 0000000180051f30 f   sfc_mex:sfc_mex.obj
 0001:00050f50       sf_mex_assign              0000000180051f50 f   sfc_mex:sfc_mex.obj
 0001:00050fd0       sf_mex_destroy             0000000180051fd0 f   sfc_mex:sfc_mex.obj
 0001:00051000       mx_array_has_fi_type       0000000180052000 f   sfc_mex:sfc_mex.obj
 0001:00051030       sf_mex_convert_from_fi     0000000180052030 f   sfc_mex:sfc_mex.obj
 0001:00051160       sf_mex_convert_to_double   0000000180052160 f   sfc_mex:sfc_mex.obj
 0001:00051280       sf_mex_import_fi_vs        0000000180052280 f   sfc_mex:sfc_mex.obj
 0001:000514b0       sf_matrix_matrix_index_ok  00000001800524b0 f   sfc_mex:sfc_mex.obj
 0001:00051540       sf_vector_vector_index_ok  0000000180052540 f   sfc_mex:sfc_mex.obj
 0001:00051570       ssGetCurrentInputPortDimensions_wrapper 0000000180052570 f   sfc_mex:sfc_mex.obj
 0001:00051590       ssGetCurrentOutputPortDimensions_wrapper 0000000180052590 f   sfc_mex:sfc_mex.obj
 0001:000515b0       sf_mex_emlrt_context_is_debug_mode 00000001800525b0 f   sfc_mex:sfc_mex.obj
 0001:000515c0       sf_mex_emlrt_context_set_debug_mode 00000001800525c0 f   sfc_mex:sfc_mex.obj
 0001:000515d0       sf_mex_emlrtNameCapturePostProcessR2012a 00000001800525d0 f   sfc_mex:sfc_mex.obj
 0001:00051640       sf_clear_error_manager_info 0000000180052640 f   sfc_mex:sfc_mex.obj
 0001:000516a0       sf_mex_stop_simulation_abruptly_wo_error 00000001800526a0 f   sfc_mex:sfc_mex.obj
 0001:000516e0       sf_mex_error_message       00000001800526e0 f   sfc_mex:sfc_mex.obj
 0001:00051750       sf_react_to_error_in_matlab_call 0000000180052750 f   sfc_mex:sfc_mex.obj
 0001:00051780       sf_mex_addfield            0000000180052780 f   sfc_mex:sfc_mex.obj
 0001:00051820       sf_mex_getfield            0000000180052820 f   sfc_mex:sfc_mex.obj
 0001:00051b20       sf_mex_check_class         0000000180052b20 f   sfc_mex:sfc_mex.obj
 0001:00051bc0       sf_mex_is_real             0000000180052bc0 f   sfc_mex:sfc_mex.obj
 0001:00052030       sf_mex_decode_encoded_mx_struct_array 0000000180053030 f   sfc_mex:sfc_mex.obj
 0001:00052320       sf_mex_lw_bounds_check     0000000180053320 f   sfc_mex:sfc_mex.obj
 0001:00052350       sf_mex_lw_size_eq_check_1d 0000000180053350 f   sfc_mex:sfc_mex.obj
 0001:00052370       sf_mex_lw_size_eq_check_nd 0000000180053370 f   sfc_mex:sfc_mex.obj
 0001:00052550       sf_mex_lw_dim_size_eq_check 0000000180053550 f   sfc_mex:sfc_mex.obj
 0001:00052580       sf_mex_lw_dim_size_geq_check 0000000180053580 f   sfc_mex:sfc_mex.obj
 0001:000525b0       sf_mex_lw_sub_assign_size_check_nd 00000001800535b0 f   sfc_mex:sfc_mex.obj
 0001:00052780       sf_mex_lw_runtime_error_msgid 0000000180053780 f   sfc_mex:sfc_mex.obj
 0001:00052870       sf_mex_lw_matrix_matrix_index_check 0000000180053870 f   sfc_mex:sfc_mex.obj
 0001:00052890       sf_mex_lw_vector_vector_index_check 0000000180053890 f   sfc_mex:sfc_mex.obj
 0001:000528d0       sf_mex_lw_for_loop_vector_check 00000001800538d0 f   sfc_mex:sfc_mex.obj
 0001:00052960       sf_mex_lw_non_negative_check 0000000180053960 f   sfc_mex:sfc_mex.obj
 0001:000529a0       sf_mex_overflow_error      00000001800539a0 f   sfc_mex:sfc_mex.obj
 0001:000529b0       sf_mex_dividebyzero_error  00000001800539b0 f   sfc_mex:sfc_mex.obj
 0001:000529c0       sf_mex_unsafe_enum_error   00000001800539c0 f   sfc_mex:sfc_mex.obj
 0001:000529d0       sf_emlrtErrHandler         00000001800539d0 f   sfc_mex:sfc_mex.obj
 0001:00052ab0       sf_mex_size_one_check      0000000180053ab0 f   sfc_mex:sfc_mex.obj
 0001:00052ad0       sf_mex_printf              0000000180053ad0 f   sfc_mex:sfc_mex.obj
 0001:00052ca0       sf_mex_check_size          0000000180053ca0 f   sfc_mex:sfc_mex.obj
 0001:00052f40       sf_mex_check_struct        0000000180053f40 f   sfc_mex:sfc_mex.obj
 0001:000531a0       sf_mex_check_struct_vs     00000001800541a0 f   sfc_mex:sfc_mex.obj
 0001:00053230       sf_mex_check_fi            0000000180054230 f   sfc_mex:sfc_mex.obj
 0001:00053330       sf_mex_check_fi_vs         0000000180054330 f   sfc_mex:sfc_mex.obj
 0001:000533d0       sf_echo_expression         00000001800543d0 f   sfc_mex:sfc_mex.obj
 0001:00053430       sf_assertion_failed        0000000180054430 f   sfc_mex:sfc_mex.obj
 0001:00053710       sf_mex_evalin              0000000180054710 f   sfc_mex:sfc_mex.obj
 0001:00053980       sf_mex_export              0000000180054980 f   sfc_mex:sfc_mex.obj
 0001:00053a40       sf_mex_get_ml_var_no_error 0000000180054a40 f   sfc_mex:sfc_mex.obj
 0001:00053be0       sf_mex_get_ml_var          0000000180054be0 f   sfc_mex:sfc_mex.obj
 0001:00054070       ml_set_element_value_in_array 0000000180055070 f   sfc_mex:sfc_mex.obj
 0001:00055130       sf_mex_call_impl           0000000180056130 f   sfc_mex:sfc_mex.obj
 0001:00055550       sf_mex_call_debug          0000000180056550 f   sfc_mex:sfc_mex.obj
 0001:00055580       sf_mex_call                0000000180056580 f   sfc_mex:sfc_mex.obj
 0001:00055bd0       sf_mex_createstruct        0000000180056bd0 f   sfc_mex:sfc_mex.obj
 0001:00055ce0       sf_mex_createstructarray   0000000180056ce0 f   sfc_mex:sfc_mex.obj
 0001:00055d60       sf_mex_get_mx_datatype_from_sf_datatype 0000000180056d60 f   sfc_mex:sfc_mex.obj
 0001:00056070       sf_mex_ml_var_sub          0000000180057070 f   sfc_mex:sfc_mex.obj
 0001:00056250       sf_mex_ml_var_subsasgn     0000000180057250 f   sfc_mex:sfc_mex.obj
 0001:00056650       sf_mex_sub                 0000000180057650 f   sfc_mex:sfc_mex.obj
 0001:00056860       sf_mex_subsasgn            0000000180057860 f   sfc_mex:sfc_mex.obj
 0001:00056d70       sf_mex_create              0000000180057d70 f   sfc_mex:sfc_mex.obj
 0001:00057710       sf_mex_import_named        0000000180058710 f   sfc_mex:sfc_mex.obj
 0001:00057770       sf_mex_import              0000000180058770 f   sfc_mex:sfc_mex.obj
 0001:000577c0       sf_mex_import_vs           00000001800587c0 f   sfc_mex:sfc_mex.obj
 0001:000578d0       sf_mex_lower_fixpt_mx_array 00000001800588d0 f   sfc_mex:sfc_mex.obj
 0001:00057bf0       sf_debug_chart_instance_initialized_quick 0000000180058bf0 f   sfc_debug:sfcdebug.obj
 0001:00057c70       sf_debug_disp              0000000180058c70 f   sfc_debug:sfcdebug.obj
 0001:00057f40       sf_debug_data_runtime_size_mismatch_error_check 0000000180058f40 f   sfc_debug:sfcdebug.obj
 0001:00057ff0       sf_debug_try_loading_machine 0000000180058ff0 f   sfc_debug:sfcdebug.obj
 0001:000580f0       sf_debug_reset_current_state_configuration 00000001800590f0 f   sfc_debug:sfcdebug.obj
 0001:00058170       sf_debug_store_current_state_configuration 0000000180059170 f   sfc_debug:sfcdebug.obj
 0001:000581f0       sf_debug_restore_previous_state_configuration 00000001800591f0 f   sfc_debug:sfcdebug.obj
 0001:00058270       sf_debug_restore_previous_state_configuration2 0000000180059270 f   sfc_debug:sfcdebug.obj
 0001:000582f0       sf_debug_get_event_scope   00000001800592f0 f   sfc_debug:sfcdebug.obj
 0001:00058460       use_debugger_step_animation 0000000180059460 f   sfc_debug:sfcdebug.obj
 0001:00058480       sf_debug_get_script_id     0000000180059480 f   sfc_debug:sfcdebug.obj
 0001:00058510       sf_debug_set_script_translation 0000000180059510 f   sfc_debug:sfcdebug.obj
 0001:00058690       sf_debug_extract_message_post_receive_info 0000000180059690 f   sfc_debug:sfcdebug.obj
 0001:00058850       sf_debug_get_current_machine_id 0000000180059850 f   sfc_debug:sfcdebug.obj
 0001:00058870       sf_debug_get_current_optional_integer 0000000180059870 f   sfc_debug:sfcdebug.obj
 0001:00058880       sf_debug_get_current_machine_number 0000000180059880 f   sfc_debug:sfcdebug.obj
 0001:000588a0       sf_debug_get_current_machine_name 00000001800598a0 f   sfc_debug:sfcdebug.obj
 0001:000588c0       sf_debug_get_current_chart_id 00000001800598c0 f   sfc_debug:sfcdebug.obj
 0001:00058900       sf_debug_get_current_chart_number 0000000180059900 f   sfc_debug:sfcdebug.obj
 0001:00058910       sf_debug_get_current_instance_number 0000000180059910 f   sfc_debug:sfcdebug.obj
 0001:00058920       sf_debug_get_current_is_minor_time_step 0000000180059920 f   sfc_debug:sfcdebug.obj
 0001:000589a0       sf_debug_get_current_object_type 00000001800599a0 f   sfc_debug:sfcdebug.obj
 0001:000589b0       sf_debug_get_current_instance_handle 00000001800599b0 f   sfc_debug:sfcdebug.obj
 0001:00058a10       sf_debug_get_current_event_type 0000000180059a10 f   sfc_debug:sfcdebug.obj
 0001:00058a20       sf_debug_get_current_object_id 0000000180059a20 f   sfc_debug:sfcdebug.obj
 0001:00058a60       sf_debug_get_current_active_event_type 0000000180059a60 f   sfc_debug:sfcdebug.obj
 0001:00058a70       sf_debug_get_current_active_event_id 0000000180059a70 f   sfc_debug:sfcdebug.obj
 0001:00058ab0       sf_debug_get_current_tag_type 0000000180059ab0 f   sfc_debug:sfcdebug.obj
 0001:00058ac0       sf_debug_get_current_simulation_time 0000000180059ac0 f   sfc_debug:sfcdebug.obj
 0001:00058ad0       sf_debug_get_current_coverage_percentage 0000000180059ad0 f   sfc_debug:sfcdebug.obj
 0001:00058ae0       sf_debug_current_statement_context 0000000180059ae0 f   sfc_debug:sfcdebug.obj
 0001:00058b60       sf_debug_get_current_statement_info 0000000180059b60 f   sfc_debug:sfcdebug.obj
 0001:00058d00       sf_debug_terminate_instance 0000000180059d00 f   sfc_debug:sfcdebug.obj
 0001:00059020       sf_debug_assertion_failed  000000018005a020 f   sfc_debug:sfcdebug.obj
 0001:000591f0       sf_debug_create_debug_instance_struct 000000018005a1f0 f   sfc_debug:sfcdebug.obj
 0001:00059240       sf_debug_set_number_of_data_with_change_event_for_machine 000000018005a240 f   sfc_debug:sfcdebug.obj
 0001:00059290       sf_debug_set_machine_event_thresholds 000000018005a290 f   sfc_debug:sfcdebug.obj
 0001:000592b0       sf_debug_set_machine_event_scope 000000018005a2b0 f   sfc_debug:sfcdebug.obj
 0001:00059300       sf_debug_set_machine_data_thresholds 000000018005a300 f   sfc_debug:sfcdebug.obj
 0001:00059350       sf_debug_set_machine_data_scope 000000018005a350 f   sfc_debug:sfcdebug.obj
 0001:000593f0       sf_debug_set_machine_data_name 000000018005a3f0 f   sfc_debug:sfcdebug.obj
 0001:000594a0       sf_debug_set_machine_data_size 000000018005a4a0 f   sfc_debug:sfcdebug.obj
 0001:000595f0       sf_debug_set_machine_data_type 000000018005a5f0 f   sfc_debug:sfcdebug.obj
 0001:00059760       sf_debug_get_chart_data_number 000000018005a760 f   sfc_debug:sfcdebug.obj
 0001:00059780       sf_debug_get_chart_event_number 000000018005a780 f   sfc_debug:sfcdebug.obj
 0001:000597a0       sf_debug_set_chart_state_info 000000018005a7a0 f   sfc_debug:sfcdebug.obj
 0001:00059830       sf_debug_set_chart_decomposition 000000018005a830 f   sfc_debug:sfcdebug.obj
 0001:000598a0       sf_debug_set_chart_substate_count 000000018005a8a0 f   sfc_debug:sfcdebug.obj
 0001:00059980       sf_debug_set_chart_substate_index 000000018005a980 f   sfc_debug:sfcdebug.obj
 0001:00059a00       sf_debug_set_chart_state_substate_count 000000018005aa00 f   sfc_debug:sfcdebug.obj
 0001:00059b20       sf_debug_set_chart_state_substate_index 000000018005ab20 f   sfc_debug:sfcdebug.obj
 0001:00059bb0       sf_debug_set_number_of_data_with_change_event_for_chart 000000018005abb0 f   sfc_debug:sfcdebug.obj
 0001:00059c40       sf_debug_set_number_of_states_with_entry_event_for_chart 000000018005ac40 f   sfc_debug:sfcdebug.obj
 0001:00059cc0       sf_debug_set_number_of_states_with_exit_event_for_chart 000000018005acc0 f   sfc_debug:sfcdebug.obj
 0001:00059d40       sf_debug_set_chart_disable_implicit_casting 000000018005ad40 f   sfc_debug:sfcdebug.obj
 0001:00059db0       sf_debug_set_chart_event_thresholds 000000018005adb0 f   sfc_debug:sfcdebug.obj
 0001:00059e30       sf_debug_set_chart_data_compiled_props 000000018005ae30 f   sfc_debug:sfcdebug.obj
 0001:0005a170       sf_debug_set_chart_data_props 000000018005b170 f   sfc_debug:sfcdebug.obj
 0001:0005a490       sf_debug_check_fi_license  000000018005b490 f   sfc_debug:sfcdebug.obj
 0001:0005a650       sf_debug_symbol_scope_push 000000018005b650 f   sfc_debug:sfcdebug.obj
 0001:0005a690       sf_debug_symbol_scope_push_eml 000000018005b690 f   sfc_debug:sfcdebug.obj
 0001:0005a6e0       sf_debug_symbol_scope_pop  000000018005b6e0 f   sfc_debug:sfcdebug.obj
 0001:0005a720       sf_debug_symbol_scope_add_importable 000000018005b720 f   sfc_debug:sfcdebug.obj
 0001:0005a7a0       sf_debug_symbol_scope_add  000000018005b7a0 f   sfc_debug:sfcdebug.obj
 0001:0005a820       sf_debug_symbol_scope_add_dyn_importable 000000018005b820 f   sfc_debug:sfcdebug.obj
 0001:0005a8e0       sf_debug_symbol_scope_add_dyn 000000018005b8e0 f   sfc_debug:sfcdebug.obj
 0001:0005a920       sf_debug_symbol_scope_add_eml_importable 000000018005b920 f   sfc_debug:sfcdebug.obj
 0001:0005a960       sf_debug_symbol_scope_add_eml 000000018005b960 f   sfc_debug:sfcdebug.obj
 0001:0005a9a0       sf_debug_symbol_scope_add_eml_dyn_importable 000000018005b9a0 f   sfc_debug:sfcdebug.obj
 0001:0005aa00       sf_debug_symbol_scope_add_eml_dyn 000000018005ba00 f   sfc_debug:sfcdebug.obj
 0001:0005aa60       sf_debug_symbol_switch     000000018005ba60 f   sfc_debug:sfcdebug.obj
 0001:0005aa80       sf_debug_symbol_scope_add_verbose 000000018005ba80 f   sfc_debug:sfcdebug.obj
 0001:0005ab50       sf_debug_set_machine_data_value_ptr 000000018005bb50 f   sfc_debug:sfcdebug.obj
 0001:0005ab90       sf_debug_set_instance_data_value_ptr 000000018005bb90 f   sfc_debug:sfcdebug.obj
 0001:0005ac60       sf_debug_unset_instance_data_value_ptr 000000018005bc60 f   sfc_debug:sfcdebug.obj
 0001:0005ad10       sf_debug_set_chart_event_scope 000000018005bd10 f   sfc_debug:sfcdebug.obj
 0001:0005ad90       sf_debug_set_chart_transition_coverage_maps 000000018005bd90 f   sfc_debug:sfcdebug.obj
 0001:0005ae90       sf_debug_set_chart_state_coverage_maps 000000018005be90 f   sfc_debug:sfcdebug.obj
 0001:0005af60       sf_debug_set_instance_transition_coverage_weights 000000018005bf60 f   sfc_debug:sfcdebug.obj
 0001:0005aff0       sf_debug_set_instance_state_coverage_weights 000000018005bff0 f   sfc_debug:sfcdebug.obj
 0001:0005b240       sf_debug_unload_machine    000000018005c240 f   sfc_debug:sfcdebug.obj
 0001:0005b290       sf_debug_load_machine      000000018005c290 f   sfc_debug:sfcdebug.obj
 0001:0005b3a0       sf_debug_set_active_instance_in_data_dictionary 000000018005c3a0 f   sfc_debug:sfcdebug.obj
 0001:0005b580       sf_debug_set_active_instance 000000018005c580 f   sfc_debug:sfcdebug.obj
 0001:0005b6e0       sf_debug_chart_visiblity_change 000000018005c6e0 f   sfc_debug:sfcdebug.obj
 0001:0005b7d0       sf_debug_select_chart      000000018005c7d0 f   sfc_debug:sfcdebug.obj
 0001:0005b930       sf_debug_set_instance_cv_ids 000000018005c930 f   sfc_debug:sfcdebug.obj
 0001:0005bc60       sf_debug_select_charts     000000018005cc60 f   sfc_debug:sfcdebug.obj
 0001:0005be10       sf_debug_initialized       000000018005ce10 f   sfc_debug:sfcdebug.obj
 0001:0005be30       sf_debug_is_uninterruptible 000000018005ce30 f   sfc_debug:sfcdebug.obj
 0001:0005be60       sf_debug_initialize_debugger_gui 000000018005ce60 f   sfc_debug:sfcdebug.obj
 0001:0005c240       sf_debug_resume            000000018005d240 f   sfc_debug:sfcdebug.obj
 0001:0005c260       sf_debug_go                000000018005d260 f   sfc_debug:sfcdebug.obj
 0001:0005c270       sf_debug_break             000000018005d270 f   sfc_debug:sfcdebug.obj
 0001:0005c280       sf_debug_step_over         000000018005d280 f   sfc_debug:sfcdebug.obj
 0001:0005c290       sf_debug_step_out          000000018005d290 f   sfc_debug:sfcdebug.obj
 0001:0005c2a0       sf_debug_set_disable_all_breakpoints 000000018005d2a0 f   sfc_debug:sfcdebug.obj
 0001:0005c2b0       sf_debug_disable_all_breakpoints_and_go 000000018005d2b0 f   sfc_debug:sfcdebug.obj
 0001:0005c2c0       sf_debug_break_on_chart_entry 000000018005d2c0 f   sfc_debug:sfcdebug.obj
 0001:0005c2d0       sf_debug_break_on_event_broadcast 000000018005d2d0 f   sfc_debug:sfcdebug.obj
 0001:0005c2e0       sf_debug_break_on_state_entry 000000018005d2e0 f   sfc_debug:sfcdebug.obj
 0001:0005c2f0       sf_debug_break_between_times 000000018005d2f0 f   sfc_debug:sfcdebug.obj
 0001:0005c310       sf_debug_browse_data       000000018005d310 f   sfc_debug:sfcdebug.obj
 0001:0005c320       sf_debug_watch_data        000000018005d320 f   sfc_debug:sfcdebug.obj
 0001:0005c350       sf_debug_assign_data       000000018005d350 f   sfc_debug:sfcdebug.obj
 0001:0005c360       sf_debug_whos              000000018005d360 f   sfc_debug:sfcdebug.obj
 0001:0005c380       sf_debug_get_consistency_info 000000018005d380 f   sfc_debug:sfcdebug.obj
 0001:0005c390       sf_debug_browse_trace      000000018005d390 f   sfc_debug:sfcdebug.obj
 0001:0005c3a0       sf_debug_set_breakpoints   000000018005d3a0 f   sfc_debug:sfcdebug.obj
 0001:0005c510       sf_debug_set_eml_breakpoints 000000018005d510 f   sfc_debug:sfcdebug.obj
 0001:0005c670       sf_debug_set_script_breakpoints 000000018005d670 f   sfc_debug:sfcdebug.obj
 0001:0005c6f0       sf_debug_add_script_breakpoints 000000018005d6f0 f   sfc_debug:sfcdebug.obj
 0001:0005c760       sf_debug_clear_script_breakpoints 000000018005d760 f   sfc_debug:sfcdebug.obj
 0001:0005c7d0       sf_debug_query_script_breakpoints 000000018005d7d0 f   sfc_debug:sfcdebug.obj
 0001:0005c880       sf_debug_get_eml_script_id 000000018005d880 f   sfc_debug:sfcdebug.obj
 0001:0005c8d0       sf_debug_set_watch         000000018005d8d0 f   sfc_debug:sfcdebug.obj
 0001:0005caf0       sf_debug_get_instance_handle 000000018005daf0 f   sfc_debug:sfcdebug.obj
 0001:0005cb80       sf_debug_get_active_states 000000018005db80 f   sfc_debug:sfcdebug.obj
 0001:0005cb90       sf_debug_set_honor_breakpoints 000000018005db90 f   sfc_debug:sfcdebug.obj
 0001:0005cba0       sf_debug_get_animation     000000018005dba0 f   sfc_debug:sfcdebug.obj
 0001:0005cbb0       sf_debug_set_animation     000000018005dbb0 f   sfc_debug:sfcdebug.obj
 0001:0005cbc0       sf_debug_animate           000000018005dbc0 f   sfc_debug:sfcdebug.obj
 0001:0005cbe0       sf_debug_cycle_detection_check 000000018005dbe0 f   sfc_debug:sfcdebug.obj
 0001:0005cbf0       sf_debug_data_range_check  000000018005dbf0 f   sfc_debug:sfcdebug.obj
 0001:0005cc00       sf_debug_transition_conflict_check 000000018005dc00 f   sfc_debug:sfcdebug.obj
 0001:0005cc10       sf_debug_state_consistency_check 000000018005dc10 f   sfc_debug:sfcdebug.obj
 0001:0005cc20       sf_debug_data_range_check_enabled 000000018005dc20 f   sfc_debug:sfcdebug.obj
 0001:0005cc40       sf_debug_transition_conflict_check_enabled 000000018005dc40 f   sfc_debug:sfcdebug.obj
 0001:0005cc60       sf_debug_transition_conflict_check_begin 000000018005dc60 f   sfc_debug:sfcdebug.obj
 0001:0005cc80       sf_debug_transition_conflict_check_end 000000018005dc80 f   sfc_debug:sfcdebug.obj
 0001:0005cca0       sf_debug_stop_debugging    000000018005dca0 f   sfc_debug:sfcdebug.obj
 0001:0005ccd0       sf_debug_is_cycle_detected 000000018005dcd0 f   sfc_debug:sfcdebug.obj
 0001:0005cce0       sf_debug_is_array_bounds_detected 000000018005dce0 f   sfc_debug:sfcdebug.obj
 0001:0005ccf0       sf_debug_get_state_vectors_data_size 000000018005dcf0 f   sfc_debug:sfcdebug.obj
 0001:0005cd30       sf_debug_get_state_vectors_data 000000018005dd30 f   sfc_debug:sfcdebug.obj
 0001:0005ce40       sf_debug_set_state_vectors_data 000000018005de40 f   sfc_debug:sfcdebug.obj
 0001:0005d0d0       sf_debug_get_script_index  000000018005e0d0 f   sfc_debug:sfcdebug.obj
 0001:0005d260       sf_debug_add_script        000000018005e260 f   sfc_debug:sfcdebug.obj
 0001:0005d3f0       cv_eval_point              000000018005e3f0 f   sfc_debug:sfcdebug.obj
 0001:0005d560       cv_eval_testobjective      000000018005e560 f   sfc_debug:sfcdebug.obj
 0001:0005d670       sf_debug_cv_init_state     000000018005e670 f   sfc_debug:sfcdebug.obj
 0001:0005d7a0       sf_debug_cv_init_chart     000000018005e7a0 f   sfc_debug:sfcdebug.obj
 0001:0005d890       sf_debug_cv_init_trans     000000018005e890 f   sfc_debug:sfcdebug.obj
 0001:0005d9a0       sf_debug_cv_init_saturation 000000018005e9a0 f   sfc_debug:sfcdebug.obj
 0001:0005daa0       sf_debug_cv_init_testobjectives 000000018005eaa0 f   sfc_debug:sfcdebug.obj
 0001:0005dc80       cv_eml_init_script         000000018005ec80 f   sfc_debug:sfcdebug.obj
 0001:0005dda0       cv_eml_init_fcn            000000018005eda0 f   sfc_debug:sfcdebug.obj
 0001:0005deb0       cv_eml_init_testobjective  000000018005eeb0 f   sfc_debug:sfcdebug.obj
 0001:0005df90       cv_eml_init_saturation     000000018005ef90 f   sfc_debug:sfcdebug.obj
 0001:0005e060       cv_eml_init_if             000000018005f060 f   sfc_debug:sfcdebug.obj
 0001:0005e140       cv_eml_init_for            000000018005f140 f   sfc_debug:sfcdebug.obj
 0001:0005e210       cv_eml_init_while          000000018005f210 f   sfc_debug:sfcdebug.obj
 0001:0005e2e0       cv_eml_init_mcdc           000000018005f2e0 f   sfc_debug:sfcdebug.obj
 0001:0005e400       cv_eml_init_switch         000000018005f400 f   sfc_debug:sfcdebug.obj
 0001:0005e500       cv_eml_eval                000000018005f500 f   sfc_debug:sfcdebug.obj
 0001:0005e5f0       sf_debug_bm_is_a_eml_breakpoint 000000018005f5f0 f   sfc_debug:sfcdebug.obj
 0001:0005e740       sf_debug_temporal_threshold 000000018005f740 f   sfc_debug:sfcdebug.obj
 0001:0005eab0       sf_debug_transition_conflict_error 000000018005fab0 f   sfc_debug:sfcdebug.obj
 0001:0005ee10       sf_debug_state_inconsistency_error 000000018005fe10 f   sfc_debug:sfcdebug.obj
 0001:0005ef30       sf_debug_check_for_state_inconsistency 000000018005ff30 f   sfc_debug:sfcdebug.obj
 0001:0005ef70       sf_debug_cycle_detecton_error 000000018005ff70 f   sfc_debug:sfcdebug.obj
 0001:0005f6c0       sf_debug_size_eq_check_1d  00000001800606c0 f   sfc_debug:sfcdebug.obj
 0001:0005f6e0       sf_debug_size_eq_check_nd  00000001800606e0 f   sfc_debug:sfcdebug.obj
 0001:0005f8e0       sf_debug_dim_size_eq_check 00000001800608e0 f   sfc_debug:sfcdebug.obj
 0001:0005f910       sf_debug_dim_size_geq_check 0000000180060910 f   sfc_debug:sfcdebug.obj
 0001:0005f940       sf_debug_sub_assign_size_check_nd 0000000180060940 f   sfc_debug:sfcdebug.obj
 0001:0005fb20       sf_debug_matrix_matrix_index_check 0000000180060b20 f   sfc_debug:sfcdebug.obj
 0001:0005fb70       sf_debug_vector_vector_index_check 0000000180060b70 f   sfc_debug:sfcdebug.obj
 0001:0005fbc0       sf_debug_for_loop_vector_check 0000000180060bc0 f   sfc_debug:sfcdebug.obj
 0001:0005fc60       sf_debug_runtime_error_msgid 0000000180060c60 f   sfc_debug:sfcdebug.obj
 0001:0005fd00       sf_debug_data_array_bounds_error_check 0000000180060d00 f   sfc_debug:sfcdebug.obj
 0001:0005fe10       sf_debug_eml_data_array_bounds_error_check 0000000180060e10 f   sfc_debug:sfcdebug.obj
 0001:000602d0       sf_debug_integer_check     00000001800612d0 f   sfc_debug:sfcdebug.obj
 0001:000603c0       sf_debug_not_nan_check     00000001800613c0 f   sfc_debug:sfcdebug.obj
 0001:00060490       sf_debug_non_negative_check 0000000180061490 f   sfc_debug:sfcdebug.obj
 0001:00060560       sf_debug_overflow_detection 0000000180061560 f   sfc_debug:sfcdebug.obj
 0001:00060bc0       sf_debug_cast_to_real32_T  0000000180061bc0 f   sfc_debug:sfcdebug.obj
 0001:00060c90       sf_debug_cast_to_int8_T    0000000180061c90 f   sfc_debug:sfcdebug.obj
 0001:00060d60       sf_debug_cast_to_uint8_T   0000000180061d60 f   sfc_debug:sfcdebug.obj
 0001:00060e30       sf_debug_cast_to_int16_T   0000000180061e30 f   sfc_debug:sfcdebug.obj
 0001:00060f00       sf_debug_cast_to_uint16_T  0000000180061f00 f   sfc_debug:sfcdebug.obj
 0001:00060fd0       sf_debug_cast_to_int32_T   0000000180061fd0 f   sfc_debug:sfcdebug.obj
 0001:000610a0       sf_debug_cast_to_uint32_T  00000001800620a0 f   sfc_debug:sfcdebug.obj
 0001:00061170       sf_debug_data_range_error  0000000180062170 f   sfc_debug:sfcdebug.obj
 0001:00061480       sf_debug_read_before_write_check 0000000180062480 f   sfc_debug:sfcdebug.obj
 0001:000618b0       sf_debug_data_range_error_wrapper_min_max 00000001800628b0 f   sfc_debug:sfcdebug.obj
 0001:000619d0       sf_debug_data_range_error_wrapper_min 00000001800629d0 f   sfc_debug:sfcdebug.obj
 0001:00061ae0       sf_debug_data_range_error_wrapper_max 0000000180062ae0 f   sfc_debug:sfcdebug.obj
 0001:00061bf0       sf_debug_data_range_wrapper 0000000180062bf0 f   sfc_debug:sfcdebug.obj
 0001:00061cb0       sf_debug_set_current_status_info 0000000180062cb0 f   sfc_debug:sfcdebug.obj
 0001:00062050       sf_debug_register_message_post_receive_info 0000000180063050 f   sfc_debug:sfcdebug.obj
 0001:000622a0       sf_debug_call              00000001800632a0 f   sfc_debug:sfcdebug.obj
 0001:00062c00       sf_debug_initialize_machine 0000000180063c00 f   sfc_debug:sfcdebug.obj
 0001:00062eb0       sf_debug_initialize_chart  0000000180063eb0 f   sfc_debug:sfcdebug.obj
 0001:00063300       sf_debug_ensure_script     0000000180064300 f   sfc_debug:sfcdebug.obj
 0001:000633b0       cv_eval_saturation         00000001800643b0 f   sfc_debug:sfcdebug.obj
 0001:00063530       cv_saturation_accum        0000000180064530 f   sfc_debug:sfcdebug.obj
 0001:00063670       cv_script_init_script      0000000180064670 f   sfc_debug:sfcdebug.obj
 0001:00063760       cv_script_init_fcn         0000000180064760 f   sfc_debug:sfcdebug.obj
 0001:00063820       cv_script_init_testobjective 0000000180064820 f   sfc_debug:sfcdebug.obj
 0001:000638e0       cv_script_init_saturation  00000001800648e0 f   sfc_debug:sfcdebug.obj
 0001:00063990       cv_script_init_if          0000000180064990 f   sfc_debug:sfcdebug.obj
 0001:00063a50       cv_script_init_for         0000000180064a50 f   sfc_debug:sfcdebug.obj
 0001:00063b00       cv_script_init_while       0000000180064b00 f   sfc_debug:sfcdebug.obj
 0001:00063bb0       cv_script_init_mcdc        0000000180064bb0 f   sfc_debug:sfcdebug.obj
 0001:00063cb0       cv_script_init_switch      0000000180064cb0 f   sfc_debug:sfcdebug.obj
 0001:00063d90       cv_script_eval             0000000180064d90 f   sfc_debug:sfcdebug.obj
 0001:00063e60       eml_debug_line_call        0000000180064e60 f   sfc_debug:sfcdebug.obj
 0001:00064030       sf_debug_terminate         0000000180065030 f   sfc_debug:sfcdebug.obj
 0001:00064240       sf_debug_set_script_cv_ids 0000000180065240 f   sfc_debug:sfcdebug.obj
 0001:00064370       sf_debug_api               0000000180065370 f   sfc_debug:sfc_api.obj
 0001:00065c60       sf_debug_sm_terminate      0000000180066c60 f   sfc_debug:sfdb_animation.obj
 0001:00065e10       sf_debug_reset_path_objects 0000000180066e10 f   sfc_debug:sfdb_animation.obj
 0001:00065e90       sf_debug_sm_reset_object_selection_status 0000000180066e90 f   sfc_debug:sfdb_animation.obj
 0001:00065f30       sf_debug_sm_reset_state_buffer 0000000180066f30 f   sfc_debug:sfdb_animation.obj
 0001:00066000       sf_debug_sm_store_state_buffer 0000000180067000 f   sfc_debug:sfdb_animation.obj
 0001:00066080       sf_debug_sm_restore_state_buffer1 0000000180067080 f   sfc_debug:sfdb_animation.obj
 0001:000660f0       sf_debug_sm_restore_state_buffer2 00000001800670f0 f   sfc_debug:sfdb_animation.obj
 0001:00066160       sf_debug_sm_chart_active   0000000180067160 f   sfc_debug:sfdb_animation.obj
 0001:000661b0       sf_debug_sm_select_active_objects 00000001800671b0 f   sfc_debug:sfdb_animation.obj
 0001:00066680       sf_debug_sm_is_chart_active 0000000180067680 f   sfc_debug:sfdb_animation.obj
 0001:000666c0       sf_debug_sm_is_state_active 00000001800676c0 f   sfc_debug:sfdb_animation.obj
 0001:00066900       sf_debug_sm_get_active_states 0000000180067900 f   sfc_debug:sfdb_animation.obj
 0001:00066eb0       sf_debug_sm_initialize_instance 0000000180067eb0 f   sfc_debug:sfdb_animation.obj
 0001:000670c0       sf_debug_sm_change_object_selection_status 00000001800680c0 f   sfc_debug:sfdb_animation.obj
 0001:00067390       cv_create_interface        0000000180068390 f   sfc_debug:cv_sfinterface.obj
 0001:000676a0       cv_init_trans              00000001800686a0 f   sfc_debug:cv_sfinterface.obj
 0001:000676f0       cv_init_saturation         00000001800686f0 f   sfc_debug:cv_sfinterface.obj
 0001:00067730       cv_init_testobjective      0000000180068730 f   sfc_debug:cv_sfinterface.obj
 0001:00067770       cv_init_state              0000000180068770 f   sfc_debug:cv_sfinterface.obj
 0001:000677e0       cv_init_chart              00000001800687e0 f   sfc_debug:cv_sfinterface.obj
 0001:00067830       cv_dec_update_call         0000000180068830 f   sfc_debug:cv_sfinterface.obj
 0001:00067870       cv_cond_update_call        0000000180068870 f   sfc_debug:cv_sfinterface.obj
 0001:000678b0       cv_saturation_update_call  00000001800688b0 f   sfc_debug:cv_sfinterface.obj
 0001:000678f0       cv_saturation_update_accum 00000001800688f0 f   sfc_debug:cv_sfinterface.obj
 0001:00067930       cv_testobjective_update_call 0000000180068930 f   sfc_debug:cv_sfinterface.obj
 0001:00067970       cv_sigrange_update         0000000180068970 f   sfc_debug:cv_sfinterface.obj
 0001:000679b0       cvsf_eml_eval              00000001800689b0 f   sfc_debug:cv_sfinterface.obj
 0001:00067a90       cvsf_eml_init_script       0000000180068a90 f   sfc_debug:cv_sfinterface.obj
 0001:00067b20       cvsf_eml_init_fcn          0000000180068b20 f   sfc_debug:cv_sfinterface.obj
 0001:00067b80       cvsf_eml_init_testobjective 0000000180068b80 f   sfc_debug:cv_sfinterface.obj
 0001:00067be0       cvsf_eml_init_saturation   0000000180068be0 f   sfc_debug:cv_sfinterface.obj
 0001:00067c30       cvsf_eml_init_if           0000000180068c30 f   sfc_debug:cv_sfinterface.obj
 0001:00067c90       cvsf_eml_init_for          0000000180068c90 f   sfc_debug:cv_sfinterface.obj
 0001:00067ce0       cvsf_eml_init_while        0000000180068ce0 f   sfc_debug:cv_sfinterface.obj
 0001:00067d30       cvsf_eml_init_mcdc         0000000180068d30 f   sfc_debug:cv_sfinterface.obj
 0001:00067dc0       cvsf_eml_init_switch       0000000180068dc0 f   sfc_debug:cv_sfinterface.obj
 0001:00067e30       cvsf_script_eval           0000000180068e30 f   sfc_debug:cv_sfinterface.obj
 0001:00067f10       cvsf_script_init_script    0000000180068f10 f   sfc_debug:cv_sfinterface.obj
 0001:00067fa0       cvsf_script_init_fcn       0000000180068fa0 f   sfc_debug:cv_sfinterface.obj
 0001:00068000       cvsf_script_init_testobjective 0000000180069000 f   sfc_debug:cv_sfinterface.obj
 0001:00068060       cvsf_script_init_saturation 0000000180069060 f   sfc_debug:cv_sfinterface.obj
 0001:000680b0       cvsf_script_init_if        00000001800690b0 f   sfc_debug:cv_sfinterface.obj
 0001:00068110       cvsf_script_init_for       0000000180069110 f   sfc_debug:cv_sfinterface.obj
 0001:00068160       cvsf_script_init_while     0000000180069160 f   sfc_debug:cv_sfinterface.obj
 0001:000681b0       cvsf_script_init_mcdc      00000001800691b0 f   sfc_debug:cv_sfinterface.obj
 0001:00068240       cvsf_script_init_switch    0000000180069240 f   sfc_debug:cv_sfinterface.obj
 0001:000682b0       cv_destroy_interface       00000001800692b0 f   sfc_debug:cv_sfinterface.obj
 0001:000682d0       cv_create_instance_objects 00000001800692d0 f   sfc_debug:cv_sfinterface.obj
 0001:00068740       cv_is_enabled              0000000180069740 f   sfc_debug:cv_sfinterface.obj
 0001:00068750       sf_debug_cv_initialize_script 0000000180069750 f   sfc_debug:cv_sfinterface.obj
 0001:000688e0       sf_debug_cv_initialize_instance 00000001800698e0 f   sfc_debug:cv_sfinterface.obj
 0001:00068c70       sf_debug_cv_terminate_chart 0000000180069c70 f   sfc_debug:cv_sfinterface.obj
 0001:00068d90       cv_call_trans_test         0000000180069d90 f   sfc_debug:cv_sfinterface.obj
 0001:00068da0       cv_call_sub_cond_test      0000000180069da0 f   sfc_debug:cv_sfinterface.obj
 0001:00068de0       sf_debug_st_initialize_machine 0000000180069de0 f   sfc_debug:sfdb_data_browse.obj
 0001:00068e90       sf_debug_st_initialize_instance 0000000180069e90 f   sfc_debug:sfdb_data_browse.obj
 0001:000690a0       sf_debug_st_terminate      000000018006a0a0 f   sfc_debug:sfdb_data_browse.obj
 0001:00069440       sf_debug_st_set_data_value_ptr_in_machine 000000018006a440 f   sfc_debug:sfdb_data_browse.obj
 0001:000694d0       sf_debug_st_set_data_value_ptr_in_instance 000000018006a4d0 f   sfc_debug:sfdb_data_browse.obj
 0001:000695b0       sf_debug_st_unset_data_value_ptr_in_machine 000000018006a5b0 f   sfc_debug:sfdb_data_browse.obj
 0001:00069620       sf_debug_st_unset_data_value_ptr_in_instance 000000018006a620 f   sfc_debug:sfdb_data_browse.obj
 0001:000698e0       sf_debug_mx_value          000000018006a8e0 f   sfc_debug:sfdb_data_browse.obj
 0001:00069940       sf_debug_mx_packed_vector  000000018006a940 f   sfc_debug:sfdb_data_browse.obj
 0001:00069a20       sf_debug_mx_uint_vector    000000018006aa20 f   sfc_debug:sfdb_data_browse.obj
 0001:00069ad0       sf_debug_st_get_double_value_from_void_ptr_vector 000000018006aad0 f   sfc_debug:sfdb_data_browse.obj
 0001:0006a5b0       sf_debug_st_browse_data    000000018006b5b0 f   sfc_debug:sfdb_data_browse.obj
 0001:0006adf0       sf_debug_hm_initialize_instance 000000018006bdf0 f   sfc_debug:sfdb_handle_management.obj
 0001:0006b2d0       sf_debug_hm_get_object_id  000000018006c2d0 f   sfc_debug:sfdb_handle_management.obj
 0001:0006be80       sf_debug_hm_update_chart_visibility 000000018006ce80 f   sfc_debug:sfdb_handle_management.obj
 0001:0006d070       sf_debug_object_is_eml_function 000000018006e070 f   sfc_debug:sfdb_handle_management.obj
 0001:0006d0e0       sf_debug_hm_initialize_ids_in_machine 000000018006e0e0 f   sfc_debug:sfdb_handle_management.obj
 0001:0006d250       sf_debug_hm_initialize_ids_in_chart 000000018006e250 f   sfc_debug:sfdb_handle_management.obj
 0001:0006d350       sf_debug_hm_initialize_chart 000000018006e350 f   sfc_debug:sfdb_handle_management.obj
 0001:0006da50       sf_debug_hm_terminate      000000018006ea50 f   sfc_debug:sfdb_handle_management.obj
 0001:0006dab0       sf_debug_hm_initialize_machine 000000018006eab0 f   sfc_debug:sfdb_handle_management.obj
 0001:0006e1d0       sf_debug_ss_initialize     000000018006f1d0 f   sfc_debug:sfdb_symbol_scope.obj
 0001:0006e1f0       sf_debug_ss_terminate      000000018006f1f0 f   sfc_debug:sfdb_symbol_scope.obj
 0001:0006e280       sf_debug_ss_push_symbol_scope 000000018006f280 f   sfc_debug:sfdb_symbol_scope.obj
 0001:0006e380       sf_debug_ss_push_symbol_scope_eml 000000018006f380 f   sfc_debug:sfdb_symbol_scope.obj
 0001:0006e3e0       sf_debug_ss_pop_symbol_scope 000000018006f3e0 f   sfc_debug:sfdb_symbol_scope.obj
 0001:0006e490       sf_debug_ss_add_symbol     000000018006f490 f   sfc_debug:sfdb_symbol_scope.obj
 0001:0006e600       sf_debug_ss_add_symbol_eml 000000018006f600 f   sfc_debug:sfdb_symbol_scope.obj
 0001:0006f500       sf_debug_ss_set_data_value 0000000180070500 f   sfc_debug:sfdb_symbol_scope.obj
 0001:0006f950       getInstanceNumber          0000000180070950 f   sfc_debug:sfdb_symbol_scope.obj
 0001:0006fa20       sf_debug_ss_watch_data     0000000180070a20 f   sfc_debug:sfdb_symbol_scope.obj
 0001:0006fc10       sf_debug_ss_assign_data    0000000180070c10 f   sfc_debug:sfdb_symbol_scope.obj
 0001:00070620       get_data_entry_name        0000000180071620 f   sfc_debug:sfdb_symbol_scope.obj
 0001:00070670       sf_debug_ss_whos           0000000180071670 f   sfc_debug:sfdb_symbol_scope.obj
 0001:00070cc0       sf_debug_cc_initialize_chart 0000000180071cc0 f   sfc_debug:sfdb_coverage.obj
 0001:000716b0       sf_debug_cc_initialize_instance 00000001800726b0 f   sfc_debug:sfdb_coverage.obj
 0001:000723f0       sf_debug_cc_terminate      00000001800733f0 f   sfc_debug:sfdb_coverage.obj
 0001:000724e0       sf_debug_cc_set_transition_maps 00000001800734e0 f   sfc_debug:sfdb_coverage.obj
 0001:00072610       sf_debug_cc_set_state_maps 0000000180073610 f   sfc_debug:sfdb_coverage.obj
 0001:000726f0       sf_debug_cc_set_transition_weights 00000001800736f0 f   sfc_debug:sfdb_coverage.obj
 0001:000729b0       sf_debug_cc_set_state_weights 00000001800739b0 f   sfc_debug:sfdb_coverage.obj
 0001:00072c80       sf_debug_cc_mark_transition_guard 0000000180073c80 f   sfc_debug:sfdb_coverage.obj
 0001:00072d10       sf_debug_cc_mark_transition_trigger 0000000180073d10 f   sfc_debug:sfdb_coverage.obj
 0001:00072da0       sf_debug_cc_mark_transition_decision 0000000180073da0 f   sfc_debug:sfdb_coverage.obj
 0001:00072e10       sf_debug_cc_mark_transition_condition_action 0000000180073e10 f   sfc_debug:sfdb_coverage.obj
 0001:00072e60       sf_debug_cc_mark_transition_transition_action 0000000180073e60 f   sfc_debug:sfdb_coverage.obj
 0001:00072eb0       sf_debug_cc_mark_state_entry 0000000180073eb0 f   sfc_debug:sfdb_coverage.obj
 0001:00072f00       sf_debug_cc_mark_state_during 0000000180073f00 f   sfc_debug:sfdb_coverage.obj
 0001:00072f50       sf_debug_cc_mark_state_exit 0000000180073f50 f   sfc_debug:sfdb_coverage.obj
 0001:00072fa0       sf_debug_bm_clear_script_breakpoints 0000000180073fa0 f   sfc_debug:sfdb_breakpoints.obj
 0001:00072fd0       sf_debug_bm_set_script_breakpoint 0000000180073fd0 f   sfc_debug:sfdb_breakpoints.obj
 0001:00073050       sf_debug_bm_clear_single_script_breakpoint 0000000180074050 f   sfc_debug:sfdb_breakpoints.obj
 0001:000730d0       sf_debug_bm_query_script_breakpoint 00000001800740d0 f   sfc_debug:sfdb_breakpoints.obj
 0001:00073120       sf_debug_bm_initialize_scripts 0000000180074120 f   sfc_debug:sfdb_breakpoints.obj
 0001:000737b0       sf_debug_bm_terminate      00000001800747b0 f   sfc_debug:sfdb_breakpoints.obj
 0001:00073a90       sf_debug_bm_remove_all_breakpoints_in_machine 0000000180074a90 f   sfc_debug:sfdb_breakpoints.obj
 0001:00073af0       sf_debug_bm_remove_all_breakpoints_in_chart 0000000180074af0 f   sfc_debug:sfdb_breakpoints.obj
 0001:00073c40       sf_debug_bm_initialize_global_breakpoints 0000000180074c40 f   sfc_debug:sfdb_breakpoints.obj
 0001:00073dc0       sf_debug_bm_set_breakpoint 0000000180074dc0 f   sfc_debug:sfdb_breakpoints.obj
 0001:00074380       sf_debug_bm_set_eml_breakpoint 0000000180075380 f   sfc_debug:sfdb_breakpoints.obj
 0001:00074410       sf_debug_bm_initialize_machine_breakpoint_map 0000000180075410 f   sfc_debug:sfdb_breakpoints.obj
 0001:00074830       sf_debug_bm_is_a_breakpoint 0000000180075830 f   sfc_debug:sfdb_breakpoints.obj
 0001:00074d50       sf_debug_bm_get_all_breakpoints_in_machine 0000000180075d50 f   sfc_debug:sfdb_breakpoints.obj
 0001:00075050       sf_debug_bm_get_all_breakpoints_in_chart 0000000180076050 f   sfc_debug:sfdb_breakpoints.obj
 0001:00075be0       sf_debug_bm_initialize_machine 0000000180076be0 f   sfc_debug:sfdb_breakpoints.obj
 0001:00075cb0       sf_debug_bm_initialize_chart 0000000180076cb0 f   sfc_debug:sfdb_breakpoints.obj
 0001:000760a0       sf_debug_sc_terminate      00000001800770a0 f   sfc_debug:sfdb_state_consistency.obj
 0001:000763c0       sf_debug_sc_is_chart_consistent 00000001800773c0 f   sfc_debug:sfdb_state_consistency.obj
 0001:00076670       sf_debug_sc_get_consistency_error_info 0000000180077670 f   sfc_debug:sfdb_state_consistency.obj
 0001:00076a80       sf_debug_tm_terminate      0000000180077a80 f   sfc_debug:sfdb_call_stack.obj
 0001:00076b30       sf_debug_tm_push_chart_instance 0000000180077b30 f   sfc_debug:sfdb_call_stack.obj
 0001:00076c70       sf_debug_tm_pop_chart_instance 0000000180077c70 f   sfc_debug:sfdb_call_stack.obj
 0001:00076cd0       sf_debug_tm_push_trace_node 0000000180077cd0 f   sfc_debug:sfdb_call_stack.obj
 0001:00076e50       sf_debug_tm_pop_trace_node 0000000180077e50 f   sfc_debug:sfdb_call_stack.obj
 0001:00076ed0       sf_debug_tm_get_current_global_trace_index 0000000180077ed0 f   sfc_debug:sfdb_call_stack.obj
 0001:00076ee0       sf_debug_tm_get_current_local_trace_index 0000000180077ee0 f   sfc_debug:sfdb_call_stack.obj
 0001:00076f10       sf_debug_tm_set_cycle_detected_flag 0000000180077f10 f   sfc_debug:sfdb_call_stack.obj
 0001:00076f50       sf_debug_tm_set_cycle_started_flag 0000000180077f50 f   sfc_debug:sfdb_call_stack.obj
 0001:00076f90       sf_debug_tm_get_chart_number_from_stack 0000000180077f90 f   sfc_debug:sfdb_call_stack.obj
 0001:00077190       sf_debug_tm_browse_trace   0000000180078190 f   sfc_debug:sfdb_call_stack.obj
 0001:000774a0       sf_debug_cd_initialize_instance 00000001800784a0 f   sfc_debug:sfdb_cycle_detection.obj
 0001:00077750       sf_debug_cd_mark_processed_transition_in_instance 0000000180078750 f   sfc_debug:sfdb_cycle_detection.obj
 0001:000777f0       sf_debug_cd_checksum_push  00000001800787f0 f   sfc_debug:sfdb_cycle_detection.obj
 0001:00077aa0       sf_debug_cd_checksum_pop   0000000180078aa0 f   sfc_debug:sfdb_cycle_detection.obj
 0001:00077b10       sf_debug_cd_turn_off_cycle_detection 0000000180078b10 f   sfc_debug:sfdb_cycle_detection.obj
 0001:00077b60       sf_debug_cd_terminate      0000000180078b60 f   sfc_debug:sfdb_cycle_detection.obj
 0001:00077d90       md5_initialize_state       0000000180078d90 f   sfc_debug:ckmd5.obj
 0001:00078820       md5_update_state           0000000180079820 f   sfc_debug:ckmd5.obj
 0001:00078840       md5_get_hash               0000000180079840 f   sfc_debug:ckmd5.obj
 0001:00078870       md5_get_hash_for_a_single_string 0000000180079870 f   sfc_debug:ckmd5.obj
 0001:000788d0       mxGetPr                    00000001800798d0 f   libmx:libmx.dll
 0001:000788d6       mxSetField_730             00000001800798d6 f   libmx:libmx.dll
 0001:000788dc       mxDestroyArray             00000001800798dc f   libmx:libmx.dll
 0001:000788e2       mxCreateDoubleMatrix_730   00000001800798e2 f   libmx:libmx.dll
 0001:000788e8       mxCreateDoubleScalar       00000001800798e8 f   libmx:libmx.dll
 0001:000788ee       mxCreateString             00000001800798ee f   libmx:libmx.dll
 0001:000788f4       mxCreateCellMatrix_730     00000001800798f4 f   libmx:libmx.dll
 0001:000788fa       mxCreateStructMatrix_730   00000001800798fa f   libmx:libmx.dll
 0001:00078900       mxDuplicateArray           0000000180079900 f   libmx:libmx.dll
 0001:00078906       mxIsEmpty                  0000000180079906 f   libmx:libmx.dll
 0001:0007890c       mxCalloc                   000000018007990c f   libmx:libmx.dll
 0001:00078912       mxGetClassID               0000000180079912 f   libmx:libmx.dll
 0001:00078918       mxIsNumeric                0000000180079918 f   libmx:libmx.dll
 0001:0007891e       mxIsChar                   000000018007991e f   libmx:libmx.dll
 0001:00078924       mxIsComplex                0000000180079924 f   libmx:libmx.dll
 0001:0007892a       mxGetM                     000000018007992a f   libmx:libmx.dll
 0001:00078930       mxGetN                     0000000180079930 f   libmx:libmx.dll
 0001:00078936       mxGetString_730            0000000180079936 f   libmx:libmx.dll
 0001:0007893c       mxGetScalar                000000018007993c f   libmx:libmx.dll
 0001:00078942       mxGetString_700            0000000180079942 f   libmx:libmx.dll
 0001:00078948       mxFree                     0000000180079948 f   libmx:libmx.dll
 0001:0007894e       mxArrayToString            000000018007994e f   libmx:libmx.dll
 0001:00078954       mxGetNumberOfElements      0000000180079954 f   libmx:libmx.dll
 0001:0007895a       mxGetField_700             000000018007995a f   libmx:libmx.dll
 0001:00078960       mxSetFieldByNumber_700     0000000180079960 f   libmx:libmx.dll
 0001:00078966       mxCreateStructArray_700    0000000180079966 f   libmx:libmx.dll
 0001:0007896c       mxGetData                  000000018007996c f   libmx:libmx.dll
 0001:00078972       mxCreateNumericArray_700   0000000180079972 f   libmx:libmx.dll
 0001:00078978       mxIsLogical                0000000180079978 f   libmx:libmx.dll
 0001:0007897e       mxCreateDoubleMatrix_700   000000018007997e f   libmx:libmx.dll
 0001:00078984       mxCreateCellMatrix_700     0000000180079984 f   libmx:libmx.dll
 0001:0007898a       mxSetCell_700              000000018007998a f   libmx:libmx.dll
 0001:00078990       mxGetCell_700              0000000180079990 f   libmx:libmx.dll
 0001:00078996       mxGetClassName             0000000180079996 f   libmx:libmx.dll
 0001:0007899c       mxSetField_700             000000018007999c f   libmx:libmx.dll
 0001:000789a2       mxAddField                 00000001800799a2 f   libmx:libmx.dll
 0001:000789a8       mxIsStruct                 00000001800799a8 f   libmx:libmx.dll
 0001:000789ae       mxIsA                      00000001800799ae f   libmx:libmx.dll
 0001:000789b4       mxIsClass                  00000001800799b4 f   libmx:libmx.dll
 0001:000789ba       mxGetLogicals              00000001800799ba f   libmx:libmx.dll
 0001:000789c0       mxIsSparse                 00000001800799c0 f   libmx:libmx.dll
 0001:000789c6       mxGetFieldByNumber_700     00000001800799c6 f   libmx:libmx.dll
 0001:000789cc       mxGetFieldNameByNumber     00000001800799cc f   libmx:libmx.dll
 0001:000789d2       mxGetNumberOfFields        00000001800799d2 f   libmx:libmx.dll
 0001:000789d8       mxCreateStructMatrix_700   00000001800799d8 f   libmx:libmx.dll
 0001:000789de       mxGetFieldNumber           00000001800799de f   libmx:libmx.dll
 0001:000789e4       mxIsNaN                    00000001800799e4 f   libmx:libmx.dll
 0001:000789ea       mxGetImagData              00000001800799ea f   libmx:libmx.dll
 0001:000789f0       mxArrayClassIDName         00000001800799f0 f   libmx:libmx.dll
 0001:000789f6       mxCreateNumericMatrix_700  00000001800799f6 f   libmx:libmx.dll
 0001:000789fc       mxCalcSingleSubscript_700  00000001800799fc f   libmx:libmx.dll
 0001:00078a02       mxGetDimensions_700        0000000180079a02 f   libmx:libmx.dll
 0001:00078a08       mxGetNumberOfDimensions_700 0000000180079a08 f   libmx:libmx.dll
 0001:00078a0e       mxGetElementSize           0000000180079a0e f   libmx:libmx.dll
 0001:00078a14       mxCreateStringFromNChars_700 0000000180079a14 f   libmx:libmx.dll
 0001:00078a1a       mxIsLogicalScalarTrue      0000000180079a1a f   libmx:libmx.dll
 0001:00078a20       mxCreateLogicalScalar      0000000180079a20 f   libmx:libmx.dll
 0001:00078a26       mexErrMsgTxt               0000000180079a26 f   libmex:libmex.dll
 0001:00078a2c       mexWarnMsgTxt              0000000180079a2c f   libmex:libmex.dll
 0001:00078a32       mexCallMATLAB              0000000180079a32 f   libmex:libmex.dll
 0001:00078a38       mexUnlock                  0000000180079a38 f   libmex:libmex.dll
 0001:00078a3e       mexIsLocked                0000000180079a3e f   libmex:libmex.dll
 0001:00078a44       mexMakeArrayPersistent     0000000180079a44 f   libmex:libmex.dll
 0001:00078a4a       mexLock                    0000000180079a4a f   libmex:libmex.dll
 0001:00078a50       mexMakeMemoryPersistent    0000000180079a50 f   libmex:libmex.dll
 0001:00078a56       mexSetTrapFlag             0000000180079a56 f   libmex:libmex.dll
 0001:00078a5c       mexPutVariable             0000000180079a5c f   libmex:libmex.dll
 0001:00078a62       mexGetVariable             0000000180079a62 f   libmex:libmex.dll
 0001:00078a68       mexFunctionName            0000000180079a68 f   libmex:libmex.dll
 0001:00078a6e       ssRegisterDataTypeFxpFSlopeFixExpBias 0000000180079a6e f   libfixedpoint:libfixedpoint.dll
 0001:00078a74       ssRegisterDataTypeFxpScaledDouble 0000000180079a74 f   libfixedpoint:libfixedpoint.dll
 0001:00078a7a       utMalloc                   0000000180079a7a f   libut:libut.dll
 0001:00078a80       utFree                     0000000180079a80 f   libut:libut.dll
 0001:00078a86       utCPUtime                  0000000180079a86 f   libut:libut.dll
 0001:00078a8c       utVSNprintf                0000000180079a8c f   libut:libut.dll
 0001:00078a92       utCalloc                   0000000180079a92 f   libut:libut.dll
 0001:00078a98       utRealloc                  0000000180079a98 f   libut:libut.dll
 0001:00078a9e       muDoubleScalarAbs          0000000180079a9e f   libmwmathutil:libmwmathutil.dll
 0001:00078aa4       muDoubleScalarCos          0000000180079aa4 f   libmwmathutil:libmwmathutil.dll
 0001:00078aaa       muDoubleScalarSin          0000000180079aaa f   libmwmathutil:libmwmathutil.dll
 0001:00078ab0       muDoubleScalarAtan         0000000180079ab0 f   libmwmathutil:libmwmathutil.dll
 0001:00078ab6       muDoubleScalarAtan2        0000000180079ab6 f   libmwmathutil:libmwmathutil.dll
 0001:00078abc       muDoubleScalarSqrt         0000000180079abc f   libmwmathutil:libmwmathutil.dll
 0001:00078ac2       emlrtCreateRootTLS         0000000180079ac2 f   libemlrt:libemlrt.dll
 0001:00078ac8       emlrtDestroyRootTLS        0000000180079ac8 f   libemlrt:libemlrt.dll
 0001:00078ace       emlrtCheckBuiltInR2012b    0000000180079ace f   libemlrt:libemlrt.dll
 0001:00078ad4       emlrtCheckVsBuiltInR2012b  0000000180079ad4 f   libemlrt:libemlrt.dll
 0001:00078ada       emlrtCheckEnumR2012b       0000000180079ada f   libemlrt:libemlrt.dll
 0001:00078ae0       emlrtCreateEnumR2012b      0000000180079ae0 f   libemlrt:libemlrt.dll
 0001:00078ae6       emlrtGetEnumElementR2009a  0000000180079ae6 f   libemlrt:libemlrt.dll
 0001:00078aec       emlrtCreateReference       0000000180079aec f   libemlrt:libemlrt.dll
 0001:00078af2       emlrtImportVsFiArrayR2009b 0000000180079af2 f   libemlrt:libemlrt.dll
 0001:00078af8       emlrtNameCapturePostProcessR2012a 0000000180079af8 f   libemlrt:libemlrt.dll
 0001:00078afe       emlrtExtractMessageId      0000000180079afe f   libemlrt:libemlrt.dll
 0001:00078b04       emlrtTranslateMessageIDtoLCPstring 0000000180079b04 f   libemlrt:libemlrt.dll
 0001:00078b0a       emlrtForLoopVectorIsValidR2011b 0000000180079b0a f   libemlrt:libemlrt.dll
 0001:00078b10       emlrtTranslateUTF16MessagetoLCPstring 0000000180079b10 f   libemlrt:libemlrt.dll
 0001:00078b16       emlrtGetEnumUnderlyingArrayR2009a 0000000180079b16 f   libemlrt:libemlrt.dll
 0001:00078b1c       emlrtIsEnumR2009a          0000000180079b1c f   libemlrt:libemlrt.dll
 0001:00078b22       memset                     0000000180079b22 f   MSVCRT:MSVCR110.dll
 0001:00078b28       strlen                     0000000180079b28 f   MSVCRT:MSVCR110.dll
 0001:00078b30       __GSHandlerCheck           0000000180079b30 f   MSVCRT:gshandler.obj
 0001:00078b50       __GSHandlerCheckCommon     0000000180079b50 f   MSVCRT:gshandler.obj
 0001:00078bd0       __chkstk                   0000000180079bd0 f   MSVCRT:chkstk.obj
 0001:00078bd0       _alloca_probe              0000000180079bd0     MSVCRT:chkstk.obj
 0001:00078c30       __security_check_cookie    0000000180079c30 f   MSVCRT:amdsecgs.obj
 0001:00078c50       __raise_securityfailure    0000000180079c50 f   MSVCRT:gs_report.obj
 0001:00078c9c       __report_gsfailure         0000000180079c9c f   MSVCRT:gs_report.obj
 0001:00078d70       __report_rangecheckfailure 0000000180079d70 f   MSVCRT:gs_report.obj
 0001:00078d84       __report_securityfailure   0000000180079d84 f   MSVCRT:gs_report.obj
 0001:00078e20       __report_securityfailureEx 0000000180079e20 f   MSVCRT:gs_report.obj
 0001:00078f2e       memcpy                     0000000180079f2e f   MSVCRT:MSVCR110.dll
 0001:00078f34       strcat                     0000000180079f34 f   MSVCRT:MSVCR110.dll
 0001:00078f3a       strcmp                     0000000180079f3a f   MSVCRT:MSVCR110.dll
 0001:00078f40       sprintf                    0000000180079f40 f   MSVCRT:MSVCR110.dll
 0001:00078f46       free                       0000000180079f46 f   MSVCRT:MSVCR110.dll
 0001:00078f4c       malloc                     0000000180079f4c f   MSVCRT:MSVCR110.dll
 0001:00078fb4       NtCurrentTeb               0000000180079fb4 f i MSVCRT:crtdll.obj
 0001:00078fc0       _CRT_INIT                  0000000180079fc0 f   MSVCRT:crtdll.obj
 0001:0007920c       _DllMainCRTStartup         000000018007a20c f   MSVCRT:crtdll.obj
 0001:00079382       _setjmp                    000000018007a382 f   MSVCRT:MSVCR110.dll
 0001:00079388       strncpy                    000000018007a388 f   MSVCRT:MSVCR110.dll
 0001:0007938e       longjmp                    000000018007a38e f   MSVCRT:MSVCR110.dll
 0001:00079394       strncmp                    000000018007a394 f   MSVCRT:MSVCR110.dll
 0001:0007939a       ceil                       000000018007a39a f   MSVCRT:MSVCR110.dll
 0001:000793a0       strrchr                    000000018007a3a0 f   MSVCRT:MSVCR110.dll
 0001:000793a6       ldexp                      000000018007a3a6 f   MSVCRT:MSVCR110.dll
 0001:000793ac       __crt_debugger_hook        000000018007a3ac f   MSVCRT:MSVCR110.dll
 0001:000793b2       __crtUnhandledException    000000018007a3b2 f   MSVCRT:MSVCR110.dll
 0001:000793b8       __crtTerminateProcess      000000018007a3b8 f   MSVCRT:MSVCR110.dll
 0001:000793be       __crtCaptureCurrentContext 000000018007a3be f   MSVCRT:MSVCR110.dll
 0001:000793c4       __crtCapturePreviousContext 000000018007a3c4 f   MSVCRT:MSVCR110.dll
 0001:000793ca       __CppXcptFilter            000000018007a3ca f   MSVCRT:MSVCR110.dll
 0001:000793d0       _amsg_exit                 000000018007a3d0 f   MSVCRT:MSVCR110.dll
 0001:000793e0       _FindPESection             000000018007a3e0 f   MSVCRT:pesect.obj
 0001:00079430       _IsNonwritableInCurrentImage 000000018007a430 f   MSVCRT:pesect.obj
 0001:00079480       _ValidateImageBase         000000018007a480 f   MSVCRT:pesect.obj
 0001:000794b0       __atonexitinit             000000018007a4b0 f   MSVCRT:atonexit.obj
 0001:00079500       _onexit                    000000018007a500 f   MSVCRT:atonexit.obj
 0001:000795b0       atexit                     000000018007a5b0 f   MSVCRT:atonexit.obj
 0001:000795c8       __security_init_cookie     000000018007a5c8 f   MSVCRT:gs_support.obj
 0001:00079680       DllMain                    000000018007a680 f   MSVCRT:dllmain.obj
 0001:000796a4       _malloc_crt                000000018007a6a4 f   MSVCRT:MSVCR110.dll
 0001:000796ac       _RTC_Initialize            000000018007a6ac f   MSVCRT:initsect.obj
 0001:000796e4       _RTC_Terminate             000000018007a6e4 f   MSVCRT:initsect.obj
 0001:0007971c       _initterm                  000000018007a71c f   MSVCRT:MSVCR110.dll
 0001:00079722       _initterm_e                000000018007a722 f   MSVCRT:MSVCR110.dll
 0001:00079728       __clean_type_info_names    000000018007a728 f   MSVCRT:tncleanup.obj
 0001:00079734       __C_specific_handler       000000018007a734 f   MSVCRT:MSVCR110.dll
 0001:0007973a       _lock                      000000018007a73a f   MSVCRT:MSVCR110.dll
 0001:00079740       _unlock                    000000018007a740 f   MSVCRT:MSVCR110.dll
 0001:00079746       _calloc_crt                000000018007a746 f   MSVCRT:MSVCR110.dll
 0001:0007974c       __dllonexit                000000018007a74c f   MSVCRT:MSVCR110.dll
 0001:00079752       __clean_type_info_names_internal 000000018007a752 f   MSVCRT:MSVCR110.dll
 0001:00079758       IsDebuggerPresent          000000018007a758 f   kernel32:KERNEL32.dll
 0001:0007975e       IsProcessorFeaturePresent  000000018007a75e f   kernel32:KERNEL32.dll
 0001:00079764       EncodePointer              000000018007a764 f   kernel32:KERNEL32.dll
 0001:0007976a       DecodePointer              000000018007a76a f   kernel32:KERNEL32.dll
 0001:00079770       QueryPerformanceCounter    000000018007a770 f   kernel32:KERNEL32.dll
 0001:00079776       GetCurrentThreadId         000000018007a776 f   kernel32:KERNEL32.dll
 0001:0007977c       GetSystemTimeAsFileTime    000000018007a77c f   kernel32:KERNEL32.dll
 0001:00079782       GetTickCount64             000000018007a782 f   kernel32:KERNEL32.dll
 0001:00079788       DisableThreadLibraryCalls  000000018007a788 f   kernel32:KERNEL32.dll
 0002:00000000       __imp_IsProcessorFeaturePresent 000000018007b000     kernel32:KERNEL32.dll
 0002:00000008       __imp_IsDebuggerPresent    000000018007b008     kernel32:KERNEL32.dll
 0002:00000010       __imp_DecodePointer        000000018007b010     kernel32:KERNEL32.dll
 0002:00000018       __imp_QueryPerformanceCounter 000000018007b018     kernel32:KERNEL32.dll
 0002:00000020       __imp_GetCurrentThreadId   000000018007b020     kernel32:KERNEL32.dll
 0002:00000028       __imp_GetSystemTimeAsFileTime 000000018007b028     kernel32:KERNEL32.dll
 0002:00000030       __imp_GetTickCount64       000000018007b030     kernel32:KERNEL32.dll
 0002:00000038       __imp_DisableThreadLibraryCalls 000000018007b038     kernel32:KERNEL32.dll
 0002:00000040       __imp_EncodePointer        000000018007b040     kernel32:KERNEL32.dll
 0002:00000048       \177KERNEL32_NULL_THUNK_DATA 000000018007b048     kernel32:KERNEL32.dll
 0002:00000050       __imp___clean_type_info_names_internal 000000018007b050     MSVCRT:MSVCR110.dll
 0002:00000058       __imp__onexit              000000018007b058     MSVCRT:MSVCR110.dll
 0002:00000060       __imp___dllonexit          000000018007b060     MSVCRT:MSVCR110.dll
 0002:00000068       __imp__calloc_crt          000000018007b068     MSVCRT:MSVCR110.dll
 0002:00000070       __imp__unlock              000000018007b070     MSVCRT:MSVCR110.dll
 0002:00000078       __imp__lock                000000018007b078     MSVCRT:MSVCR110.dll
 0002:00000080       __imp___C_specific_handler 000000018007b080     MSVCRT:MSVCR110.dll
 0002:00000088       __imp__initterm_e          000000018007b088     MSVCRT:MSVCR110.dll
 0002:00000090       __imp__initterm            000000018007b090     MSVCRT:MSVCR110.dll
 0002:00000098       __imp__malloc_crt          000000018007b098     MSVCRT:MSVCR110.dll
 0002:000000a0       __imp__amsg_exit           000000018007b0a0     MSVCRT:MSVCR110.dll
 0002:000000a8       __imp___CppXcptFilter      000000018007b0a8     MSVCRT:MSVCR110.dll
 0002:000000b0       __imp___crtCapturePreviousContext 000000018007b0b0     MSVCRT:MSVCR110.dll
 0002:000000b8       __imp___crtCaptureCurrentContext 000000018007b0b8     MSVCRT:MSVCR110.dll
 0002:000000c0       __imp___crtTerminateProcess 000000018007b0c0     MSVCRT:MSVCR110.dll
 0002:000000c8       __imp___crtUnhandledException 000000018007b0c8     MSVCRT:MSVCR110.dll
 0002:000000d0       __imp___crt_debugger_hook  000000018007b0d0     MSVCRT:MSVCR110.dll
 0002:000000d8       __imp_ldexp                000000018007b0d8     MSVCRT:MSVCR110.dll
 0002:000000e0       __imp_strrchr              000000018007b0e0     MSVCRT:MSVCR110.dll
 0002:000000e8       __imp_ceil                 000000018007b0e8     MSVCRT:MSVCR110.dll
 0002:000000f0       __imp_strncmp              000000018007b0f0     MSVCRT:MSVCR110.dll
 0002:000000f8       __imp_longjmp              000000018007b0f8     MSVCRT:MSVCR110.dll
 0002:00000100       __imp_strncpy              000000018007b100     MSVCRT:MSVCR110.dll
 0002:00000108       __imp__setjmp              000000018007b108     MSVCRT:MSVCR110.dll
 0002:00000110       __imp_malloc               000000018007b110     MSVCRT:MSVCR110.dll
 0002:00000118       __imp_free                 000000018007b118     MSVCRT:MSVCR110.dll
 0002:00000120       __imp_sprintf              000000018007b120     MSVCRT:MSVCR110.dll
 0002:00000128       __imp_strcmp               000000018007b128     MSVCRT:MSVCR110.dll
 0002:00000130       __imp_strcat               000000018007b130     MSVCRT:MSVCR110.dll
 0002:00000138       __imp_memcpy               000000018007b138     MSVCRT:MSVCR110.dll
 0002:00000140       __imp_strlen               000000018007b140     MSVCRT:MSVCR110.dll
 0002:00000148       __imp_memset               000000018007b148     MSVCRT:MSVCR110.dll
 0002:00000150       \177MSVCR110_NULL_THUNK_DATA 000000018007b150     MSVCRT:MSVCR110.dll
[...]
 0004:000034d4       $pdata$get_data_info_helper 000000018009f4d4     sfc_debug:sfdb_symbol_scope.obj
 0004:000034e0       $pdata$1$get_data_info_helper 000000018009f4e0     sfc_debug:sfdb_symbol_scope.obj
 0004:000034ec       $pdata$2$get_data_info_helper 000000018009f4ec     sfc_debug:sfdb_symbol_scope.obj
 0004:000034f8       $pdata$3$get_data_info_helper 000000018009f4f8     sfc_debug:sfdb_symbol_scope.obj
 0004:00003504       $pdata$4$get_data_info_helper 000000018009f504     sfc_debug:sfdb_symbol_scope.obj
 0004:00003510       $pdata$5$get_data_info_helper 000000018009f510     sfc_debug:sfdb_symbol_scope.obj
 0004:0000351c       $pdata$6$get_data_info_helper 000000018009f51c     sfc_debug:sfdb_symbol_scope.obj
 0004:00003528       $pdata$sf_debug_ss_get_data_info 000000018009f528     sfc_debug:sfdb_symbol_scope.obj
 0004:00003534       $pdata$sf_debug_ss_set_data_value_try 000000018009f534     sfc_debug:sfdb_symbol_scope.obj
 0004:00003540       $pdata$sf_debug_ss_set_data_value 000000018009f540     sfc_debug:sfdb_symbol_scope.obj
 0004:0000354c       $pdata$sf_debug_ss_get_data_value 000000018009f54c     sfc_debug:sfdb_symbol_scope.obj
 0004:00003558       $pdata$getInstanceNumber   000000018009f558     sfc_debug:sfdb_symbol_scope.obj
 0004:00003564       $pdata$sf_debug_ss_watch_data 000000018009f564     sfc_debug:sfdb_symbol_scope.obj
 0004:00003570       $pdata$0$sf_debug_ss_watch_data 000000018009f570     sfc_debug:sfdb_symbol_scope.obj
 0004:0000357c       $pdata$1$sf_debug_ss_watch_data 000000018009f57c     sfc_debug:sfdb_symbol_scope.obj
 0004:00003588       $pdata$2$sf_debug_ss_watch_data 000000018009f588     sfc_debug:sfdb_symbol_scope.obj
 0004:00003594       $pdata$sf_debug_ss_assign_data 000000018009f594     sfc_debug:sfdb_symbol_scope.obj
 0004:000035a0       $pdata$sf_debug_ss_data_bytes_string 000000018009f5a0     sfc_debug:sfdb_symbol_scope.obj
 0004:000035ac       $pdata$sf_debug_ss_data_class_string 000000018009f5ac     sfc_debug:sfdb_symbol_scope.obj
 0004:000035b8       $pdata$1$sf_debug_ss_data_class_string 000000018009f5b8     sfc_debug:sfdb_symbol_scope.obj
 0004:000035c4       $pdata$2$sf_debug_ss_data_class_string 000000018009f5c4     sfc_debug:sfdb_symbol_scope.obj
 0004:000035d0       $pdata$3$sf_debug_ss_data_class_string 000000018009f5d0     sfc_debug:sfdb_symbol_scope.obj
 0004:000035dc       $pdata$4$sf_debug_ss_data_class_string 000000018009f5dc     sfc_debug:sfdb_symbol_scope.obj
 0004:000035e8       $pdata$sf_debug_ss_data_size_string 000000018009f5e8     sfc_debug:sfdb_symbol_scope.obj
 0004:000035f4       $pdata$0$sf_debug_ss_data_size_string 000000018009f5f4     sfc_debug:sfdb_symbol_scope.obj
 0004:00003600       $pdata$1$sf_debug_ss_data_size_string 000000018009f600     sfc_debug:sfdb_symbol_scope.obj
 0004:0000360c       $pdata$sf_debug_ss_data_create_data_info_struct 000000018009f60c     sfc_debug:sfdb_symbol_scope.obj
 0004:00003618       $pdata$1$sf_debug_ss_data_create_data_info_struct 000000018009f618     sfc_debug:sfdb_symbol_scope.obj
 0004:00003624       $pdata$2$sf_debug_ss_data_create_data_info_struct 000000018009f624     sfc_debug:sfdb_symbol_scope.obj
 0004:00003630       $pdata$sf_debug_ss_data_create_name_value_pair 000000018009f630     sfc_debug:sfdb_symbol_scope.obj
 0004:0000363c       $pdata$same_named_data_in_data_array 000000018009f63c     sfc_debug:sfdb_symbol_scope.obj
 0004:00003648       $pdata$sf_debug_ss_whos    000000018009f648     sfc_debug:sfdb_symbol_scope.obj
 0004:00003654       $pdata$sf_debug_cc_initialize_chart 000000018009f654     sfc_debug:sfdb_coverage.obj
 0004:00003660       $pdata$1$sf_debug_cc_initialize_chart 000000018009f660     sfc_debug:sfdb_coverage.obj
 0004:0000366c       $pdata$2$sf_debug_cc_initialize_chart 000000018009f66c     sfc_debug:sfdb_coverage.obj
 0004:00003678       $pdata$sf_debug_cc_initialize_instance 000000018009f678     sfc_debug:sfdb_coverage.obj
 0004:00003684       $pdata$2$sf_debug_cc_initialize_instance 000000018009f684     sfc_debug:sfdb_coverage.obj
 0004:00003690       $pdata$3$sf_debug_cc_initialize_instance 000000018009f690     sfc_debug:sfdb_coverage.obj
 0004:0000369c       $pdata$4$sf_debug_cc_initialize_instance 000000018009f69c     sfc_debug:sfdb_coverage.obj
 0004:000036a8       $pdata$sf_debug_cc_terminate_chart 000000018009f6a8     sfc_debug:sfdb_coverage.obj
 0004:000036b4       $pdata$0$sf_debug_cc_terminate_chart 000000018009f6b4     sfc_debug:sfdb_coverage.obj
 0004:000036c0       $pdata$2$sf_debug_cc_terminate_chart 000000018009f6c0     sfc_debug:sfdb_coverage.obj
 0004:000036cc       $pdata$3$sf_debug_cc_terminate_chart 000000018009f6cc     sfc_debug:sfdb_coverage.obj
 0004:000036d8       $pdata$4$sf_debug_cc_terminate_chart 000000018009f6d8     sfc_debug:sfdb_coverage.obj
 0004:000036e4       $pdata$sf_debug_cc_terminate_instance 000000018009f6e4     sfc_debug:sfdb_coverage.obj
 0004:000036f0       $pdata$sf_debug_cc_terminate 000000018009f6f0     sfc_debug:sfdb_coverage.obj
 0004:000036fc       $pdata$5$sf_debug_cc_terminate 000000018009f6fc     sfc_debug:sfdb_coverage.obj
 0004:00003708       $pdata$6$sf_debug_cc_terminate 000000018009f708     sfc_debug:sfdb_coverage.obj
 0004:00003714       $pdata$sf_debug_cc_set_transition_maps 000000018009f714     sfc_debug:sfdb_coverage.obj
 0004:00003720       $pdata$sf_debug_cc_set_transition_weights 000000018009f720     sfc_debug:sfdb_coverage.obj
 0004:0000372c       $pdata$sf_debug_cc_set_state_weights 000000018009f72c     sfc_debug:sfdb_coverage.obj
 0004:00003738       $pdata$sf_debug_cc_mark_object_if_needed 000000018009f738     sfc_debug:sfdb_coverage.obj
 0004:00003744       $pdata$sf_debug_cc_mark_transition_guard 000000018009f744     sfc_debug:sfdb_coverage.obj
 0004:00003750       $pdata$sf_debug_cc_mark_transition_trigger 000000018009f750     sfc_debug:sfdb_coverage.obj
 0004:0000375c       $pdata$sf_debug_cc_mark_transition_decision 000000018009f75c     sfc_debug:sfdb_coverage.obj
 0004:00003768       $pdata$sf_debug_bm_clear_script_breakpoints 000000018009f768     sfc_debug:sfdb_breakpoints.obj
 0004:00003774       $pdata$sf_debug_bm_set_script_breakpoint 000000018009f774     sfc_debug:sfdb_breakpoints.obj
 0004:00003780       $pdata$sf_debug_bm_clear_single_script_breakpoint 000000018009f780     sfc_debug:sfdb_breakpoints.obj
 0004:0000378c       $pdata$sf_debug_bm_query_script_breakpoint 000000018009f78c     sfc_debug:sfdb_breakpoints.obj
 0004:00003798       $pdata$sf_debug_bm_initialize_scripts 000000018009f798     sfc_debug:sfdb_breakpoints.obj
 0004:000037a4       $pdata$0$sf_debug_bm_initialize_scripts 000000018009f7a4     sfc_debug:sfdb_breakpoints.obj
 0004:000037b0       $pdata$2$sf_debug_bm_initialize_scripts 000000018009f7b0     sfc_debug:sfdb_breakpoints.obj
 0004:000037bc       $pdata$3$sf_debug_bm_initialize_scripts 000000018009f7bc     sfc_debug:sfdb_breakpoints.obj
 0004:000037c8       $pdata$4$sf_debug_bm_initialize_scripts 000000018009f7c8     sfc_debug:sfdb_breakpoints.obj
 0004:000037d4       $pdata$sf_debug_bm_initialize_eml 000000018009f7d4     sfc_debug:sfdb_breakpoints.obj
 0004:000037e0       $pdata$0$sf_debug_bm_initialize_eml 000000018009f7e0     sfc_debug:sfdb_breakpoints.obj
 0004:000037ec       $pdata$1$sf_debug_bm_initialize_eml 000000018009f7ec     sfc_debug:sfdb_breakpoints.obj
 0004:000037f8       $pdata$sf_debug_bm_terminate 000000018009f7f8     sfc_debug:sfdb_breakpoints.obj
 0004:00003804       $pdata$2$sf_debug_bm_terminate 000000018009f804     sfc_debug:sfdb_breakpoints.obj
 0004:00003810       $pdata$6$sf_debug_bm_terminate 000000018009f810     sfc_debug:sfdb_breakpoints.obj
 0004:0000381c       $pdata$7$sf_debug_bm_terminate 000000018009f81c     sfc_debug:sfdb_breakpoints.obj
 0004:00003828       $pdata$8$sf_debug_bm_terminate 000000018009f828     sfc_debug:sfdb_breakpoints.obj
 0004:00003834       $pdata$sf_debug_bm_remove_all_breakpoints_in_machine 000000018009f834     sfc_debug:sfdb_breakpoints.obj
 0004:00003840       $pdata$sf_debug_bm_remove_all_breakpoints_in_chart 000000018009f840     sfc_debug:sfdb_breakpoints.obj
 0004:0000384c       $pdata$sf_debug_bm_initialize_global_breakpoints 000000018009f84c     sfc_debug:sfdb_breakpoints.obj
 0004:00003858       $pdata$sf_debug_bm_set_breakpoint 000000018009f858     sfc_debug:sfdb_breakpoints.obj
 0004:00003864       $pdata$0$sf_debug_bm_set_breakpoint 000000018009f864     sfc_debug:sfdb_breakpoints.obj
 0004:00003870       $pdata$1$sf_debug_bm_set_breakpoint 000000018009f870     sfc_debug:sfdb_breakpoints.obj
 0004:0000387c       $pdata$2$sf_debug_bm_set_breakpoint 000000018009f87c     sfc_debug:sfdb_breakpoints.obj
 0004:00003888       $pdata$3$sf_debug_bm_set_breakpoint 000000018009f888     sfc_debug:sfdb_breakpoints.obj
 0004:00003894       $pdata$sf_debug_bm_set_eml_breakpoint 000000018009f894     sfc_debug:sfdb_breakpoints.obj
 0004:000038a0       $pdata$sf_debug_bm_map_debug_tag_to_breakpoint_tag 000000018009f8a0     sfc_debug:sfdb_breakpoints.obj
 0004:000038ac       $pdata$sf_debug_bm_is_a_eml_breakpoint_impl 000000018009f8ac     sfc_debug:sfdb_breakpoints.obj
 0004:000038b8       $pdata$sf_debug_bm_is_a_breakpoint 000000018009f8b8     sfc_debug:sfdb_breakpoints.obj
 0004:000038c4       $pdata$1$sf_debug_bm_is_a_breakpoint 000000018009f8c4     sfc_debug:sfdb_breakpoints.obj
 0004:000038d0       $pdata$2$sf_debug_bm_is_a_breakpoint 000000018009f8d0     sfc_debug:sfdb_breakpoints.obj
 0004:000038dc       $pdata$3$sf_debug_bm_is_a_breakpoint 000000018009f8dc     sfc_debug:sfdb_breakpoints.obj
 0004:000038e8       $pdata$4$sf_debug_bm_is_a_breakpoint 000000018009f8e8     sfc_debug:sfdb_breakpoints.obj
 0004:000038f4       $pdata$5$sf_debug_bm_is_a_breakpoint 000000018009f8f4     sfc_debug:sfdb_breakpoints.obj
 0004:00003900       $pdata$sf_debug_bm_get_all_breakpoints_in_machine 000000018009f900     sfc_debug:sfdb_breakpoints.obj
 0004:0000390c       $pdata$0$sf_debug_bm_get_all_breakpoints_in_machine 000000018009f90c     sfc_debug:sfdb_breakpoints.obj
 0004:00003918       $pdata$1$sf_debug_bm_get_all_breakpoints_in_machine 000000018009f918     sfc_debug:sfdb_breakpoints.obj
 0004:00003924       $pdata$2$sf_debug_bm_get_all_breakpoints_in_machine 000000018009f924     sfc_debug:sfdb_breakpoints.obj
 0004:00003930       $pdata$3$sf_debug_bm_get_all_breakpoints_in_machine 000000018009f930     sfc_debug:sfdb_breakpoints.obj
 0004:0000393c       $pdata$sf_debug_bm_get_all_breakpoints_in_chart 000000018009f93c     sfc_debug:sfdb_breakpoints.obj
 0004:00003948       $pdata$4$sf_debug_bm_get_all_breakpoints_in_chart 000000018009f948     sfc_debug:sfdb_breakpoints.obj
 0004:00003954       $pdata$5$sf_debug_bm_get_all_breakpoints_in_chart 000000018009f954     sfc_debug:sfdb_breakpoints.obj
 0004:00003960       $pdata$6$sf_debug_bm_get_all_breakpoints_in_chart 000000018009f960     sfc_debug:sfdb_breakpoints.obj
 0004:0000396c       $pdata$7$sf_debug_bm_get_all_breakpoints_in_chart 000000018009f96c     sfc_debug:sfdb_breakpoints.obj
 0004:00003978       $pdata$8$sf_debug_bm_get_all_breakpoints_in_chart 000000018009f978     sfc_debug:sfdb_breakpoints.obj
 0004:00003984       $pdata$sf_debug_bm_initialize_machine 000000018009f984     sfc_debug:sfdb_breakpoints.obj
 0004:00003990       $pdata$sf_debug_bm_initialize_chart 000000018009f990     sfc_debug:sfdb_breakpoints.obj
 0004:0000399c       $pdata$sf_debug_sc_push_on_error_stack 000000018009f99c     sfc_debug:sfdb_state_consistency.obj
 0004:000039a8       $pdata$sf_debug_sc_terminate 000000018009f9a8     sfc_debug:sfdb_state_consistency.obj
 0004:000039b4       $pdata$6$sf_debug_sc_terminate 000000018009f9b4     sfc_debug:sfdb_state_consistency.obj
 0004:000039c0       $pdata$7$sf_debug_sc_terminate 000000018009f9c0     sfc_debug:sfdb_state_consistency.obj
 0004:000039cc       $pdata$sf_debug_sc_is_state_inconsistent 000000018009f9cc     sfc_debug:sfdb_state_consistency.obj
 0004:000039d8       $pdata$0$sf_debug_sc_is_state_inconsistent 000000018009f9d8     sfc_debug:sfdb_state_consistency.obj
 0004:000039e4       $pdata$1$sf_debug_sc_is_state_inconsistent 000000018009f9e4     sfc_debug:sfdb_state_consistency.obj
 0004:000039f0       $pdata$sf_debug_sc_is_chart_consistent 000000018009f9f0     sfc_debug:sfdb_state_consistency.obj
 0004:000039fc       $pdata$sf_debug_sc_fill_consistency_info 000000018009f9fc     sfc_debug:sfdb_state_consistency.obj
 0004:00003a08       $pdata$1$sf_debug_sc_fill_consistency_info 000000018009fa08     sfc_debug:sfdb_state_consistency.obj
 0004:00003a14       $pdata$2$sf_debug_sc_fill_consistency_info 000000018009fa14     sfc_debug:sfdb_state_consistency.obj
 0004:00003a20       $pdata$sf_debug_sc_get_consistency_error_info 000000018009fa20     sfc_debug:sfdb_state_consistency.obj
 0004:00003a2c       $pdata$3$sf_debug_sc_get_consistency_error_info 000000018009fa2c     sfc_debug:sfdb_state_consistency.obj
 0004:00003a38       $pdata$4$sf_debug_sc_get_consistency_error_info 000000018009fa38     sfc_debug:sfdb_state_consistency.obj
 0004:00003a44       $pdata$sf_debug_tm_terminate 000000018009fa44     sfc_debug:sfdb_call_stack.obj
 0004:00003a50       $pdata$0$sf_debug_tm_terminate 000000018009fa50     sfc_debug:sfdb_call_stack.obj
 0004:00003a5c       $pdata$1$sf_debug_tm_terminate 000000018009fa5c     sfc_debug:sfdb_call_stack.obj
 0004:00003a68       $pdata$2$sf_debug_tm_terminate 000000018009fa68     sfc_debug:sfdb_call_stack.obj
 0004:00003a74       $pdata$3$sf_debug_tm_terminate 000000018009fa74     sfc_debug:sfdb_call_stack.obj
 0004:00003a80       $pdata$sf_debug_tm_push_chart_instance 000000018009fa80     sfc_debug:sfdb_call_stack.obj
 0004:00003a8c       $pdata$1$sf_debug_tm_push_chart_instance 000000018009fa8c     sfc_debug:sfdb_call_stack.obj
 0004:00003a98       $pdata$2$sf_debug_tm_push_chart_instance 000000018009fa98     sfc_debug:sfdb_call_stack.obj
 0004:00003aa4       $pdata$sf_debug_tm_push_trace_node 000000018009faa4     sfc_debug:sfdb_call_stack.obj
 0004:00003ab0       $pdata$0$sf_debug_tm_push_trace_node 000000018009fab0     sfc_debug:sfdb_call_stack.obj
 0004:00003abc       $pdata$7$sf_debug_tm_push_trace_node 000000018009fabc     sfc_debug:sfdb_call_stack.obj
 0004:00003ac8       $pdata$8$sf_debug_tm_push_trace_node 000000018009fac8     sfc_debug:sfdb_call_stack.obj
 0004:00003ad4       $pdata$sf_debug_tm_fill_local_trace 000000018009fad4     sfc_debug:sfdb_call_stack.obj
 0004:00003ae0       $pdata$1$sf_debug_tm_fill_local_trace 000000018009fae0     sfc_debug:sfdb_call_stack.obj
 0004:00003aec       $pdata$2$sf_debug_tm_fill_local_trace 000000018009faec     sfc_debug:sfdb_call_stack.obj
 0004:00003af8       $pdata$sf_debug_tm_browse_trace 000000018009faf8     sfc_debug:sfdb_call_stack.obj
 0004:00003b04       $pdata$4$sf_debug_tm_browse_trace 000000018009fb04     sfc_debug:sfdb_call_stack.obj
 0004:00003b10       $pdata$5$sf_debug_tm_browse_trace 000000018009fb10     sfc_debug:sfdb_call_stack.obj
 0004:00003b1c       $pdata$sf_debug_cd_initialize_instance 000000018009fb1c     sfc_debug:sfdb_cycle_detection.obj
 0004:00003b28       $pdata$sf_debug_cd_terminate_instance 000000018009fb28     sfc_debug:sfdb_cycle_detection.obj
 0004:00003b34       $pdata$sf_debug_cd_free_checksum_stack 000000018009fb34     sfc_debug:sfdb_cycle_detection.obj
 0004:00003b40       $pdata$0$sf_debug_cd_free_checksum_stack 000000018009fb40     sfc_debug:sfdb_cycle_detection.obj
 0004:00003b4c       $pdata$1$sf_debug_cd_free_checksum_stack 000000018009fb4c     sfc_debug:sfdb_cycle_detection.obj
 0004:00003b58       $pdata$sf_debug_cd_reset_pack_strings 000000018009fb58     sfc_debug:sfdb_cycle_detection.obj
 0004:00003b64       $pdata$6$sf_debug_cd_reset_pack_strings 000000018009fb64     sfc_debug:sfdb_cycle_detection.obj
 0004:00003b70       $pdata$7$sf_debug_cd_reset_pack_strings 000000018009fb70     sfc_debug:sfdb_cycle_detection.obj
 0004:00003b7c       $pdata$sf_debug_cd_mark_processed_transition_in_instance 000000018009fb7c     sfc_debug:sfdb_cycle_detection.obj
 0004:00003b88       $pdata$sf_debug_cd_checksum_push 000000018009fb88     sfc_debug:sfdb_cycle_detection.obj
 0004:00003b94       $pdata$4$sf_debug_cd_checksum_push 000000018009fb94     sfc_debug:sfdb_cycle_detection.obj
 0004:00003ba0       $pdata$5$sf_debug_cd_checksum_push 000000018009fba0     sfc_debug:sfdb_cycle_detection.obj
 0004:00003bac       $pdata$sf_debug_cd_checksum_pop 000000018009fbac     sfc_debug:sfdb_cycle_detection.obj
 0004:00003bb8       $pdata$0$sf_debug_cd_checksum_pop 000000018009fbb8     sfc_debug:sfdb_cycle_detection.obj
 0004:00003bc4       $pdata$1$sf_debug_cd_checksum_pop 000000018009fbc4     sfc_debug:sfdb_cycle_detection.obj
 0004:00003bd0       $pdata$sf_debug_cd_turn_off_cycle_detection 000000018009fbd0     sfc_debug:sfdb_cycle_detection.obj
 0004:00003bdc       $pdata$0$sf_debug_cd_turn_off_cycle_detection 000000018009fbdc     sfc_debug:sfdb_cycle_detection.obj
 0004:00003be8       $pdata$1$sf_debug_cd_turn_off_cycle_detection 000000018009fbe8     sfc_debug:sfdb_cycle_detection.obj
 0004:00003bf4       $pdata$sf_debug_cd_terminate 000000018009fbf4     sfc_debug:sfdb_cycle_detection.obj
 0004:00003c00       $pdata$5$sf_debug_cd_terminate 000000018009fc00     sfc_debug:sfdb_cycle_detection.obj
 0004:00003c0c       $pdata$6$sf_debug_cd_terminate 000000018009fc0c     sfc_debug:sfdb_cycle_detection.obj
 0004:00003c18       $pdata$MD5Transform        000000018009fc18     sfc_debug:ckmd5.obj
 0004:00003c24       $pdata$md5file_addn        000000018009fc24     sfc_debug:ckmd5.obj
 0004:00003c30       $pdata$md5file_hash        000000018009fc30     sfc_debug:ckmd5.obj
 0004:00003c3c       $pdata$md5_get_hash        000000018009fc3c     sfc_debug:ckmd5.obj
 0004:00003c48       $pdata$md5_get_hash_for_a_single_string 000000018009fc48     sfc_debug:ckmd5.obj
 0004:00003c54       $pdata$__GSHandlerCheck    000000018009fc54     MSVCRT:gshandler.obj
 0004:00003c60       $pdata$__GSHandlerCheckCommon 000000018009fc60     MSVCRT:gshandler.obj
 0004:00003c84       $pdata$__raise_securityfailure 000000018009fc84     MSVCRT:gs_report.obj
 0004:00003c90       $pdata$__report_gsfailure  000000018009fc90     MSVCRT:gs_report.obj
 0004:00003c9c       $pdata$__report_rangecheckfailure 000000018009fc9c     MSVCRT:gs_report.obj
 0004:00003ca8       $pdata$__report_securityfailure 000000018009fca8     MSVCRT:gs_report.obj
 0004:00003cb4       $pdata$__report_securityfailureEx 000000018009fcb4     MSVCRT:gs_report.obj
 0004:00003cc0       $pdata$pre_c_init          000000018009fcc0     MSVCRT:crtdll.obj
 0004:00003ccc       $pdata$_CRT_INIT           000000018009fccc     MSVCRT:crtdll.obj
 0004:00003cd8       $pdata$_DllMainCRTStartup  000000018009fcd8     MSVCRT:crtdll.obj
 0004:00003ce4       $pdata$__DllMainCRTStartup 000000018009fce4     MSVCRT:crtdll.obj
 0004:00003cf0       $pdata$_IsNonwritableInCurrentImage 000000018009fcf0     MSVCRT:pesect.obj
 0004:00003cfc       $pdata$__atonexitinit      000000018009fcfc     MSVCRT:atonexit.obj
 0004:00003d08       $pdata$_onexit             000000018009fd08     MSVCRT:atonexit.obj
 0004:00003d14       $pdata$atexit              000000018009fd14     MSVCRT:atonexit.obj
 0004:00003d20       $pdata$__security_init_cookie 000000018009fd20     MSVCRT:gs_support.obj
 0004:00003d2c       $pdata$DllMain             000000018009fd2c     MSVCRT:dllmain.obj
 0004:00003d38       $pdata$_RTC_Initialize     000000018009fd38     MSVCRT:initsect.obj
 0004:00003d44       $pdata$_RTC_Terminate      000000018009fd44     MSVCRT:initsect.obj
 0004:00003d50       $pdata$__DllMainCRTStartup$filt$0 000000018009fd50     MSVCRT:crtdll.obj
 0004:00003d5c       $pdata$__DllMainCRTStartup$fin$1 000000018009fd5c     MSVCRT:crtdll.obj
 0004:00003d68       $pdata$_IsNonwritableInCurrentImage$filt$0 000000018009fd68     MSVCRT:pesect.obj
 0004:00003d74       $pdata$_onexit$fin$0       000000018009fd74     MSVCRT:atonexit.obj
